Archive member included to satisfy reference by file (symbol)

c:/progra~1/raspbe~1/picosd~1.1/gcc-ar~1/bin/../lib/gcc/arm-none-eabi/10.3.1/thumb/v6-m/nofp\libgcc.a(_dvmd_tls.o)
                              CMakeFiles/clock.dir/C_/Program_Files/Raspberry_Pi/Pico_SDK_v1.5.1/pico-sdk/src/rp2_common/pico_divider/divider.S.obj (__aeabi_idiv0)
c:/progra~1/raspbe~1/picosd~1.1/gcc-ar~1/bin/../lib/gcc/arm-none-eabi/10.3.1/../../../../arm-none-eabi/lib/thumb/v6-m/nofp\libg.a(lib_a-calloc.o)
                              CMakeFiles/clock.dir/C_/Program_Files/Raspberry_Pi/Pico_SDK_v1.5.1/pico-sdk/src/rp2_common/pico_malloc/pico_malloc.c.obj (calloc)
c:/progra~1/raspbe~1/picosd~1.1/gcc-ar~1/bin/../lib/gcc/arm-none-eabi/10.3.1/../../../../arm-none-eabi/lib/thumb/v6-m/nofp\libg.a(lib_a-callocr.o)
                              c:/progra~1/raspbe~1/picosd~1.1/gcc-ar~1/bin/../lib/gcc/arm-none-eabi/10.3.1/../../../../arm-none-eabi/lib/thumb/v6-m/nofp\libg.a(lib_a-calloc.o) (_calloc_r)
c:/progra~1/raspbe~1/picosd~1.1/gcc-ar~1/bin/../lib/gcc/arm-none-eabi/10.3.1/../../../../arm-none-eabi/lib/thumb/v6-m/nofp\libg.a(lib_a-errno.o)
                              c:/progra~1/raspbe~1/picosd~1.1/gcc-ar~1/bin/../lib/gcc/arm-none-eabi/10.3.1/../../../../arm-none-eabi/lib/thumb/v6-m/nofp\libg.a(lib_a-callocr.o) (__errno)
c:/progra~1/raspbe~1/picosd~1.1/gcc-ar~1/bin/../lib/gcc/arm-none-eabi/10.3.1/../../../../arm-none-eabi/lib/thumb/v6-m/nofp\libg.a(lib_a-impure.o)
                              c:/progra~1/raspbe~1/picosd~1.1/gcc-ar~1/bin/../lib/gcc/arm-none-eabi/10.3.1/../../../../arm-none-eabi/lib/thumb/v6-m/nofp\libg.a(lib_a-calloc.o) (_impure_ptr)
c:/progra~1/raspbe~1/picosd~1.1/gcc-ar~1/bin/../lib/gcc/arm-none-eabi/10.3.1/../../../../arm-none-eabi/lib/thumb/v6-m/nofp\libg.a(lib_a-init.o)
                              c:/progra~1/raspbe~1/picosd~1.1/gcc-ar~1/bin/../lib/gcc/arm-none-eabi/10.3.1/../../../../arm-none-eabi/lib/thumb/v6-m/nofp/crt0.o (__libc_init_array)
c:/progra~1/raspbe~1/picosd~1.1/gcc-ar~1/bin/../lib/gcc/arm-none-eabi/10.3.1/../../../../arm-none-eabi/lib/thumb/v6-m/nofp\libg.a(lib_a-malloc.o)
                              CMakeFiles/clock.dir/C_/Program_Files/Raspberry_Pi/Pico_SDK_v1.5.1/pico-sdk/src/rp2_common/pico_malloc/pico_malloc.c.obj (malloc)
c:/progra~1/raspbe~1/picosd~1.1/gcc-ar~1/bin/../lib/gcc/arm-none-eabi/10.3.1/../../../../arm-none-eabi/lib/thumb/v6-m/nofp\libg.a(lib_a-mallocr.o)
                              c:/progra~1/raspbe~1/picosd~1.1/gcc-ar~1/bin/../lib/gcc/arm-none-eabi/10.3.1/../../../../arm-none-eabi/lib/thumb/v6-m/nofp\libg.a(lib_a-callocr.o) (_malloc_r)
c:/progra~1/raspbe~1/picosd~1.1/gcc-ar~1/bin/../lib/gcc/arm-none-eabi/10.3.1/../../../../arm-none-eabi/lib/thumb/v6-m/nofp\libg.a(lib_a-mlock.o)
                              c:/progra~1/raspbe~1/picosd~1.1/gcc-ar~1/bin/../lib/gcc/arm-none-eabi/10.3.1/../../../../arm-none-eabi/lib/thumb/v6-m/nofp\libg.a(lib_a-mallocr.o) (__malloc_lock)
c:/progra~1/raspbe~1/picosd~1.1/gcc-ar~1/bin/../lib/gcc/arm-none-eabi/10.3.1/../../../../arm-none-eabi/lib/thumb/v6-m/nofp\libg.a(lib_a-realloc.o)
                              CMakeFiles/clock.dir/C_/Program_Files/Raspberry_Pi/Pico_SDK_v1.5.1/pico-sdk/src/rp2_common/pico_malloc/pico_malloc.c.obj (realloc)
c:/progra~1/raspbe~1/picosd~1.1/gcc-ar~1/bin/../lib/gcc/arm-none-eabi/10.3.1/../../../../arm-none-eabi/lib/thumb/v6-m/nofp\libg.a(lib_a-reallocr.o)
                              c:/progra~1/raspbe~1/picosd~1.1/gcc-ar~1/bin/../lib/gcc/arm-none-eabi/10.3.1/../../../../arm-none-eabi/lib/thumb/v6-m/nofp\libg.a(lib_a-realloc.o) (_realloc_r)
c:/progra~1/raspbe~1/picosd~1.1/gcc-ar~1/bin/../lib/gcc/arm-none-eabi/10.3.1/../../../../arm-none-eabi/lib/thumb/v6-m/nofp\libg.a(lib_a-sbrkr.o)
                              c:/progra~1/raspbe~1/picosd~1.1/gcc-ar~1/bin/../lib/gcc/arm-none-eabi/10.3.1/../../../../arm-none-eabi/lib/thumb/v6-m/nofp\libg.a(lib_a-mallocr.o) (_sbrk_r)
c:/progra~1/raspbe~1/picosd~1.1/gcc-ar~1/bin/../lib/gcc/arm-none-eabi/10.3.1/../../../../arm-none-eabi/lib/thumb/v6-m/nofp\libg.a(lib_a-strlen-stub.o)
                              CMakeFiles/clock.dir/C_/Program_Files/Raspberry_Pi/Pico_SDK_v1.5.1/pico-sdk/src/rp2_common/pico_stdio/stdio.c.obj (strlen)
c:/progra~1/raspbe~1/picosd~1.1/gcc-ar~1/bin/../lib/gcc/arm-none-eabi/10.3.1/../../../../arm-none-eabi/lib/thumb/v6-m/nofp\libg.a(lib_a-freer.o)
                              c:/progra~1/raspbe~1/picosd~1.1/gcc-ar~1/bin/../lib/gcc/arm-none-eabi/10.3.1/../../../../arm-none-eabi/lib/thumb/v6-m/nofp\libg.a(lib_a-malloc.o) (_free_r)
c:/progra~1/raspbe~1/picosd~1.1/gcc-ar~1/bin/../lib/gcc/arm-none-eabi/10.3.1/../../../../arm-none-eabi/lib/thumb/v6-m/nofp\libg.a(lib_a-lock.o)
                              c:/progra~1/raspbe~1/picosd~1.1/gcc-ar~1/bin/../lib/gcc/arm-none-eabi/10.3.1/../../../../arm-none-eabi/lib/thumb/v6-m/nofp\libg.a(lib_a-mlock.o) (__retarget_lock_acquire_recursive)
[...]
Memory Configuration

Name             Origin             Length             Attributes
FLASH            0x10000000         0x00200000         xr
RAM              0x20000000         0x00040000         xrw
SCRATCH_X        0x20040000         0x00001000         xrw
SCRATCH_Y        0x20041000         0x00001000         xrw
*default*        0x00000000         0xffffffff

Linker script and memory map

LOAD c:/progra~1/raspbe~1/picosd~1.1/gcc-ar~1/bin/../lib/gcc/arm-none-eabi/10.3.1/thumb/v6-m/nofp/crti.o
LOAD c:/progra~1/raspbe~1/picosd~1.1/gcc-ar~1/bin/../lib/gcc/arm-none-eabi/10.3.1/thumb/v6-m/nofp/crtbegin.o
LOAD c:/progra~1/raspbe~1/picosd~1.1/gcc-ar~1/bin/../lib/gcc/arm-none-eabi/10.3.1/../../../../arm-none-eabi/lib/thumb/v6-m/nofp/crt0.o

.flash_begin    0x10000000        0x0
                0x10000000                __flash_binary_start = .

.boot2          0x10000000      0x100
                0x10000000                __boot2_start__ = .
 *(.boot2)
 .boot2         0x10000000      0x100 C:\Users\regue\AppData\Local\Temp\ccsYEW7q.o
                0x10000100                __boot2_end__ = .
                0x00000001                ASSERT (((__boot2_end__ - __boot2_start__) == 0x100), ERROR: Pico second stage bootloader must be 256 bytes in size)

.flashtext      0x10000100      0x1d8
                0x10000100                __logical_binary_start = .
 *(.vectors)
 .vectors       0x10000100       0xd4 CMakeFiles/clock.dir/C_/Program_Files/Raspberry_Pi/Pico_SDK_v1.5.1/pico-sdk/src/rp2_common/pico_standard_link/crt0.S.obj
                0x10000100                __VECTOR_TABLE
                0x10000100                __vectors
                0x100001c0                isr_invalid
                0x100001c0                __default_isrs_start
                0x100001c2                isr_nmi
                0x100001c4                isr_hardfault
                0x100001c6                isr_svcall
                0x100001c8                isr_pendsv
                0x100001ca                isr_systick
                0x100001cc                isr_irq23
                0x100001cc                isr_irq18
                0x100001cc                isr_irq11
                0x100001cc                isr_irq28
                0x100001cc                isr_irq19
                0x100001cc                isr_irq0
                0x100001cc                isr_irq6
                0x100001cc                isr_irq5
                0x100001cc                isr_irq12
                0x100001cc                isr_irq22
                0x100001cc                isr_irq31
                0x100001cc                isr_irq17
                0x100001cc                isr_irq27
                0x100001cc                isr_irq30
                0x100001cc                isr_irq2
                0x100001cc                isr_irq10
                0x100001cc                isr_irq8
                0x100001cc                isr_irq24
                0x100001cc                isr_irq1
                0x100001cc                isr_irq7
                0x100001cc                isr_irq21
                0x100001cc                isr_irq20
                0x100001cc                isr_irq15
                0x100001cc                isr_irq25
                0x100001cc                isr_irq13
                0x100001cc                __unhandled_user_irq
                0x100001cc                isr_irq4
                0x100001cc                isr_irq16
                0x100001cc                isr_irq29
                0x100001cc                isr_irq26
                0x100001cc                __default_isrs_end
                0x100001cc                isr_irq3
                0x100001cc                isr_irq14
                0x100001cc                isr_irq9
                0x100001d2                unhandled_user_irq_num_in_r0
 *(.binary_info_header)
 .binary_info_header
                0x100001d4       0x14 CMakeFiles/clock.dir/C_/Program_Files/Raspberry_Pi/Pico_SDK_v1.5.1/pico-sdk/src/rp2_common/pico_standard_link/crt0.S.obj
                0x100001e8                __binary_info_header_end = .
 *(.reset)
 .reset         0x100001e8       0xac CMakeFiles/clock.dir/C_/Program_Files/Raspberry_Pi/Pico_SDK_v1.5.1/pico-sdk/src/rp2_common/pico_standard_link/crt0.S.obj
                0x100001e8                _entry_point
 *fill*         0x10000294        0x4 
 .reset.__stub  0x10000298       0x10 linker stubs
 .reset         0x100002a8       0x30 CMakeFiles/clock.dir/C_/Program_Files/Raspberry_Pi/Pico_SDK_v1.5.1/pico-sdk/src/rp2_common/pico_standard_link/binary_info.c.obj

.rodata         0x100002d8        0x0
 *(SORT_BY_ALIGNMENT(SORT_BY_NAME(.flashdata*)))
                0x100002d8                . = ALIGN (0x4)

.ARM.extab
 *(.ARM.extab* .gnu.linkonce.armextab.*)
                0x100002d8                __exidx_start = .

.ARM.exidx
 *(.ARM.exidx* .gnu.linkonce.armexidx.*)
                0x100002d8                __exidx_end = .
                0x100002d8                . = ALIGN (0x4)
                0x100002d8                __binary_info_start = .

.binary_info    0x100002d8       0x30
 *(.binary_info.keep.*)
 .binary_info.keep.__bi_ptr22
                0x100002d8        0x4 CMakeFiles/clock.dir/C_/Program_Files/Raspberry_Pi/Pico_SDK_v1.5.1/pico-sdk/src/rp2_common/pico_standard_link/binary_info.c.obj
 .binary_info.keep.__bi_ptr30
                0x100002dc        0x4 CMakeFiles/clock.dir/C_/Program_Files/Raspberry_Pi/Pico_SDK_v1.5.1/pico-sdk/src/rp2_common/pico_standard_link/binary_info.c.obj
 .binary_info.keep.__bi_ptr38
                0x100002e0        0x4 CMakeFiles/clock.dir/C_/Program_Files/Raspberry_Pi/Pico_SDK_v1.5.1/pico-sdk/src/rp2_common/pico_standard_link/binary_info.c.obj
 .binary_info.keep.__bi_ptr44
                0x100002e4        0x4 CMakeFiles/clock.dir/C_/Program_Files/Raspberry_Pi/Pico_SDK_v1.5.1/pico-sdk/src/rp2_common/pico_standard_link/binary_info.c.obj
 .binary_info.keep.__bi_ptr50
                0x100002e8        0x4 CMakeFiles/clock.dir/C_/Program_Files/Raspberry_Pi/Pico_SDK_v1.5.1/pico-sdk/src/rp2_common/pico_standard_link/binary_info.c.obj
 .binary_info.keep.__bi_ptr69
                0x100002ec        0x4 CMakeFiles/clock.dir/C_/Program_Files/Raspberry_Pi/Pico_SDK_v1.5.1/pico-sdk/src/rp2_common/pico_standard_link/binary_info.c.obj
 .binary_info.keep.__bi_ptr75
                0x100002f0        0x4 CMakeFiles/clock.dir/C_/Program_Files/Raspberry_Pi/Pico_SDK_v1.5.1/pico-sdk/src/rp2_common/pico_standard_link/binary_info.c.obj
 .binary_info.keep.__bi_ptr81
                0x100002f4        0x4 CMakeFiles/clock.dir/C_/Program_Files/Raspberry_Pi/Pico_SDK_v1.5.1/pico-sdk/src/rp2_common/pico_standard_link/binary_info.c.obj
 .binary_info.keep.__bi_ptr91
                0x100002f8        0x4 CMakeFiles/clock.dir/C_/Program_Files/Raspberry_Pi/Pico_SDK_v1.5.1/pico-sdk/src/rp2_common/pico_standard_link/binary_info.c.obj
 *(.binary_info.*)
 .binary_info.__bi_ptr182
                0x100002fc        0x4 CMakeFiles/clock.dir/C_/Program_Files/Raspberry_Pi/Pico_SDK_v1.5.1/pico-sdk/src/rp2_common/pico_stdio_usb/stdio_usb.c.obj
 .binary_info.__bi_ptr33
                0x10000300        0x4 CMakeFiles/clock.dir/C_/Program_Files/Raspberry_Pi/Pico_SDK_v1.5.1/pico-sdk/src/rp2_common/pico_stdio_uart/stdio_uart.c.obj
 .binary_info.__bi_ptr34
                0x10000304        0x4 CMakeFiles/clock.dir/C_/Program_Files/Raspberry_Pi/Pico_SDK_v1.5.1/pico-sdk/src/rp2_common/pico_stdio_uart/stdio_uart.c.obj
                0x10000308                __binary_info_end = .
                0x10000308                . = ALIGN (0x4)

.ram_vector_table
                0x20000000       0xc0
 *(.ram_vector_table)
 .ram_vector_table
                0x20000000       0xc0 CMakeFiles/clock.dir/C_/Program_Files/Raspberry_Pi/Pico_SDK_v1.5.1/pico-sdk/src/rp2_common/pico_runtime/runtime.c.obj
                0x20000000                ram_vector_table

.text           0x200000c0     0x6f54 load address 0x10000308
                0x200000c0                __ram_text_start__ = .
 *(.init)
 .init          0x200000c0        0x4 c:/progra~1/raspbe~1/picosd~1.1/gcc-ar~1/bin/../lib/gcc/arm-none-eabi/10.3.1/thumb/v6-m/nofp/crti.o
                0x200000c0                _init
 *(.text*)
 .text          0x200000c4       0x48 c:/progra~1/raspbe~1/picosd~1.1/gcc-ar~1/bin/../lib/gcc/arm-none-eabi/10.3.1/thumb/v6-m/nofp/crtbegin.o
 .text.bootsel_pressed_safely
                0x2000010c       0x60 CMakeFiles/clock.dir/clock.c.obj
 .text.boot_press
                0x2000016c       0x38 CMakeFiles/clock.dir/clock.c.obj
 .text.main     0x200001a4       0x94 CMakeFiles/clock.dir/clock.c.obj
                0x200001a4                main
 .text.gpio_set_function
                0x20000238       0x30 CMakeFiles/clock.dir/C_/Program_Files/Raspberry_Pi/Pico_SDK_v1.5.1/pico-sdk/src/rp2_common/hardware_gpio/gpio.c.obj
                0x20000238                gpio_set_function
 .text.gpio_init
                0x20000268       0x16 CMakeFiles/clock.dir/C_/Program_Files/Raspberry_Pi/Pico_SDK_v1.5.1/pico-sdk/src/rp2_common/hardware_gpio/gpio.c.obj
                0x20000268                gpio_init
 *fill*         0x2000027e        0x2 
 .text.running_on_fpga
                0x20000280       0x14 CMakeFiles/clock.dir/C_/Program_Files/Raspberry_Pi/Pico_SDK_v1.5.1/pico-sdk/src/rp2_common/pico_platform/platform.c.obj
                0x20000280                running_on_fpga
 .text.hw_claim_lock
                0x20000294       0x18 CMakeFiles/clock.dir/C_/Program_Files/Raspberry_Pi/Pico_SDK_v1.5.1/pico-sdk/src/rp2_common/hardware_claim/claim.c.obj
                0x20000294                hw_claim_lock
 .text.hw_claim_unlock
                0x200002ac       0x14 CMakeFiles/clock.dir/C_/Program_Files/Raspberry_Pi/Pico_SDK_v1.5.1/pico-sdk/src/rp2_common/hardware_claim/claim.c.obj
                0x200002ac                hw_claim_unlock
 .text.hw_claim_or_assert
                0x200002c0       0x32 CMakeFiles/clock.dir/C_/Program_Files/Raspberry_Pi/Pico_SDK_v1.5.1/pico-sdk/src/rp2_common/hardware_claim/claim.c.obj
                0x200002c0                hw_claim_or_assert
 .text.hw_claim_unused_from_range
                0x200002f2       0x50 CMakeFiles/clock.dir/C_/Program_Files/Raspberry_Pi/Pico_SDK_v1.5.1/pico-sdk/src/rp2_common/hardware_claim/claim.c.obj
                0x200002f2                hw_claim_unused_from_range
 *fill*         0x20000342        0x2 
 .text.spin_locks_reset
                0x20000344       0x20 CMakeFiles/clock.dir/C_/Program_Files/Raspberry_Pi/Pico_SDK_v1.5.1/pico-sdk/src/rp2_common/hardware_sync/sync.c.obj
                0x20000344                spin_locks_reset
 .text.next_striped_spin_lock_num
                0x20000364       0x1c CMakeFiles/clock.dir/C_/Program_Files/Raspberry_Pi/Pico_SDK_v1.5.1/pico-sdk/src/rp2_common/hardware_sync/sync.c.obj
                0x20000364                next_striped_spin_lock_num
 .text.spin_lock_claim_unused
                0x20000380       0x20 CMakeFiles/clock.dir/C_/Program_Files/Raspberry_Pi/Pico_SDK_v1.5.1/pico-sdk/src/rp2_common/hardware_sync/sync.c.obj
                0x20000380                spin_lock_claim_unused
 .text.set_raw_irq_handler_and_unlock
                0x200003a0       0x28 CMakeFiles/clock.dir/C_/Program_Files/Raspberry_Pi/Pico_SDK_v1.5.1/pico-sdk/src/rp2_common/hardware_irq/irq.c.obj
 .text.make_branch
                0x200003c8       0x48 CMakeFiles/clock.dir/C_/Program_Files/Raspberry_Pi/Pico_SDK_v1.5.1/pico-sdk/src/rp2_common/hardware_irq/irq.c.obj
 .text.insert_branch_and_link
                0x20000410       0x40 CMakeFiles/clock.dir/C_/Program_Files/Raspberry_Pi/Pico_SDK_v1.5.1/pico-sdk/src/rp2_common/hardware_irq/irq.c.obj
 .text.irq_is_enabled
                0x20000450       0x18 CMakeFiles/clock.dir/C_/Program_Files/Raspberry_Pi/Pico_SDK_v1.5.1/pico-sdk/src/rp2_common/hardware_irq/irq.c.obj
                0x20000450                irq_is_enabled
 .text.irq_set_mask_enabled
                0x20000468       0x20 CMakeFiles/clock.dir/C_/Program_Files/Raspberry_Pi/Pico_SDK_v1.5.1/pico-sdk/src/rp2_common/hardware_irq/irq.c.obj
                0x20000468                irq_set_mask_enabled
 .text.irq_set_enabled
                0x20000488        0xe CMakeFiles/clock.dir/C_/Program_Files/Raspberry_Pi/Pico_SDK_v1.5.1/pico-sdk/src/rp2_common/hardware_irq/irq.c.obj
                0x20000488                irq_set_enabled
 *fill*         0x20000496        0x2 
 .text.irq_set_pending
                0x20000498       0x10 CMakeFiles/clock.dir/C_/Program_Files/Raspberry_Pi/Pico_SDK_v1.5.1/pico-sdk/src/rp2_common/hardware_irq/irq.c.obj
                0x20000498                irq_set_pending
 .text.irq_get_vtable_handler
                0x200004a8       0x10 CMakeFiles/clock.dir/C_/Program_Files/Raspberry_Pi/Pico_SDK_v1.5.1/pico-sdk/src/rp2_common/hardware_irq/irq.c.obj
                0x200004a8                irq_get_vtable_handler
 .text.irq_has_shared_handler
                0x200004b8       0x24 CMakeFiles/clock.dir/C_/Program_Files/Raspberry_Pi/Pico_SDK_v1.5.1/pico-sdk/src/rp2_common/hardware_irq/irq.c.obj
                0x200004b8                irq_has_shared_handler
 .text.irq_set_exclusive_handler
                0x200004dc       0x54 CMakeFiles/clock.dir/C_/Program_Files/Raspberry_Pi/Pico_SDK_v1.5.1/pico-sdk/src/rp2_common/hardware_irq/irq.c.obj
                0x200004dc                irq_set_exclusive_handler
 .text.irq_add_shared_handler
                0x20000530      0x234 CMakeFiles/clock.dir/C_/Program_Files/Raspberry_Pi/Pico_SDK_v1.5.1/pico-sdk/src/rp2_common/hardware_irq/irq.c.obj
                0x20000530                irq_add_shared_handler
 .text.irq_remove_handler
                0x20000764      0x1ac CMakeFiles/clock.dir/C_/Program_Files/Raspberry_Pi/Pico_SDK_v1.5.1/pico-sdk/src/rp2_common/hardware_irq/irq.c.obj
                0x20000764                irq_remove_handler
 .text.irq_add_tail_to_free_list
                0x20000910       0xf0 CMakeFiles/clock.dir/C_/Program_Files/Raspberry_Pi/Pico_SDK_v1.5.1/pico-sdk/src/rp2_common/hardware_irq/irq.c.obj
                0x20000910                irq_add_tail_to_free_list
 .text.irq_init_priorities
                0x20000a00       0x1c CMakeFiles/clock.dir/C_/Program_Files/Raspberry_Pi/Pico_SDK_v1.5.1/pico-sdk/src/rp2_common/hardware_irq/irq.c.obj
                0x20000a00                irq_init_priorities
 .text.user_irq_claim_unused
                0x20000a1c       0x28 CMakeFiles/clock.dir/C_/Program_Files/Raspberry_Pi/Pico_SDK_v1.5.1/pico-sdk/src/rp2_common/hardware_irq/irq.c.obj
                0x20000a1c                user_irq_claim_unused
 .text.lock_init
                0x20000a44       0x10 CMakeFiles/clock.dir/C_/Program_Files/Raspberry_Pi/Pico_SDK_v1.5.1/pico-sdk/src/common/pico_sync/lock_core.c.obj
                0x20000a44                lock_init
 .text.mutex_init
                0x20000a54       0x1a CMakeFiles/clock.dir/C_/Program_Files/Raspberry_Pi/Pico_SDK_v1.5.1/pico-sdk/src/common/pico_sync/mutex.c.obj
                0x20000a54                mutex_init
 .text.recursive_mutex_init
                0x20000a6e       0x1e CMakeFiles/clock.dir/C_/Program_Files/Raspberry_Pi/Pico_SDK_v1.5.1/pico-sdk/src/common/pico_sync/mutex.c.obj
                0x20000a6e                recursive_mutex_init
 .text.critical_section_init_with_lock_num
                0x20000a8c       0x14 CMakeFiles/clock.dir/C_/Program_Files/Raspberry_Pi/Pico_SDK_v1.5.1/pico-sdk/src/common/pico_sync/critical_section.c.obj
                0x20000a8c                critical_section_init_with_lock_num
 .text.critical_section_init
                0x20000aa0       0x14 CMakeFiles/clock.dir/C_/Program_Files/Raspberry_Pi/Pico_SDK_v1.5.1/pico-sdk/src/common/pico_sync/critical_section.c.obj
                0x20000aa0                critical_section_init
 .text.alarm_pool_post_alloc_init
                0x20000ab4       0x40 CMakeFiles/clock.dir/C_/Program_Files/Raspberry_Pi/Pico_SDK_v1.5.1/pico-sdk/src/common/pico_time/time.c.obj
 .text.sleep_until_callback
                0x20000af4       0x30 CMakeFiles/clock.dir/C_/Program_Files/Raspberry_Pi/Pico_SDK_v1.5.1/pico-sdk/src/common/pico_time/time.c.obj
 .text.timer_pool_entry_comparator
                0x20000b24       0x7c CMakeFiles/clock.dir/C_/Program_Files/Raspberry_Pi/Pico_SDK_v1.5.1/pico-sdk/src/common/pico_time/time.c.obj
                0x20000b24                timer_pool_entry_comparator
 .text.ph_add_child_node
                0x20000ba0       0xa4 CMakeFiles/clock.dir/C_/Program_Files/Raspberry_Pi/Pico_SDK_v1.5.1/pico-sdk/src/common/pico_time/time.c.obj
 .text.ph_merge_nodes
                0x20000c44       0x3e CMakeFiles/clock.dir/C_/Program_Files/Raspberry_Pi/Pico_SDK_v1.5.1/pico-sdk/src/common/pico_time/time.c.obj
 *fill*         0x20000c82        0x2 
 .text.add_alarm_under_lock
                0x20000c84      0x174 CMakeFiles/clock.dir/C_/Program_Files/Raspberry_Pi/Pico_SDK_v1.5.1/pico-sdk/src/common/pico_time/time.c.obj
 .text.alarm_pool_alarm_callback
                0x20000df8      0x33c CMakeFiles/clock.dir/C_/Program_Files/Raspberry_Pi/Pico_SDK_v1.5.1/pico-sdk/src/common/pico_time/time.c.obj
 .text.alarm_pool_init_default
                0x20001134       0x40 CMakeFiles/clock.dir/C_/Program_Files/Raspberry_Pi/Pico_SDK_v1.5.1/pico-sdk/src/common/pico_time/time.c.obj
                0x20001134                alarm_pool_init_default
 .text.alarm_pool_get_default
                0x20001174       0x2c CMakeFiles/clock.dir/C_/Program_Files/Raspberry_Pi/Pico_SDK_v1.5.1/pico-sdk/src/common/pico_time/time.c.obj
                0x20001174                alarm_pool_get_default
 .text.alarm_pool_add_alarm_at
                0x200011a0      0x168 CMakeFiles/clock.dir/C_/Program_Files/Raspberry_Pi/Pico_SDK_v1.5.1/pico-sdk/src/common/pico_time/time.c.obj
                0x200011a0                alarm_pool_add_alarm_at
 .text.alarm_pool_cancel_alarm
                0x20001308       0xf8 CMakeFiles/clock.dir/C_/Program_Files/Raspberry_Pi/Pico_SDK_v1.5.1/pico-sdk/src/common/pico_time/time.c.obj
                0x20001308                alarm_pool_cancel_alarm
 .text.alarm_pool_core_num
                0x20001400        0x4 CMakeFiles/clock.dir/C_/Program_Files/Raspberry_Pi/Pico_SDK_v1.5.1/pico-sdk/src/common/pico_time/time.c.obj
                0x20001400                alarm_pool_core_num
 .text.sleep_until
                0x20001404       0xfc CMakeFiles/clock.dir/C_/Program_Files/Raspberry_Pi/Pico_SDK_v1.5.1/pico-sdk/src/common/pico_time/time.c.obj
                0x20001404                sleep_until
 .text.sleep_us
                0x20001500       0x58 CMakeFiles/clock.dir/C_/Program_Files/Raspberry_Pi/Pico_SDK_v1.5.1/pico-sdk/src/common/pico_time/time.c.obj
                0x20001500                sleep_us
 .text.sleep_ms
                0x20001558       0x14 CMakeFiles/clock.dir/C_/Program_Files/Raspberry_Pi/Pico_SDK_v1.5.1/pico-sdk/src/common/pico_time/time.c.obj
                0x20001558                sleep_ms
 .text.best_effort_wfe_or_timeout
                0x2000156c       0xac CMakeFiles/clock.dir/C_/Program_Files/Raspberry_Pi/Pico_SDK_v1.5.1/pico-sdk/src/common/pico_time/time.c.obj
                0x2000156c                best_effort_wfe_or_timeout
 .text.hardware_alarm_irq_handler
                0x20001618       0x90 CMakeFiles/clock.dir/C_/Program_Files/Raspberry_Pi/Pico_SDK_v1.5.1/pico-sdk/src/rp2_common/hardware_timer/timer.c.obj
 .text.hardware_alarm_claim
                0x200016a8       0x18 CMakeFiles/clock.dir/C_/Program_Files/Raspberry_Pi/Pico_SDK_v1.5.1/pico-sdk/src/rp2_common/hardware_timer/timer.c.obj
                0x200016a8                hardware_alarm_claim
 .text.time_us_64
                0x200016c0       0x18 CMakeFiles/clock.dir/C_/Program_Files/Raspberry_Pi/Pico_SDK_v1.5.1/pico-sdk/src/rp2_common/hardware_timer/timer.c.obj
                0x200016c0                time_us_64
 .text.busy_wait_until
                0x200016d8       0x28 CMakeFiles/clock.dir/C_/Program_Files/Raspberry_Pi/Pico_SDK_v1.5.1/pico-sdk/src/rp2_common/hardware_timer/timer.c.obj
                0x200016d8                busy_wait_until
 .text.busy_wait_us
                0x20001700       0x48 CMakeFiles/clock.dir/C_/Program_Files/Raspberry_Pi/Pico_SDK_v1.5.1/pico-sdk/src/rp2_common/hardware_timer/timer.c.obj
                0x20001700                busy_wait_us
 .text.hardware_alarm_set_callback
                0x20001748       0x90 CMakeFiles/clock.dir/C_/Program_Files/Raspberry_Pi/Pico_SDK_v1.5.1/pico-sdk/src/rp2_common/hardware_timer/timer.c.obj
                0x20001748                hardware_alarm_set_callback
 .text.hardware_alarm_set_target
                0x200017d8       0xe8 CMakeFiles/clock.dir/C_/Program_Files/Raspberry_Pi/Pico_SDK_v1.5.1/pico-sdk/src/rp2_common/hardware_timer/timer.c.obj
                0x200017d8                hardware_alarm_set_target
 .text.hardware_alarm_cancel
                0x200018c0       0x40 CMakeFiles/clock.dir/C_/Program_Files/Raspberry_Pi/Pico_SDK_v1.5.1/pico-sdk/src/rp2_common/hardware_timer/timer.c.obj
                0x200018c0                hardware_alarm_cancel
 .text.ph_add_child_node
                0x20001900       0xa4 CMakeFiles/clock.dir/C_/Program_Files/Raspberry_Pi/Pico_SDK_v1.5.1/pico-sdk/src/common/pico_util/pheap.c.obj
 .text.ph_merge_nodes
                0x200019a4       0x3e CMakeFiles/clock.dir/C_/Program_Files/Raspberry_Pi/Pico_SDK_v1.5.1/pico-sdk/src/common/pico_util/pheap.c.obj
 *fill*         0x200019e2        0x2 
 .text.ph_clear
                0x200019e4       0x70 CMakeFiles/clock.dir/C_/Program_Files/Raspberry_Pi/Pico_SDK_v1.5.1/pico-sdk/src/common/pico_util/pheap.c.obj
                0x200019e4                ph_clear
 .text.ph_post_alloc_init
                0x20001a54        0xe CMakeFiles/clock.dir/C_/Program_Files/Raspberry_Pi/Pico_SDK_v1.5.1/pico-sdk/src/common/pico_util/pheap.c.obj
                0x20001a54                ph_post_alloc_init
 *fill*         0x20001a62        0x2 
 .text.ph_merge_two_pass
                0x20001a64       0xa8 CMakeFiles/clock.dir/C_/Program_Files/Raspberry_Pi/Pico_SDK_v1.5.1/pico-sdk/src/common/pico_util/pheap.c.obj
                0x20001a64                ph_merge_two_pass
 .text.ph_remove_any_head
                0x20001b0c      0x128 CMakeFiles/clock.dir/C_/Program_Files/Raspberry_Pi/Pico_SDK_v1.5.1/pico-sdk/src/common/pico_util/pheap.c.obj
 .text.ph_remove_head
                0x20001c34       0x14 CMakeFiles/clock.dir/C_/Program_Files/Raspberry_Pi/Pico_SDK_v1.5.1/pico-sdk/src/common/pico_util/pheap.c.obj
                0x20001c34                ph_remove_head
 .text.ph_remove_and_free_node
                0x20001c48       0xf8 CMakeFiles/clock.dir/C_/Program_Files/Raspberry_Pi/Pico_SDK_v1.5.1/pico-sdk/src/common/pico_util/pheap.c.obj
                0x20001c48                ph_remove_and_free_node
 .text.uart_disable_before_lcr_write
                0x20001d40       0x48 CMakeFiles/clock.dir/C_/Program_Files/Raspberry_Pi/Pico_SDK_v1.5.1/pico-sdk/src/rp2_common/hardware_uart/uart.c.obj
 .text.uart_write_lcr_bits_masked
                0x20001d88       0x22 CMakeFiles/clock.dir/C_/Program_Files/Raspberry_Pi/Pico_SDK_v1.5.1/pico-sdk/src/rp2_common/hardware_uart/uart.c.obj
 *fill*         0x20001daa        0x2 
 .text.uart_set_baudrate
                0x20001dac       0x5c CMakeFiles/clock.dir/C_/Program_Files/Raspberry_Pi/Pico_SDK_v1.5.1/pico-sdk/src/rp2_common/hardware_uart/uart.c.obj
                0x20001dac                uart_set_baudrate
 .text.uart_set_format
                0x20001e08       0x2c CMakeFiles/clock.dir/C_/Program_Files/Raspberry_Pi/Pico_SDK_v1.5.1/pico-sdk/src/rp2_common/hardware_uart/uart.c.obj
                0x20001e08                uart_set_format
 .text.uart_set_translate_crlf
                0x20001e34       0x28 CMakeFiles/clock.dir/C_/Program_Files/Raspberry_Pi/Pico_SDK_v1.5.1/pico-sdk/src/rp2_common/hardware_uart/uart.c.obj
                0x20001e34                uart_set_translate_crlf
 .text.uart_init
                0x20001e5c       0x80 CMakeFiles/clock.dir/C_/Program_Files/Raspberry_Pi/Pico_SDK_v1.5.1/pico-sdk/src/rp2_common/hardware_uart/uart.c.obj
                0x20001e5c                uart_init
 .text.clock_configure
                0x20001edc      0x108 CMakeFiles/clock.dir/C_/Program_Files/Raspberry_Pi/Pico_SDK_v1.5.1/pico-sdk/src/rp2_common/hardware_clocks/clocks.c.obj
                0x20001edc                clock_configure
 .text.clocks_init
                0x20001fe4      0x100 CMakeFiles/clock.dir/C_/Program_Files/Raspberry_Pi/Pico_SDK_v1.5.1/pico-sdk/src/rp2_common/hardware_clocks/clocks.c.obj
                0x20001fe4                clocks_init
 .text.clock_get_hz
                0x200020e4        0xc CMakeFiles/clock.dir/C_/Program_Files/Raspberry_Pi/Pico_SDK_v1.5.1/pico-sdk/src/rp2_common/hardware_clocks/clocks.c.obj
                0x200020e4                clock_get_hz
 .text.clock_gpio_init_int_frac
                0x200020f0       0x50 CMakeFiles/clock.dir/C_/Program_Files/Raspberry_Pi/Pico_SDK_v1.5.1/pico-sdk/src/rp2_common/hardware_clocks/clocks.c.obj
                0x200020f0                clock_gpio_init_int_frac
 .text.pll_init
                0x20002140      0x120 CMakeFiles/clock.dir/C_/Program_Files/Raspberry_Pi/Pico_SDK_v1.5.1/pico-sdk/src/rp2_common/hardware_pll/pll.c.obj
                0x20002140                pll_init
 .text.watchdog_start_tick
                0x20002260       0x10 CMakeFiles/clock.dir/C_/Program_Files/Raspberry_Pi/Pico_SDK_v1.5.1/pico-sdk/src/rp2_common/hardware_watchdog/watchdog.c.obj
                0x20002260                watchdog_start_tick
 .text.watchdog_update
                0x20002270       0x14 CMakeFiles/clock.dir/C_/Program_Files/Raspberry_Pi/Pico_SDK_v1.5.1/pico-sdk/src/rp2_common/hardware_watchdog/watchdog.c.obj
                0x20002270                watchdog_update
 .text._watchdog_enable
                0x20002284       0x78 CMakeFiles/clock.dir/C_/Program_Files/Raspberry_Pi/Pico_SDK_v1.5.1/pico-sdk/src/rp2_common/hardware_watchdog/watchdog.c.obj
                0x20002284                _watchdog_enable
 .text.watchdog_reboot
                0x200022fc       0x48 CMakeFiles/clock.dir/C_/Program_Files/Raspberry_Pi/Pico_SDK_v1.5.1/pico-sdk/src/rp2_common/hardware_watchdog/watchdog.c.obj
                0x200022fc                watchdog_reboot
 .text.xosc_init
                0x20002344       0x28 CMakeFiles/clock.dir/C_/Program_Files/Raspberry_Pi/Pico_SDK_v1.5.1/pico-sdk/src/rp2_common/hardware_xosc/xosc.c.obj
                0x20002344                xosc_init
 .text._exit    0x2000236c        0x4 CMakeFiles/clock.dir/C_/Program_Files/Raspberry_Pi/Pico_SDK_v1.5.1/pico-sdk/src/rp2_common/pico_runtime/runtime.c.obj
                0x2000236c                _exit
 .text.exit     0x20002370        0x6 CMakeFiles/clock.dir/C_/Program_Files/Raspberry_Pi/Pico_SDK_v1.5.1/pico-sdk/src/rp2_common/pico_runtime/runtime.c.obj
                0x20002370                exit
 *fill*         0x20002376        0x2 
 .text.__assert_func
                0x20002378       0x3c CMakeFiles/clock.dir/C_/Program_Files/Raspberry_Pi/Pico_SDK_v1.5.1/pico-sdk/src/rp2_common/pico_runtime/runtime.c.obj
                0x20002378                __assert_func
 .text.runtime_init
                0x200023b4       0xf8 CMakeFiles/clock.dir/C_/Program_Files/Raspberry_Pi/Pico_SDK_v1.5.1/pico-sdk/src/rp2_common/pico_runtime/runtime.c.obj
                0x200023b4                runtime_init
 .text.panic    0x200024ac       0x30 CMakeFiles/clock.dir/C_/Program_Files/Raspberry_Pi/Pico_SDK_v1.5.1/pico-sdk/src/rp2_common/pico_runtime/runtime.c.obj
                0x200024ac                panic
 .text._out_null
                0x200024dc        0x2 CMakeFiles/clock.dir/C_/Program_Files/Raspberry_Pi/Pico_SDK_v1.5.1/pico-sdk/src/rp2_common/pico_printf/printf.c.obj
 .text._out_fct
                0x200024de        0xe CMakeFiles/clock.dir/C_/Program_Files/Raspberry_Pi/Pico_SDK_v1.5.1/pico-sdk/src/rp2_common/pico_printf/printf.c.obj
 .text._atoi    0x200024ec       0x24 CMakeFiles/clock.dir/C_/Program_Files/Raspberry_Pi/Pico_SDK_v1.5.1/pico-sdk/src/rp2_common/pico_printf/printf.c.obj
 .text._out_rev
                0x20002510       0xae CMakeFiles/clock.dir/C_/Program_Files/Raspberry_Pi/Pico_SDK_v1.5.1/pico-sdk/src/rp2_common/pico_printf/printf.c.obj
 .text._ntoa_format
                0x200025be      0x112 CMakeFiles/clock.dir/C_/Program_Files/Raspberry_Pi/Pico_SDK_v1.5.1/pico-sdk/src/rp2_common/pico_printf/printf.c.obj
 .text._ntoa_long
                0x200026d0       0xbc CMakeFiles/clock.dir/C_/Program_Files/Raspberry_Pi/Pico_SDK_v1.5.1/pico-sdk/src/rp2_common/pico_printf/printf.c.obj
 .text._ntoa_long_long
                0x2000278c       0xe2 CMakeFiles/clock.dir/C_/Program_Files/Raspberry_Pi/Pico_SDK_v1.5.1/pico-sdk/src/rp2_common/pico_printf/printf.c.obj
 *fill*         0x2000286e        0x2 
 .text._etoa    0x20002870      0x414 CMakeFiles/clock.dir/C_/Program_Files/Raspberry_Pi/Pico_SDK_v1.5.1/pico-sdk/src/rp2_common/pico_printf/printf.c.obj
 .text._ftoa    0x20002c84      0x354 CMakeFiles/clock.dir/C_/Program_Files/Raspberry_Pi/Pico_SDK_v1.5.1/pico-sdk/src/rp2_common/pico_printf/printf.c.obj
 .text._vsnprintf
                0x20002fd8      0x624 CMakeFiles/clock.dir/C_/Program_Files/Raspberry_Pi/Pico_SDK_v1.5.1/pico-sdk/src/rp2_common/pico_printf/printf.c.obj
 .text.vfctprintf
                0x200035fc       0x20 CMakeFiles/clock.dir/C_/Program_Files/Raspberry_Pi/Pico_SDK_v1.5.1/pico-sdk/src/rp2_common/pico_printf/printf.c.obj
                0x200035fc                vfctprintf
 .text          0x2000361c       0x10 CMakeFiles/clock.dir/C_/Program_Files/Raspberry_Pi/Pico_SDK_v1.5.1/pico-sdk/src/rp2_common/pico_bit_ops/bit_ops_aeabi.S.obj
 .text.rom_func_lookup
                0x2000362c       0x10 CMakeFiles/clock.dir/C_/Program_Files/Raspberry_Pi/Pico_SDK_v1.5.1/pico-sdk/src/rp2_common/pico_bootrom/bootrom.c.obj
                0x2000362c                rom_func_lookup
 .text.rom_data_lookup
                0x2000363c       0x10 CMakeFiles/clock.dir/C_/Program_Files/Raspberry_Pi/Pico_SDK_v1.5.1/pico-sdk/src/rp2_common/pico_bootrom/bootrom.c.obj
                0x2000363c                rom_data_lookup
 .text.rom_funcs_lookup
                0x2000364c       0x36 CMakeFiles/clock.dir/C_/Program_Files/Raspberry_Pi/Pico_SDK_v1.5.1/pico-sdk/src/rp2_common/pico_bootrom/bootrom.c.obj
                0x2000364c                rom_funcs_lookup
 *fill*         0x20003682        0x2 
 .text.__wrap___aeabi_idiv
                0x20003684       0x50 CMakeFiles/clock.dir/C_/Program_Files/Raspberry_Pi/Pico_SDK_v1.5.1/pico-sdk/src/rp2_common/pico_divider/divider.S.obj
                0x20003684                __wrap___aeabi_idivmod
                0x20003684                divmod_s32s32
                0x20003684                div_s32s32
                0x20003684                __wrap___aeabi_idiv
                0x2000368c                divmod_s32s32_unsafe
                0x200036b8                divmod_s32s32_savestate
 .text.__wrap___aeabi_uidiv
                0x200036d4       0x4c CMakeFiles/clock.dir/C_/Program_Files/Raspberry_Pi/Pico_SDK_v1.5.1/pico-sdk/src/rp2_common/pico_divider/divider.S.obj
                0x200036d4                __wrap___aeabi_uidiv
                0x200036d4                __wrap___aeabi_uidivmod
                0x200036d4                div_u32u32
                0x200036d4                divmod_u32u32
                0x200036dc                divmod_u32u32_unsafe
                0x20003704                divmod_u32u32_savestate
 .text.__wrap___aeabi_ldiv
                0x20003720      0x424 CMakeFiles/clock.dir/C_/Program_Files/Raspberry_Pi/Pico_SDK_v1.5.1/pico-sdk/src/rp2_common/pico_divider/divider.S.obj
                0x20003720                div_s64s64
                0x20003720                divmod_s64s64
                0x20003720                __wrap___aeabi_ldivmod
                0x20003750                divmod_u64u64
                0x20003750                div_u64u64
                0x20003750                __wrap___aeabi_uldivmod
                0x20003760                divmod_u64u64_savestate
                0x20003780                divmod_s64s64_unsafe
                0x20003808                divmod_u64u64_unsafe
 .text.__wrap___aeabi_darithmetic
                0x20003b44       0x80 CMakeFiles/clock.dir/C_/Program_Files/Raspberry_Pi/Pico_SDK_v1.5.1/pico-sdk/src/rp2_common/pico_double/double_aeabi.S.obj
                0x20003b44                __wrap___aeabi_drsub
                0x20003b4a                __wrap___aeabi_dsub
                0x20003b5c                __wrap___aeabi_dadd
                0x20003b6e                __wrap___aeabi_ddiv
                0x20003baa                __wrap___aeabi_dmul
 .text.__wrap___aeabi_cdcmple
                0x20003bc4       0x6c CMakeFiles/clock.dir/C_/Program_Files/Raspberry_Pi/Pico_SDK_v1.5.1/pico-sdk/src/rp2_common/pico_double/double_aeabi.S.obj
                0x20003bc4                __wrap___aeabi_cdrcmple
                0x20003bd4                __wrap___aeabi_cdcmpeq
                0x20003bd4                __wrap___aeabi_cdcmple
 .text.__wrap___aeabi_dcmplt
                0x20003c30        0xc CMakeFiles/clock.dir/C_/Program_Files/Raspberry_Pi/Pico_SDK_v1.5.1/pico-sdk/src/rp2_common/pico_double/double_aeabi.S.obj
                0x20003c30                __wrap___aeabi_dcmplt
 .text.__wrap___aeabi_dcmple
                0x20003c3c       0x10 CMakeFiles/clock.dir/C_/Program_Files/Raspberry_Pi/Pico_SDK_v1.5.1/pico-sdk/src/rp2_common/pico_double/double_aeabi.S.obj
                0x20003c3c                __wrap___aeabi_dcmple
 .text.__wrap___aeabi_dcmpge
                0x20003c4c       0x10 CMakeFiles/clock.dir/C_/Program_Files/Raspberry_Pi/Pico_SDK_v1.5.1/pico-sdk/src/rp2_common/pico_double/double_aeabi.S.obj
                0x20003c4c                __wrap___aeabi_dcmpge
 .text.__wrap___aeabi_dcmpgt
                0x20003c5c        0xa CMakeFiles/clock.dir/C_/Program_Files/Raspberry_Pi/Pico_SDK_v1.5.1/pico-sdk/src/rp2_common/pico_double/double_aeabi.S.obj
                0x20003c5c                __wrap___aeabi_dcmpgt
 .text.__wrap___aeabi_dcmpun
                0x20003c66       0x1c CMakeFiles/clock.dir/C_/Program_Files/Raspberry_Pi/Pico_SDK_v1.5.1/pico-sdk/src/rp2_common/pico_double/double_aeabi.S.obj
                0x20003c66                __wrap___aeabi_dcmpun
 *fill*         0x20003c82        0x2 
 .text.__wrap___aeabi_i2d
                0x20003c84       0x38 CMakeFiles/clock.dir/C_/Program_Files/Raspberry_Pi/Pico_SDK_v1.5.1/pico-sdk/src/rp2_common/pico_double/double_aeabi.S.obj
                0x20003c84                __wrap___aeabi_ui2d
                0x20003c8c                __wrap___aeabi_i2d
 .text.__wrap___aeabi_d2iz
                0x20003cbc       0x48 CMakeFiles/clock.dir/C_/Program_Files/Raspberry_Pi/Pico_SDK_v1.5.1/pico-sdk/src/rp2_common/pico_double/double_aeabi.S.obj
                0x20003cbc                double2int_z
                0x20003cbc                __wrap___aeabi_d2iz
 .text.__wrap___aeabi_d2uiz
                0x20003d04       0x18 CMakeFiles/clock.dir/C_/Program_Files/Raspberry_Pi/Pico_SDK_v1.5.1/pico-sdk/src/rp2_common/pico_double/double_aeabi.S.obj
                0x20003d04                __wrap___aeabi_d2uiz
                0x20003d04                double2uint
 .text.__aeabi_double_init
                0x20003d1c       0xc8 CMakeFiles/clock.dir/C_/Program_Files/Raspberry_Pi/Pico_SDK_v1.5.1/pico-sdk/src/rp2_common/pico_double/double_init_rom.c.obj
                0x20003d1c                __aeabi_double_init
 .text.double_table_shim_on_use_helper
                0x20003de4       0x34 CMakeFiles/clock.dir/C_/Program_Files/Raspberry_Pi/Pico_SDK_v1.5.1/pico-sdk/src/rp2_common/pico_double/double_v1_rom_shim.S.obj
                0x20003de4                double_table_shim_on_use_helper
 .text.__wrap___aeabi_dsub
                0x20003e18       0x10 CMakeFiles/clock.dir/C_/Program_Files/Raspberry_Pi/Pico_SDK_v1.5.1/pico-sdk/src/rp2_common/pico_double/double_v1_rom_shim.S.obj
                0x20003e18                drsub_shim
                0x20003e1e                dsub_shim
 .text.dadd_shim
                0x20003e28      0x15c CMakeFiles/clock.dir/C_/Program_Files/Raspberry_Pi/Pico_SDK_v1.5.1/pico-sdk/src/rp2_common/pico_double/double_v1_rom_shim.S.obj
                0x20003e28                dadd_shim
 .text.dmul_shim
                0x20003f84      0x15c CMakeFiles/clock.dir/C_/Program_Files/Raspberry_Pi/Pico_SDK_v1.5.1/pico-sdk/src/rp2_common/pico_double/double_v1_rom_shim.S.obj
                0x20003f84                dmul_shim
 .text.ddiv_shim
                0x200040e0      0x1b0 CMakeFiles/clock.dir/C_/Program_Files/Raspberry_Pi/Pico_SDK_v1.5.1/pico-sdk/src/rp2_common/pico_double/double_v1_rom_shim.S.obj
                0x200040e0                ddiv_shim
 .text.double2uint_shim
                0x20004290        0xe CMakeFiles/clock.dir/C_/Program_Files/Raspberry_Pi/Pico_SDK_v1.5.1/pico-sdk/src/rp2_common/pico_double/double_v1_rom_shim.S.obj
                0x20004290                double2uint_shim
                0x20004292                double2ufix_shim
 *fill*         0x2000429e        0x2 
 .text.double2uint64_shim
                0x200042a0       0x70 CMakeFiles/clock.dir/C_/Program_Files/Raspberry_Pi/Pico_SDK_v1.5.1/pico-sdk/src/rp2_common/pico_double/double_v1_rom_shim.S.obj
                0x200042a0                double2uint64_shim
                0x200042a2                double2ufix64_shim
                0x200042c2                d2fix_a
 .text.dunpacks
                0x20004310       0x3c CMakeFiles/clock.dir/C_/Program_Files/Raspberry_Pi/Pico_SDK_v1.5.1/pico-sdk/src/rp2_common/pico_double/double_v1_rom_shim.S.obj
                0x20004310                dunpacks
 .text.__aeabi_lmul
                0x2000434c       0x32 CMakeFiles/clock.dir/C_/Program_Files/Raspberry_Pi/Pico_SDK_v1.5.1/pico-sdk/src/rp2_common/pico_int64_ops/pico_int64_ops_aeabi.S.obj
                0x2000434c                __wrap___aeabi_lmul
 *fill*         0x2000437e        0x2 
 .text.__aeabi_float_init
                0x20004380       0xfc CMakeFiles/clock.dir/C_/Program_Files/Raspberry_Pi/Pico_SDK_v1.5.1/pico-sdk/src/rp2_common/pico_float/float_init_rom.c.obj
                0x20004380                __aeabi_float_init
 .text.float_table_shim_on_use_helper
                0x2000447c       0x34 CMakeFiles/clock.dir/C_/Program_Files/Raspberry_Pi/Pico_SDK_v1.5.1/pico-sdk/src/rp2_common/pico_float/float_v1_rom_shim.S.obj
                0x2000447c                float_table_shim_on_use_helper
 .text          0x200044b0       0x10 CMakeFiles/clock.dir/C_/Program_Files/Raspberry_Pi/Pico_SDK_v1.5.1/pico-sdk/src/rp2_common/pico_mem_ops/mem_ops_aeabi.S.obj
                0x200044b0                __aeabi_mem_init
 .text.memset   0x200044c0        0xc CMakeFiles/clock.dir/C_/Program_Files/Raspberry_Pi/Pico_SDK_v1.5.1/pico-sdk/src/rp2_common/pico_mem_ops/mem_ops_aeabi.S.obj
                0x200044c0                __wrap_memset
 .text.memcpy   0x200044cc        0xc CMakeFiles/clock.dir/C_/Program_Files/Raspberry_Pi/Pico_SDK_v1.5.1/pico-sdk/src/rp2_common/pico_mem_ops/mem_ops_aeabi.S.obj
                0x200044cc                __wrap_memcpy
                0x200044cc                __wrap___aeabi_memcpy
 .text.stdio_out_chars_no_crlf
                0x200044d8        0xe CMakeFiles/clock.dir/C_/Program_Files/Raspberry_Pi/Pico_SDK_v1.5.1/pico-sdk/src/rp2_common/pico_stdio/stdio.c.obj
 *fill*         0x200044e6        0x2 
 .text.stdio_out_chars_crlf
                0x200044e8       0x80 CMakeFiles/clock.dir/C_/Program_Files/Raspberry_Pi/Pico_SDK_v1.5.1/pico-sdk/src/rp2_common/pico_stdio/stdio.c.obj
 .text.stdio_stack_buffer_flush
                0x20004568       0x44 CMakeFiles/clock.dir/C_/Program_Files/Raspberry_Pi/Pico_SDK_v1.5.1/pico-sdk/src/rp2_common/pico_stdio/stdio.c.obj
 .text.stdio_buffered_printer
                0x200045ac       0x20 CMakeFiles/clock.dir/C_/Program_Files/Raspberry_Pi/Pico_SDK_v1.5.1/pico-sdk/src/rp2_common/pico_stdio/stdio.c.obj
 .text.stdout_serialize_begin
                0x200045cc       0x5c CMakeFiles/clock.dir/C_/Program_Files/Raspberry_Pi/Pico_SDK_v1.5.1/pico-sdk/src/rp2_common/pico_stdio/stdio.c.obj
                0x200045cc                stdout_serialize_begin
 .text.stdout_serialize_end
                0x20004628       0x10 CMakeFiles/clock.dir/C_/Program_Files/Raspberry_Pi/Pico_SDK_v1.5.1/pico-sdk/src/rp2_common/pico_stdio/stdio.c.obj
                0x20004628                stdout_serialize_end
 .text.stdio_put_string
                0x20004638       0x98 CMakeFiles/clock.dir/C_/Program_Files/Raspberry_Pi/Pico_SDK_v1.5.1/pico-sdk/src/rp2_common/pico_stdio/stdio.c.obj
 .text.stdio_set_driver_enabled
                0x200046d0       0x2c CMakeFiles/clock.dir/C_/Program_Files/Raspberry_Pi/Pico_SDK_v1.5.1/pico-sdk/src/rp2_common/pico_stdio/stdio.c.obj
                0x200046d0                stdio_set_driver_enabled
 .text.stdio_flush
                0x200046fc       0x20 CMakeFiles/clock.dir/C_/Program_Files/Raspberry_Pi/Pico_SDK_v1.5.1/pico-sdk/src/rp2_common/pico_stdio/stdio.c.obj
                0x200046fc                stdio_flush
 .text.__wrap_puts
                0x2000471c       0x1e CMakeFiles/clock.dir/C_/Program_Files/Raspberry_Pi/Pico_SDK_v1.5.1/pico-sdk/src/rp2_common/pico_stdio/stdio.c.obj
                0x2000471c                __wrap_puts
 *fill*         0x2000473a        0x2 
 .text.__wrap_vprintf
                0x2000473c       0x40 CMakeFiles/clock.dir/C_/Program_Files/Raspberry_Pi/Pico_SDK_v1.5.1/pico-sdk/src/rp2_common/pico_stdio/stdio.c.obj
                0x2000473c                __wrap_vprintf
 .text.__wrap_printf
                0x2000477c       0x18 CMakeFiles/clock.dir/C_/Program_Files/Raspberry_Pi/Pico_SDK_v1.5.1/pico-sdk/src/rp2_common/pico_stdio/stdio.c.obj
                0x2000477c                __wrap_printf
 .text.stdio_init_all
                0x20004794        0xe CMakeFiles/clock.dir/C_/Program_Files/Raspberry_Pi/Pico_SDK_v1.5.1/pico-sdk/src/rp2_common/pico_stdio/stdio.c.obj
                0x20004794                stdio_init_all
 .text.resetd_init
                0x200047a2        0x2 CMakeFiles/clock.dir/C_/Program_Files/Raspberry_Pi/Pico_SDK_v1.5.1/pico-sdk/src/rp2_common/pico_stdio_usb/reset_interface.c.obj
 .text.resetd_reset
                0x200047a4        0xc CMakeFiles/clock.dir/C_/Program_Files/Raspberry_Pi/Pico_SDK_v1.5.1/pico-sdk/src/rp2_common/pico_stdio_usb/reset_interface.c.obj
 .text.resetd_open
                0x200047b0       0x34 CMakeFiles/clock.dir/C_/Program_Files/Raspberry_Pi/Pico_SDK_v1.5.1/pico-sdk/src/rp2_common/pico_stdio_usb/reset_interface.c.obj
 .text.resetd_xfer_cb
                0x200047e4        0x4 CMakeFiles/clock.dir/C_/Program_Files/Raspberry_Pi/Pico_SDK_v1.5.1/pico-sdk/src/rp2_common/pico_stdio_usb/reset_interface.c.obj
 .text.reset_usb_boot
                0x200047e8       0x18 CMakeFiles/clock.dir/C_/Program_Files/Raspberry_Pi/Pico_SDK_v1.5.1/pico-sdk/src/rp2_common/pico_stdio_usb/reset_interface.c.obj
 .text.resetd_control_xfer_cb
                0x20004800       0x5c CMakeFiles/clock.dir/C_/Program_Files/Raspberry_Pi/Pico_SDK_v1.5.1/pico-sdk/src/rp2_common/pico_stdio_usb/reset_interface.c.obj
 .text.usbd_app_driver_get_cb
                0x2000485c        0xc CMakeFiles/clock.dir/C_/Program_Files/Raspberry_Pi/Pico_SDK_v1.5.1/pico-sdk/src/rp2_common/pico_stdio_usb/reset_interface.c.obj
                0x2000485c                usbd_app_driver_get_cb
 .text.tud_cdc_line_coding_cb
                0x20004868       0x28 CMakeFiles/clock.dir/C_/Program_Files/Raspberry_Pi/Pico_SDK_v1.5.1/pico-sdk/src/rp2_common/pico_stdio_usb/reset_interface.c.obj
                0x20004868                tud_cdc_line_coding_cb
 .text.stdio_usb_set_chars_available_callback
                0x20004890       0x14 CMakeFiles/clock.dir/C_/Program_Files/Raspberry_Pi/Pico_SDK_v1.5.1/pico-sdk/src/rp2_common/pico_stdio_usb/stdio_usb.c.obj
                0x20004890                stdio_usb_set_chars_available_callback
 .text.usb_irq  0x200048a4       0x10 CMakeFiles/clock.dir/C_/Program_Files/Raspberry_Pi/Pico_SDK_v1.5.1/pico-sdk/src/rp2_common/pico_stdio_usb/stdio_usb.c.obj
 .text.timer_task
                0x200048b4       0x5c CMakeFiles/clock.dir/C_/Program_Files/Raspberry_Pi/Pico_SDK_v1.5.1/pico-sdk/src/rp2_common/pico_stdio_usb/stdio_usb.c.obj
 .text.low_priority_worker_irq
                0x20004910       0xdc CMakeFiles/clock.dir/C_/Program_Files/Raspberry_Pi/Pico_SDK_v1.5.1/pico-sdk/src/rp2_common/pico_stdio_usb/stdio_usb.c.obj
 .text.tud_cdc_rx_cb
                0x200049ec       0x20 CMakeFiles/clock.dir/C_/Program_Files/Raspberry_Pi/Pico_SDK_v1.5.1/pico-sdk/src/rp2_common/pico_stdio_usb/stdio_usb.c.obj
                0x200049ec                tud_cdc_rx_cb
 .text.stdio_usb_init
                0x20004a0c      0x11c CMakeFiles/clock.dir/C_/Program_Files/Raspberry_Pi/Pico_SDK_v1.5.1/pico-sdk/src/rp2_common/pico_stdio_usb/stdio_usb.c.obj
                0x20004a0c                stdio_usb_init
 .text.stdio_usb_connected
                0x20004b28        0xa CMakeFiles/clock.dir/C_/Program_Files/Raspberry_Pi/Pico_SDK_v1.5.1/pico-sdk/src/rp2_common/pico_stdio_usb/stdio_usb.c.obj
                0x20004b28                stdio_usb_connected
 *fill*         0x20004b32        0x2 
 .text.stdio_usb_in_chars
                0x20004b34       0xc4 CMakeFiles/clock.dir/C_/Program_Files/Raspberry_Pi/Pico_SDK_v1.5.1/pico-sdk/src/rp2_common/pico_stdio_usb/stdio_usb.c.obj
                0x20004b34                stdio_usb_in_chars
 .text.stdio_usb_out_chars
                0x20004bf8      0x114 CMakeFiles/clock.dir/C_/Program_Files/Raspberry_Pi/Pico_SDK_v1.5.1/pico-sdk/src/rp2_common/pico_stdio_usb/stdio_usb.c.obj
 .text.tud_descriptor_device_cb
                0x20004d0c        0x8 CMakeFiles/clock.dir/C_/Program_Files/Raspberry_Pi/Pico_SDK_v1.5.1/pico-sdk/src/rp2_common/pico_stdio_usb/stdio_usb_descriptors.c.obj
                0x20004d0c                tud_descriptor_device_cb
 .text.tud_descriptor_configuration_cb
                0x20004d14        0x8 CMakeFiles/clock.dir/C_/Program_Files/Raspberry_Pi/Pico_SDK_v1.5.1/pico-sdk/src/rp2_common/pico_stdio_usb/stdio_usb_descriptors.c.obj
                0x20004d14                tud_descriptor_configuration_cb
 .text.tud_descriptor_string_cb
                0x20004d1c       0x6c CMakeFiles/clock.dir/C_/Program_Files/Raspberry_Pi/Pico_SDK_v1.5.1/pico-sdk/src/rp2_common/pico_stdio_usb/stdio_usb_descriptors.c.obj
                0x20004d1c                tud_descriptor_string_cb
 .text._retrieve_unique_id_on_boot
                0x20004d88       0x10 CMakeFiles/clock.dir/C_/Program_Files/Raspberry_Pi/Pico_SDK_v1.5.1/pico-sdk/src/rp2_common/pico_unique_id/unique_id.c.obj
 .text.pico_get_unique_board_id_string
                0x20004d98       0x60 CMakeFiles/clock.dir/C_/Program_Files/Raspberry_Pi/Pico_SDK_v1.5.1/pico-sdk/src/rp2_common/pico_unique_id/unique_id.c.obj
                0x20004d98                pico_get_unique_board_id_string
 .text.flash_get_unique_id
                0x20004df8       0x46 CMakeFiles/clock.dir/C_/Program_Files/Raspberry_Pi/Pico_SDK_v1.5.1/pico-sdk/src/rp2_common/hardware_flash/flash.c.obj
                0x20004df8                flash_get_unique_id
 *fill*         0x20004e3e        0x2 
 .text.hw_endpoint_get_by_addr
                0x20004e40       0x18 CMakeFiles/clock.dir/C_/Program_Files/Raspberry_Pi/Pico_SDK_v1.5.1/pico-sdk/lib/tinyusb/src/portable/raspberrypi/rp2040/dcd_rp2040.c.obj
 .text._hw_endpoint_alloc
                0x20004e58       0x70 CMakeFiles/clock.dir/C_/Program_Files/Raspberry_Pi/Pico_SDK_v1.5.1/pico-sdk/lib/tinyusb/src/portable/raspberrypi/rp2040/dcd_rp2040.c.obj
 .text.hw_endpoint_init
                0x20004ec8       0x88 CMakeFiles/clock.dir/C_/Program_Files/Raspberry_Pi/Pico_SDK_v1.5.1/pico-sdk/lib/tinyusb/src/portable/raspberrypi/rp2040/dcd_rp2040.c.obj
 .text.hw_endpoint_xfer
                0x20004f50       0x14 CMakeFiles/clock.dir/C_/Program_Files/Raspberry_Pi/Pico_SDK_v1.5.1/pico-sdk/lib/tinyusb/src/portable/raspberrypi/rp2040/dcd_rp2040.c.obj
 .text.dcd_int_enable
                0x20004f64       0x2c CMakeFiles/clock.dir/C_/Program_Files/Raspberry_Pi/Pico_SDK_v1.5.1/pico-sdk/lib/tinyusb/src/portable/raspberrypi/rp2040/dcd_rp2040.c.obj
                0x20004f64                dcd_int_enable
 .text.dcd_set_address
                0x20004f90       0x2c CMakeFiles/clock.dir/C_/Program_Files/Raspberry_Pi/Pico_SDK_v1.5.1/pico-sdk/lib/tinyusb/src/portable/raspberrypi/rp2040/dcd_rp2040.c.obj
                0x20004f90                dcd_set_address
 .text.dcd_connect
                0x20004fbc       0x10 CMakeFiles/clock.dir/C_/Program_Files/Raspberry_Pi/Pico_SDK_v1.5.1/pico-sdk/lib/tinyusb/src/portable/raspberrypi/rp2040/dcd_rp2040.c.obj
                0x20004fbc                dcd_connect
 .text.dcd_init
                0x20004fcc       0x80 CMakeFiles/clock.dir/C_/Program_Files/Raspberry_Pi/Pico_SDK_v1.5.1/pico-sdk/lib/tinyusb/src/portable/raspberrypi/rp2040/dcd_rp2040.c.obj
                0x20004fcc                dcd_init
 .text.dcd_edpt0_status_complete
                0x2000504c       0x1c CMakeFiles/clock.dir/C_/Program_Files/Raspberry_Pi/Pico_SDK_v1.5.1/pico-sdk/lib/tinyusb/src/portable/raspberrypi/rp2040/dcd_rp2040.c.obj
                0x2000504c                dcd_edpt0_status_complete
 .text.dcd_edpt_open
                0x20005068       0x40 CMakeFiles/clock.dir/C_/Program_Files/Raspberry_Pi/Pico_SDK_v1.5.1/pico-sdk/lib/tinyusb/src/portable/raspberrypi/rp2040/dcd_rp2040.c.obj
                0x20005068                dcd_edpt_open
 .text.dcd_edpt_close_all
                0x200050a8        0x8 CMakeFiles/clock.dir/C_/Program_Files/Raspberry_Pi/Pico_SDK_v1.5.1/pico-sdk/lib/tinyusb/src/portable/raspberrypi/rp2040/dcd_rp2040.c.obj
                0x200050a8                dcd_edpt_close_all
 .text.dcd_edpt_xfer
                0x200050b0       0x34 CMakeFiles/clock.dir/C_/Program_Files/Raspberry_Pi/Pico_SDK_v1.5.1/pico-sdk/lib/tinyusb/src/portable/raspberrypi/rp2040/dcd_rp2040.c.obj
                0x200050b0                dcd_edpt_xfer
 .text.dcd_edpt_stall
                0x200050e4       0x2c CMakeFiles/clock.dir/C_/Program_Files/Raspberry_Pi/Pico_SDK_v1.5.1/pico-sdk/lib/tinyusb/src/portable/raspberrypi/rp2040/dcd_rp2040.c.obj
                0x200050e4                dcd_edpt_stall
 .text.dcd_edpt_clear_stall
                0x20005110       0x20 CMakeFiles/clock.dir/C_/Program_Files/Raspberry_Pi/Pico_SDK_v1.5.1/pico-sdk/lib/tinyusb/src/portable/raspberrypi/rp2040/dcd_rp2040.c.obj
                0x20005110                dcd_edpt_clear_stall
 .text.rp2040_usb_init
                0x20005130       0x4c CMakeFiles/clock.dir/C_/Program_Files/Raspberry_Pi/Pico_SDK_v1.5.1/pico-sdk/lib/tinyusb/src/portable/raspberrypi/rp2040/rp2040_usb.c.obj
                0x20005130                rp2040_usb_init
 .text.hw_endpoint_xfer_start
                0x2000517c       0x50 CMakeFiles/clock.dir/C_/Program_Files/Raspberry_Pi/Pico_SDK_v1.5.1/pico-sdk/lib/tinyusb/src/portable/raspberrypi/rp2040/rp2040_usb.c.obj
                0x2000517c                hw_endpoint_xfer_start
 .text.configuration_reset
                0x200051cc       0x84 CMakeFiles/clock.dir/C_/Program_Files/Raspberry_Pi/Pico_SDK_v1.5.1/pico-sdk/lib/tinyusb/src/device/usbd.c.obj
 .text.usbd_reset
                0x20005250        0xc CMakeFiles/clock.dir/C_/Program_Files/Raspberry_Pi/Pico_SDK_v1.5.1/pico-sdk/lib/tinyusb/src/device/usbd.c.obj
 .text.invoke_class_control
                0x2000525c       0x1a CMakeFiles/clock.dir/C_/Program_Files/Raspberry_Pi/Pico_SDK_v1.5.1/pico-sdk/lib/tinyusb/src/device/usbd.c.obj
 *fill*         0x20005276        0x2 
 .text.process_set_config
                0x20005278      0x178 CMakeFiles/clock.dir/C_/Program_Files/Raspberry_Pi/Pico_SDK_v1.5.1/pico-sdk/lib/tinyusb/src/device/usbd.c.obj
 .text.process_get_descriptor
                0x200053f0       0xdc CMakeFiles/clock.dir/C_/Program_Files/Raspberry_Pi/Pico_SDK_v1.5.1/pico-sdk/lib/tinyusb/src/device/usbd.c.obj
 .text.tud_mounted
                0x200054cc       0x10 CMakeFiles/clock.dir/C_/Program_Files/Raspberry_Pi/Pico_SDK_v1.5.1/pico-sdk/lib/tinyusb/src/device/usbd.c.obj
                0x200054cc                tud_mounted
 .text.tud_suspended
                0x200054dc       0x10 CMakeFiles/clock.dir/C_/Program_Files/Raspberry_Pi/Pico_SDK_v1.5.1/pico-sdk/lib/tinyusb/src/device/usbd.c.obj
                0x200054dc                tud_suspended
 .text.tud_inited
                0x200054ec       0x14 CMakeFiles/clock.dir/C_/Program_Files/Raspberry_Pi/Pico_SDK_v1.5.1/pico-sdk/lib/tinyusb/src/device/usbd.c.obj
                0x200054ec                tud_inited
 .text.tud_init
                0x20005500       0xcc CMakeFiles/clock.dir/C_/Program_Files/Raspberry_Pi/Pico_SDK_v1.5.1/pico-sdk/lib/tinyusb/src/device/usbd.c.obj
                0x20005500                tud_init
 .text.usbd_defer_func
                0x200055cc       0x2a CMakeFiles/clock.dir/C_/Program_Files/Raspberry_Pi/Pico_SDK_v1.5.1/pico-sdk/lib/tinyusb/src/device/usbd.c.obj
                0x200055cc                usbd_defer_func
 *fill*         0x200055f6        0x2 
 .text.usbd_edpt_open
                0x200055f8       0x34 CMakeFiles/clock.dir/C_/Program_Files/Raspberry_Pi/Pico_SDK_v1.5.1/pico-sdk/lib/tinyusb/src/device/usbd.c.obj
                0x200055f8                usbd_edpt_open
 .text.usbd_open_edpt_pair
                0x2000562c       0x62 CMakeFiles/clock.dir/C_/Program_Files/Raspberry_Pi/Pico_SDK_v1.5.1/pico-sdk/lib/tinyusb/src/device/usbd.c.obj
                0x2000562c                usbd_open_edpt_pair
 *fill*         0x2000568e        0x2 
 .text.usbd_edpt_claim
                0x20005690       0x28 CMakeFiles/clock.dir/C_/Program_Files/Raspberry_Pi/Pico_SDK_v1.5.1/pico-sdk/lib/tinyusb/src/device/usbd.c.obj
                0x20005690                usbd_edpt_claim
 .text.usbd_edpt_release
                0x200056b8       0x28 CMakeFiles/clock.dir/C_/Program_Files/Raspberry_Pi/Pico_SDK_v1.5.1/pico-sdk/lib/tinyusb/src/device/usbd.c.obj
                0x200056b8                usbd_edpt_release
 .text.usbd_edpt_xfer
                0x200056e0       0x78 CMakeFiles/clock.dir/C_/Program_Files/Raspberry_Pi/Pico_SDK_v1.5.1/pico-sdk/lib/tinyusb/src/device/usbd.c.obj
                0x200056e0                usbd_edpt_xfer
 .text.usbd_edpt_stall
                0x20005758       0x48 CMakeFiles/clock.dir/C_/Program_Files/Raspberry_Pi/Pico_SDK_v1.5.1/pico-sdk/lib/tinyusb/src/device/usbd.c.obj
                0x20005758                usbd_edpt_stall
 .text.usbd_edpt_clear_stall
                0x200057a0       0x48 CMakeFiles/clock.dir/C_/Program_Files/Raspberry_Pi/Pico_SDK_v1.5.1/pico-sdk/lib/tinyusb/src/device/usbd.c.obj
                0x200057a0                usbd_edpt_clear_stall
 .text.usbd_edpt_stalled
                0x200057e8       0x1c CMakeFiles/clock.dir/C_/Program_Files/Raspberry_Pi/Pico_SDK_v1.5.1/pico-sdk/lib/tinyusb/src/device/usbd.c.obj
                0x200057e8                usbd_edpt_stalled
 .text.process_control_request
                0x20005804      0x37c CMakeFiles/clock.dir/C_/Program_Files/Raspberry_Pi/Pico_SDK_v1.5.1/pico-sdk/lib/tinyusb/src/device/usbd.c.obj
 .text.tud_task_ext
                0x20005b80      0x1b8 CMakeFiles/clock.dir/C_/Program_Files/Raspberry_Pi/Pico_SDK_v1.5.1/pico-sdk/lib/tinyusb/src/device/usbd.c.obj
                0x20005b80                tud_task_ext
 .text._data_stage_xact
                0x20005d38       0x58 CMakeFiles/clock.dir/C_/Program_Files/Raspberry_Pi/Pico_SDK_v1.5.1/pico-sdk/lib/tinyusb/src/device/usbd_control.c.obj
 .text.tud_control_status
                0x20005d90       0x38 CMakeFiles/clock.dir/C_/Program_Files/Raspberry_Pi/Pico_SDK_v1.5.1/pico-sdk/lib/tinyusb/src/device/usbd_control.c.obj
                0x20005d90                tud_control_status
 .text.tud_control_xfer
                0x20005dc8       0x74 CMakeFiles/clock.dir/C_/Program_Files/Raspberry_Pi/Pico_SDK_v1.5.1/pico-sdk/lib/tinyusb/src/device/usbd_control.c.obj
                0x20005dc8                tud_control_xfer
 .text.usbd_control_reset
                0x20005e3c       0x14 CMakeFiles/clock.dir/C_/Program_Files/Raspberry_Pi/Pico_SDK_v1.5.1/pico-sdk/lib/tinyusb/src/device/usbd_control.c.obj
                0x20005e3c                usbd_control_reset
 .text.usbd_control_set_complete_callback
                0x20005e50        0xc CMakeFiles/clock.dir/C_/Program_Files/Raspberry_Pi/Pico_SDK_v1.5.1/pico-sdk/lib/tinyusb/src/device/usbd_control.c.obj
                0x20005e50                usbd_control_set_complete_callback
 .text.usbd_control_set_request
                0x20005e5c       0x1c CMakeFiles/clock.dir/C_/Program_Files/Raspberry_Pi/Pico_SDK_v1.5.1/pico-sdk/lib/tinyusb/src/device/usbd_control.c.obj
                0x20005e5c                usbd_control_set_request
 .text.usbd_control_xfer_cb
                0x20005e78       0xcc CMakeFiles/clock.dir/C_/Program_Files/Raspberry_Pi/Pico_SDK_v1.5.1/pico-sdk/lib/tinyusb/src/device/usbd_control.c.obj
                0x20005e78                usbd_control_xfer_cb
 .text._prep_out_transaction
                0x20005f44       0x4a CMakeFiles/clock.dir/C_/Program_Files/Raspberry_Pi/Pico_SDK_v1.5.1/pico-sdk/lib/tinyusb/src/class/cdc/cdc_device.c.obj
 *fill*         0x20005f8e        0x2 
 .text.tud_cdc_n_connected
                0x20005f90       0x44 CMakeFiles/clock.dir/C_/Program_Files/Raspberry_Pi/Pico_SDK_v1.5.1/pico-sdk/lib/tinyusb/src/class/cdc/cdc_device.c.obj
                0x20005f90                tud_cdc_n_connected
 .text.tud_cdc_n_available
                0x20005fd4       0x18 CMakeFiles/clock.dir/C_/Program_Files/Raspberry_Pi/Pico_SDK_v1.5.1/pico-sdk/lib/tinyusb/src/class/cdc/cdc_device.c.obj
                0x20005fd4                tud_cdc_n_available
 .text.tud_cdc_n_read
                0x20005fec       0x28 CMakeFiles/clock.dir/C_/Program_Files/Raspberry_Pi/Pico_SDK_v1.5.1/pico-sdk/lib/tinyusb/src/class/cdc/cdc_device.c.obj
                0x20005fec                tud_cdc_n_read
 .text.tud_cdc_n_write_flush
                0x20006014       0xb8 CMakeFiles/clock.dir/C_/Program_Files/Raspberry_Pi/Pico_SDK_v1.5.1/pico-sdk/lib/tinyusb/src/class/cdc/cdc_device.c.obj
                0x20006014                tud_cdc_n_write_flush
 .text.tud_cdc_n_write
                0x200060cc       0x38 CMakeFiles/clock.dir/C_/Program_Files/Raspberry_Pi/Pico_SDK_v1.5.1/pico-sdk/lib/tinyusb/src/class/cdc/cdc_device.c.obj
                0x200060cc                tud_cdc_n_write
 .text.tud_cdc_n_write_available
                0x20006104       0x1c CMakeFiles/clock.dir/C_/Program_Files/Raspberry_Pi/Pico_SDK_v1.5.1/pico-sdk/lib/tinyusb/src/class/cdc/cdc_device.c.obj
                0x20006104                tud_cdc_n_write_available
 .text.cdcd_init
                0x20006120       0xbc CMakeFiles/clock.dir/C_/Program_Files/Raspberry_Pi/Pico_SDK_v1.5.1/pico-sdk/lib/tinyusb/src/class/cdc/cdc_device.c.obj
                0x20006120                cdcd_init
 .text.cdcd_reset
                0x200061dc       0x44 CMakeFiles/clock.dir/C_/Program_Files/Raspberry_Pi/Pico_SDK_v1.5.1/pico-sdk/lib/tinyusb/src/class/cdc/cdc_device.c.obj
                0x200061dc                cdcd_reset
 .text.cdcd_open
                0x20006220       0xcc CMakeFiles/clock.dir/C_/Program_Files/Raspberry_Pi/Pico_SDK_v1.5.1/pico-sdk/lib/tinyusb/src/class/cdc/cdc_device.c.obj
                0x20006220                cdcd_open
 .text.cdcd_control_xfer_cb
                0x200062ec      0x134 CMakeFiles/clock.dir/C_/Program_Files/Raspberry_Pi/Pico_SDK_v1.5.1/pico-sdk/lib/tinyusb/src/class/cdc/cdc_device.c.obj
                0x200062ec                cdcd_control_xfer_cb
 .text.cdcd_xfer_cb
                0x20006420      0x130 CMakeFiles/clock.dir/C_/Program_Files/Raspberry_Pi/Pico_SDK_v1.5.1/pico-sdk/lib/tinyusb/src/class/cdc/cdc_device.c.obj
                0x20006420                cdcd_xfer_cb
 .text.tusb_init
                0x20006550        0xa CMakeFiles/clock.dir/C_/Program_Files/Raspberry_Pi/Pico_SDK_v1.5.1/pico-sdk/lib/tinyusb/src/tusb.c.obj
                0x20006550                tusb_init
 .text.tusb_inited
                0x2000655a        0xe CMakeFiles/clock.dir/C_/Program_Files/Raspberry_Pi/Pico_SDK_v1.5.1/pico-sdk/lib/tinyusb/src/tusb.c.obj
                0x2000655a                tusb_inited
 .text.tu_edpt_claim
                0x20006568       0x50 CMakeFiles/clock.dir/C_/Program_Files/Raspberry_Pi/Pico_SDK_v1.5.1/pico-sdk/lib/tinyusb/src/tusb.c.obj
                0x20006568                tu_edpt_claim
 .text.tu_edpt_release
                0x200065b8       0x3c CMakeFiles/clock.dir/C_/Program_Files/Raspberry_Pi/Pico_SDK_v1.5.1/pico-sdk/lib/tinyusb/src/tusb.c.obj
                0x200065b8                tu_edpt_release
 .text.tu_edpt_validate
                0x200065f4       0x78 CMakeFiles/clock.dir/C_/Program_Files/Raspberry_Pi/Pico_SDK_v1.5.1/pico-sdk/lib/tinyusb/src/tusb.c.obj
                0x200065f4                tu_edpt_validate
 .text.tu_edpt_bind_driver
                0x2000666c       0x26 CMakeFiles/clock.dir/C_/Program_Files/Raspberry_Pi/Pico_SDK_v1.5.1/pico-sdk/lib/tinyusb/src/tusb.c.obj
                0x2000666c                tu_edpt_bind_driver
 .text.advance_index
                0x20006692       0x1a CMakeFiles/clock.dir/C_/Program_Files/Raspberry_Pi/Pico_SDK_v1.5.1/pico-sdk/lib/tinyusb/src/common/tusb_fifo.c.obj
 .text._tu_fifo_peek
                0x200066ac       0x56 CMakeFiles/clock.dir/C_/Program_Files/Raspberry_Pi/Pico_SDK_v1.5.1/pico-sdk/lib/tinyusb/src/common/tusb_fifo.c.obj
 .text._ff_pull_const_addr
                0x20006702       0x4c CMakeFiles/clock.dir/C_/Program_Files/Raspberry_Pi/Pico_SDK_v1.5.1/pico-sdk/lib/tinyusb/src/common/tusb_fifo.c.obj
 .text._ff_pull_n
                0x2000674e      0x110 CMakeFiles/clock.dir/C_/Program_Files/Raspberry_Pi/Pico_SDK_v1.5.1/pico-sdk/lib/tinyusb/src/common/tusb_fifo.c.obj
 .text._tu_fifo_peek_n
                0x2000685e       0x6a CMakeFiles/clock.dir/C_/Program_Files/Raspberry_Pi/Pico_SDK_v1.5.1/pico-sdk/lib/tinyusb/src/common/tusb_fifo.c.obj
 .text._tu_fifo_read_n
                0x200068c8       0x4e CMakeFiles/clock.dir/C_/Program_Files/Raspberry_Pi/Pico_SDK_v1.5.1/pico-sdk/lib/tinyusb/src/common/tusb_fifo.c.obj
 .text._ff_push_const_addr
                0x20006916       0x40 CMakeFiles/clock.dir/C_/Program_Files/Raspberry_Pi/Pico_SDK_v1.5.1/pico-sdk/lib/tinyusb/src/common/tusb_fifo.c.obj
 .text._ff_push_n
                0x20006956      0x10c CMakeFiles/clock.dir/C_/Program_Files/Raspberry_Pi/Pico_SDK_v1.5.1/pico-sdk/lib/tinyusb/src/common/tusb_fifo.c.obj
 .text._tu_fifo_write_n
                0x20006a62       0xf0 CMakeFiles/clock.dir/C_/Program_Files/Raspberry_Pi/Pico_SDK_v1.5.1/pico-sdk/lib/tinyusb/src/common/tusb_fifo.c.obj
 .text.tu_fifo_config
                0x20006b52       0x7c CMakeFiles/clock.dir/C_/Program_Files/Raspberry_Pi/Pico_SDK_v1.5.1/pico-sdk/lib/tinyusb/src/common/tusb_fifo.c.obj
                0x20006b52                tu_fifo_config
 .text.tu_fifo_count
                0x20006bce       0x2a CMakeFiles/clock.dir/C_/Program_Files/Raspberry_Pi/Pico_SDK_v1.5.1/pico-sdk/lib/tinyusb/src/common/tusb_fifo.c.obj
                0x20006bce                tu_fifo_count
 .text.tu_fifo_empty
                0x20006bf8       0x10 CMakeFiles/clock.dir/C_/Program_Files/Raspberry_Pi/Pico_SDK_v1.5.1/pico-sdk/lib/tinyusb/src/common/tusb_fifo.c.obj
                0x20006bf8                tu_fifo_empty
 .text.tu_fifo_full
                0x20006c08       0x28 CMakeFiles/clock.dir/C_/Program_Files/Raspberry_Pi/Pico_SDK_v1.5.1/pico-sdk/lib/tinyusb/src/common/tusb_fifo.c.obj
                0x20006c08                tu_fifo_full
 .text.tu_fifo_remaining
                0x20006c30       0x2c CMakeFiles/clock.dir/C_/Program_Files/Raspberry_Pi/Pico_SDK_v1.5.1/pico-sdk/lib/tinyusb/src/common/tusb_fifo.c.obj
                0x20006c30                tu_fifo_remaining
 .text.tu_fifo_read
                0x20006c5c       0x42 CMakeFiles/clock.dir/C_/Program_Files/Raspberry_Pi/Pico_SDK_v1.5.1/pico-sdk/lib/tinyusb/src/common/tusb_fifo.c.obj
                0x20006c5c                tu_fifo_read
 .text.tu_fifo_read_n
                0x20006c9e        0xa CMakeFiles/clock.dir/C_/Program_Files/Raspberry_Pi/Pico_SDK_v1.5.1/pico-sdk/lib/tinyusb/src/common/tusb_fifo.c.obj
                0x20006c9e                tu_fifo_read_n
 .text.tu_fifo_write
                0x20006ca8       0x64 CMakeFiles/clock.dir/C_/Program_Files/Raspberry_Pi/Pico_SDK_v1.5.1/pico-sdk/lib/tinyusb/src/common/tusb_fifo.c.obj
                0x20006ca8                tu_fifo_write
 .text.tu_fifo_write_n
                0x20006d0c        0xa CMakeFiles/clock.dir/C_/Program_Files/Raspberry_Pi/Pico_SDK_v1.5.1/pico-sdk/lib/tinyusb/src/common/tusb_fifo.c.obj
                0x20006d0c                tu_fifo_write_n
 .text.tu_fifo_clear
                0x20006d16       0x3e CMakeFiles/clock.dir/C_/Program_Files/Raspberry_Pi/Pico_SDK_v1.5.1/pico-sdk/lib/tinyusb/src/common/tusb_fifo.c.obj
                0x20006d16                tu_fifo_clear
 .text.tu_fifo_set_overwritable
                0x20006d54       0x46 CMakeFiles/clock.dir/C_/Program_Files/Raspberry_Pi/Pico_SDK_v1.5.1/pico-sdk/lib/tinyusb/src/common/tusb_fifo.c.obj
                0x20006d54                tu_fifo_set_overwritable
 *fill*         0x20006d9a        0x2 
 .text.stdio_uart_out_chars
                0x20006d9c       0x74 CMakeFiles/clock.dir/C_/Program_Files/Raspberry_Pi/Pico_SDK_v1.5.1/pico-sdk/src/rp2_common/pico_stdio_uart/stdio_uart.c.obj
 .text.stdio_uart_in_chars
                0x20006e10       0x80 CMakeFiles/clock.dir/C_/Program_Files/Raspberry_Pi/Pico_SDK_v1.5.1/pico-sdk/src/rp2_common/pico_stdio_uart/stdio_uart.c.obj
                0x20006e10                stdio_uart_in_chars
 .text.on_uart_rx
                0x20006e90       0x28 CMakeFiles/clock.dir/C_/Program_Files/Raspberry_Pi/Pico_SDK_v1.5.1/pico-sdk/src/rp2_common/pico_stdio_uart/stdio_uart.c.obj
 .text.stdio_uart_set_chars_available_callback
                0x20006eb8       0x8c CMakeFiles/clock.dir/C_/Program_Files/Raspberry_Pi/Pico_SDK_v1.5.1/pico-sdk/src/rp2_common/pico_stdio_uart/stdio_uart.c.obj
 .text.stdio_uart_init_full
                0x20006f44       0x44 CMakeFiles/clock.dir/C_/Program_Files/Raspberry_Pi/Pico_SDK_v1.5.1/pico-sdk/src/rp2_common/pico_stdio_uart/stdio_uart.c.obj
                0x20006f44                stdio_uart_init_full
 .text.stdio_uart_init
                0x20006f88       0x28 CMakeFiles/clock.dir/C_/Program_Files/Raspberry_Pi/Pico_SDK_v1.5.1/pico-sdk/src/rp2_common/pico_stdio_uart/stdio_uart.c.obj
                0x20006f88                stdio_uart_init
 .text          0x20006fb0        0x4 c:/progra~1/raspbe~1/picosd~1.1/gcc-ar~1/bin/../lib/gcc/arm-none-eabi/10.3.1/thumb/v6-m/nofp\libgcc.a(_dvmd_tls.o)
                0x20006fb0                __aeabi_idiv0
                0x20006fb0                __aeabi_ldiv0
 .text.strlen   0x20006fb4       0x5c c:/progra~1/raspbe~1/picosd~1.1/gcc-ar~1/bin/../lib/gcc/arm-none-eabi/10.3.1/../../../../arm-none-eabi/lib/thumb/v6-m/nofp\libg.a(lib_a-strlen-stub.o)
                0x20006fb4                strlen
 *(.fini)
 .fini          0x20007010        0x4 c:/progra~1/raspbe~1/picosd~1.1/gcc-ar~1/bin/../lib/gcc/arm-none-eabi/10.3.1/thumb/v6-m/nofp/crti.o
                0x20007010                _fini
 *crtbegin.o(.ctors)
 *crtbegin?.o(.ctors)
 *(EXCLUDE_FILE(*crtend.o *crtend?.o) .ctors)
 *(SORT_BY_NAME(.ctors.*))
 *(.ctors)
 *crtbegin.o(.dtors)
 *crtbegin?.o(.dtors)
 *(EXCLUDE_FILE(*crtend.o *crtend?.o) .dtors)
 *(SORT_BY_NAME(.dtors.*))
 *(.dtors)
 *(.eh_frame*)
 .eh_frame      0x20007014        0x0 c:/progra~1/raspbe~1/picosd~1.1/gcc-ar~1/bin/../lib/gcc/arm-none-eabi/10.3.1/thumb/v6-m/nofp/crtbegin.o
                0x20007014                . = ALIGN (0x4)
                0x20007014                __ram_text_end__ = .
                0x10000308                __ram_text_source__ = LOADADDR (.text)

.glue_7         0x20007014        0x0 load address 0x1000725c
 .glue_7        0x20007014        0x0 linker stubs

.glue_7t        0x20007014        0x0 load address 0x1000725c
 .glue_7t       0x20007014        0x0 linker stubs

.vfp11_veneer   0x20007014        0x0 load address 0x1000725c
 .vfp11_veneer  0x20007014        0x0 linker stubs

.v4_bx          0x20007014        0x0 load address 0x1000725c
 .v4_bx         0x20007014        0x0 linker stubs

.iplt           0x20007014        0x0 load address 0x1000725c
 .iplt          0x20007014        0x0 c:/progra~1/raspbe~1/picosd~1.1/gcc-ar~1/bin/../lib/gcc/arm-none-eabi/10.3.1/thumb/v6-m/nofp/crtbegin.o

.rel.dyn        0x20007014        0x0 load address 0x1000725c
 .rel.iplt      0x20007014        0x0 c:/progra~1/raspbe~1/picosd~1.1/gcc-ar~1/bin/../lib/gcc/arm-none-eabi/10.3.1/thumb/v6-m/nofp/crtbegin.o
                0x20007014                . = ALIGN (0x4)

.data           0x20007020     0x2490 load address 0x1000725c
                0x20007020                __data_start__ = .
 *(vtable)
 *(.time_critical*)
 .time_critical.mutex_try_enter
                0x20007020       0x46 CMakeFiles/clock.dir/C_/Program_Files/Raspberry_Pi/Pico_SDK_v1.5.1/pico-sdk/src/common/pico_sync/mutex.c.obj
                0x20007020                mutex_try_enter
 *fill*         0x20007066        0x2 
 .time_critical.mutex_enter_block_until
                0x20007068       0x8c CMakeFiles/clock.dir/C_/Program_Files/Raspberry_Pi/Pico_SDK_v1.5.1/pico-sdk/src/common/pico_sync/mutex.c.obj
                0x20007068                mutex_enter_block_until
 .time_critical.mutex_try_enter_block_until
                0x200070f4       0x34 CMakeFiles/clock.dir/C_/Program_Files/Raspberry_Pi/Pico_SDK_v1.5.1/pico-sdk/src/common/pico_sync/mutex.c.obj
                0x200070f4                mutex_try_enter_block_until
 .time_critical.mutex_enter_timeout_ms
                0x20007128       0x68 CMakeFiles/clock.dir/C_/Program_Files/Raspberry_Pi/Pico_SDK_v1.5.1/pico-sdk/src/common/pico_sync/mutex.c.obj
                0x20007128                mutex_enter_timeout_ms
 .time_critical.mutex_exit
                0x20007190       0x4c CMakeFiles/clock.dir/C_/Program_Files/Raspberry_Pi/Pico_SDK_v1.5.1/pico-sdk/src/common/pico_sync/mutex.c.obj
                0x20007190                mutex_exit
 .time_critical.flash_init_boot2_copyout
                0x200071dc       0x30 CMakeFiles/clock.dir/C_/Program_Files/Raspberry_Pi/Pico_SDK_v1.5.1/pico-sdk/src/rp2_common/hardware_flash/flash.c.obj
 .time_critical.flash_enable_xip_via_boot2
                0x2000720c       0x10 CMakeFiles/clock.dir/C_/Program_Files/Raspberry_Pi/Pico_SDK_v1.5.1/pico-sdk/src/rp2_common/hardware_flash/flash.c.obj
 .time_critical.flash_cs_force
                0x2000721c       0x28 CMakeFiles/clock.dir/C_/Program_Files/Raspberry_Pi/Pico_SDK_v1.5.1/pico-sdk/src/rp2_common/hardware_flash/flash.c.obj
 .time_critical.flash_do_cmd
                0x20007244       0xd8 CMakeFiles/clock.dir/C_/Program_Files/Raspberry_Pi/Pico_SDK_v1.5.1/pico-sdk/src/rp2_common/hardware_flash/flash.c.obj
                0x20007244                flash_do_cmd
 .time_critical.reset_non_control_endpoints
                0x2000731c       0x40 CMakeFiles/clock.dir/C_/Program_Files/Raspberry_Pi/Pico_SDK_v1.5.1/pico-sdk/lib/tinyusb/src/portable/raspberrypi/rp2040/dcd_rp2040.c.obj
 .time_critical.hw_handle_buff_status
                0x2000735c       0xa4 CMakeFiles/clock.dir/C_/Program_Files/Raspberry_Pi/Pico_SDK_v1.5.1/pico-sdk/lib/tinyusb/src/portable/raspberrypi/rp2040/dcd_rp2040.c.obj
 .time_critical.dcd_rp2040_irq
                0x20007400      0x1cc CMakeFiles/clock.dir/C_/Program_Files/Raspberry_Pi/Pico_SDK_v1.5.1/pico-sdk/lib/tinyusb/src/portable/raspberrypi/rp2040/dcd_rp2040.c.obj
 .time_critical.e15_is_bulkin_ep
                0x200075cc       0x2c CMakeFiles/clock.dir/C_/Program_Files/Raspberry_Pi/Pico_SDK_v1.5.1/pico-sdk/lib/tinyusb/src/portable/raspberrypi/rp2040/rp2040_usb.c.obj
 .time_critical.e15_is_critical_frame_period
                0x200075f8       0x30 CMakeFiles/clock.dir/C_/Program_Files/Raspberry_Pi/Pico_SDK_v1.5.1/pico-sdk/lib/tinyusb/src/portable/raspberrypi/rp2040/rp2040_usb.c.obj
 .time_critical.prepare_ep_buffer
                0x20007628       0x70 CMakeFiles/clock.dir/C_/Program_Files/Raspberry_Pi/Pico_SDK_v1.5.1/pico-sdk/lib/tinyusb/src/portable/raspberrypi/rp2040/rp2040_usb.c.obj
 .time_critical.sync_ep_buffer
                0x20007698       0x80 CMakeFiles/clock.dir/C_/Program_Files/Raspberry_Pi/Pico_SDK_v1.5.1/pico-sdk/lib/tinyusb/src/portable/raspberrypi/rp2040/rp2040_usb.c.obj
 .time_critical._hw_endpoint_xfer_sync
                0x20007718       0x28 CMakeFiles/clock.dir/C_/Program_Files/Raspberry_Pi/Pico_SDK_v1.5.1/pico-sdk/lib/tinyusb/src/portable/raspberrypi/rp2040/rp2040_usb.c.obj
 .time_critical.hw_endpoint_reset_transfer
                0x20007740        0xc CMakeFiles/clock.dir/C_/Program_Files/Raspberry_Pi/Pico_SDK_v1.5.1/pico-sdk/lib/tinyusb/src/portable/raspberrypi/rp2040/rp2040_usb.c.obj
                0x20007740                hw_endpoint_reset_transfer
 .time_critical._hw_endpoint_buffer_control_update32
                0x2000774c       0x58 CMakeFiles/clock.dir/C_/Program_Files/Raspberry_Pi/Pico_SDK_v1.5.1/pico-sdk/lib/tinyusb/src/portable/raspberrypi/rp2040/rp2040_usb.c.obj
                0x2000774c                _hw_endpoint_buffer_control_update32
 .time_critical.hw_endpoint_start_next_buffer
                0x200077a4       0x88 CMakeFiles/clock.dir/C_/Program_Files/Raspberry_Pi/Pico_SDK_v1.5.1/pico-sdk/lib/tinyusb/src/portable/raspberrypi/rp2040/rp2040_usb.c.obj
                0x200077a4                hw_endpoint_start_next_buffer
 .time_critical.hw_endpoint_xfer_continue
                0x2000782c       0x50 CMakeFiles/clock.dir/C_/Program_Files/Raspberry_Pi/Pico_SDK_v1.5.1/pico-sdk/lib/tinyusb/src/portable/raspberrypi/rp2040/rp2040_usb.c.obj
                0x2000782c                hw_endpoint_xfer_continue
 .time_critical.tinyusb
                0x2000787c      0x200 CMakeFiles/clock.dir/C_/Program_Files/Raspberry_Pi/Pico_SDK_v1.5.1/pico-sdk/lib/tinyusb/src/device/usbd.c.obj
                0x2000787c                dcd_event_handler
                0x20007a7c                . = ALIGN (0x4)
 *(.rodata*)
 .rodata.main.str1.4
                0x20007a7c      0x132 CMakeFiles/clock.dir/clock.c.obj
                                0x136 (size before relaxing)
 *fill*         0x20007bae        0x2 
 .rodata.spin_lock_claim_unused.str1.4
                0x20007bb0       0x1b CMakeFiles/clock.dir/C_/Program_Files/Raspberry_Pi/Pico_SDK_v1.5.1/pico-sdk/src/rp2_common/hardware_sync/sync.c.obj
 *fill*         0x20007bcb        0x1 
 .rodata.make_branch.str1.4
                0x20007bcc       0x89 CMakeFiles/clock.dir/C_/Program_Files/Raspberry_Pi/Pico_SDK_v1.5.1/pico-sdk/src/rp2_common/hardware_irq/irq.c.obj
 *fill*         0x20007c55        0x3 
 .rodata.insert_branch_and_link.str1.4
                0x20007c58       0x10 CMakeFiles/clock.dir/C_/Program_Files/Raspberry_Pi/Pico_SDK_v1.5.1/pico-sdk/src/rp2_common/hardware_irq/irq.c.obj
 .rodata.irq_set_exclusive_handler.str1.4
                0x20007c68       0x36 CMakeFiles/clock.dir/C_/Program_Files/Raspberry_Pi/Pico_SDK_v1.5.1/pico-sdk/src/rp2_common/hardware_irq/irq.c.obj
 *fill*         0x20007c9e        0x2 
 .rodata.irq_add_shared_handler.str1.4
                0x20007ca0       0xd9 CMakeFiles/clock.dir/C_/Program_Files/Raspberry_Pi/Pico_SDK_v1.5.1/pico-sdk/src/rp2_common/hardware_irq/irq.c.obj
 *fill*         0x20007d79        0x3 
 .rodata.irq_remove_handler.str1.4
                0x20007d7c       0x3a CMakeFiles/clock.dir/C_/Program_Files/Raspberry_Pi/Pico_SDK_v1.5.1/pico-sdk/src/rp2_common/hardware_irq/irq.c.obj
 *fill*         0x20007db6        0x2 
 .rodata.irq_add_tail_to_free_list.str1.4
                0x20007db8       0x3a CMakeFiles/clock.dir/C_/Program_Files/Raspberry_Pi/Pico_SDK_v1.5.1/pico-sdk/src/rp2_common/hardware_irq/irq.c.obj
 *fill*         0x20007df2        0x2 
 .rodata.user_irq_claim_unused.str1.4
                0x20007df4       0x1b CMakeFiles/clock.dir/C_/Program_Files/Raspberry_Pi/Pico_SDK_v1.5.1/pico-sdk/src/rp2_common/hardware_irq/irq.c.obj
 *fill*         0x20007e0f        0x1 
 .rodata.__func__.0
                0x20007e10       0x1a CMakeFiles/clock.dir/C_/Program_Files/Raspberry_Pi/Pico_SDK_v1.5.1/pico-sdk/src/rp2_common/hardware_irq/irq.c.obj
 *fill*         0x20007e2a        0x2 
 .rodata.__func__.1
                0x20007e2c       0x17 CMakeFiles/clock.dir/C_/Program_Files/Raspberry_Pi/Pico_SDK_v1.5.1/pico-sdk/src/rp2_common/hardware_irq/irq.c.obj
 *fill*         0x20007e43        0x1 
 .rodata.__func__.2
                0x20007e44       0x13 CMakeFiles/clock.dir/C_/Program_Files/Raspberry_Pi/Pico_SDK_v1.5.1/pico-sdk/src/rp2_common/hardware_irq/irq.c.obj
 *fill*         0x20007e57        0x1 
 .rodata.__func__.3
                0x20007e58        0xc CMakeFiles/clock.dir/C_/Program_Files/Raspberry_Pi/Pico_SDK_v1.5.1/pico-sdk/src/rp2_common/hardware_irq/irq.c.obj
 .rodata.__func__.4
                0x20007e64        0xf CMakeFiles/clock.dir/C_/Program_Files/Raspberry_Pi/Pico_SDK_v1.5.1/pico-sdk/src/rp2_common/hardware_irq/irq.c.obj
 *fill*         0x20007e73        0x1 
 .rodata.__func__.5
                0x20007e74       0x17 CMakeFiles/clock.dir/C_/Program_Files/Raspberry_Pi/Pico_SDK_v1.5.1/pico-sdk/src/rp2_common/hardware_irq/irq.c.obj
 *fill*         0x20007e8b        0x1 
 .rodata.__func__.6
                0x20007e8c       0x1a CMakeFiles/clock.dir/C_/Program_Files/Raspberry_Pi/Pico_SDK_v1.5.1/pico-sdk/src/rp2_common/hardware_irq/irq.c.obj
 *fill*         0x20007ea6        0x2 
 .rodata.str1.4
                0x20007ea8      0x125 CMakeFiles/clock.dir/C_/Program_Files/Raspberry_Pi/Pico_SDK_v1.5.1/pico-sdk/src/common/pico_sync/mutex.c.obj
 *fill*         0x20007fcd        0x3 
 .rodata.__func__.1
                0x20007fd0        0xb CMakeFiles/clock.dir/C_/Program_Files/Raspberry_Pi/Pico_SDK_v1.5.1/pico-sdk/src/common/pico_sync/mutex.c.obj
 *fill*         0x20007fdb        0x1 
 .rodata.__func__.3
                0x20007fdc       0x18 CMakeFiles/clock.dir/C_/Program_Files/Raspberry_Pi/Pico_SDK_v1.5.1/pico-sdk/src/common/pico_sync/mutex.c.obj
 .rodata.__func__.4
                0x20007ff4       0x15 CMakeFiles/clock.dir/C_/Program_Files/Raspberry_Pi/Pico_SDK_v1.5.1/pico-sdk/src/common/pico_sync/mutex.c.obj
 *fill*         0x20008009        0x3 
 .rodata.repeating_timer_callback.str1.4
                0x2000800c       0x67 CMakeFiles/clock.dir/C_/Program_Files/Raspberry_Pi/Pico_SDK_v1.5.1/pico-sdk/src/common/pico_time/time.c.obj
 *fill*         0x20008073        0x1 
 .rodata.timer_pool_entry_comparator.str1.4
                0x20008074       0x22 CMakeFiles/clock.dir/C_/Program_Files/Raspberry_Pi/Pico_SDK_v1.5.1/pico-sdk/src/common/pico_time/time.c.obj
 *fill*         0x20008096        0x2 
 .rodata.ph_add_child_node.str1.4
                0x20008098       0xb2 CMakeFiles/clock.dir/C_/Program_Files/Raspberry_Pi/Pico_SDK_v1.5.1/pico-sdk/src/common/pico_time/time.c.obj
 *fill*         0x2000814a        0x2 
 .rodata.add_alarm_under_lock.str1.4
                0x2000814c       0x28 CMakeFiles/clock.dir/C_/Program_Files/Raspberry_Pi/Pico_SDK_v1.5.1/pico-sdk/src/common/pico_time/time.c.obj
                                 0x2b (size before relaxing)
 .rodata.alarm_pool_alarm_callback.str1.4
                0x20008174       0x98 CMakeFiles/clock.dir/C_/Program_Files/Raspberry_Pi/Pico_SDK_v1.5.1/pico-sdk/src/common/pico_time/time.c.obj
                                0x118 (size before relaxing)
 .rodata.alarm_pool_get_default.str1.4
                0x2000820c       0x21 CMakeFiles/clock.dir/C_/Program_Files/Raspberry_Pi/Pico_SDK_v1.5.1/pico-sdk/src/common/pico_time/time.c.obj
 *fill*         0x2000822d        0x3 
 .rodata.alarm_pool_cancel_alarm.str1.4
                0x20008230       0x27 CMakeFiles/clock.dir/C_/Program_Files/Raspberry_Pi/Pico_SDK_v1.5.1/pico-sdk/src/common/pico_time/time.c.obj
 *fill*         0x20008257        0x1 
 .rodata.sleep_until.str1.4
                0x20008258       0x4d CMakeFiles/clock.dir/C_/Program_Files/Raspberry_Pi/Pico_SDK_v1.5.1/pico-sdk/src/common/pico_time/time.c.obj
 *fill*         0x200082a5        0x3 
 .rodata.__func__.1
                0x200082a8       0x18 CMakeFiles/clock.dir/C_/Program_Files/Raspberry_Pi/Pico_SDK_v1.5.1/pico-sdk/src/common/pico_time/time.c.obj
 .rodata.__func__.10
                0x200082c0       0x15 CMakeFiles/clock.dir/C_/Program_Files/Raspberry_Pi/Pico_SDK_v1.5.1/pico-sdk/src/common/pico_time/time.c.obj
 *fill*         0x200082d5        0x3 
 .rodata.__func__.11
                0x200082d8       0x1a CMakeFiles/clock.dir/C_/Program_Files/Raspberry_Pi/Pico_SDK_v1.5.1/pico-sdk/src/common/pico_time/time.c.obj
 *fill*         0x200082f2        0x2 
 .rodata.__func__.12
                0x200082f4        0xa CMakeFiles/clock.dir/C_/Program_Files/Raspberry_Pi/Pico_SDK_v1.5.1/pico-sdk/src/common/pico_time/time.c.obj
 *fill*         0x200082fe        0x2 
 .rodata.__func__.3
                0x20008300       0x17 CMakeFiles/clock.dir/C_/Program_Files/Raspberry_Pi/Pico_SDK_v1.5.1/pico-sdk/src/common/pico_time/time.c.obj
 *fill*         0x20008317        0x1 
 .rodata.__func__.4
                0x20008318       0x12 CMakeFiles/clock.dir/C_/Program_Files/Raspberry_Pi/Pico_SDK_v1.5.1/pico-sdk/src/common/pico_time/time.c.obj
 *fill*         0x2000832a        0x2 
 .rodata.__func__.5
                0x2000832c        0xd CMakeFiles/clock.dir/C_/Program_Files/Raspberry_Pi/Pico_SDK_v1.5.1/pico-sdk/src/common/pico_time/time.c.obj
 *fill*         0x20008339        0x3 
 .rodata.__func__.6
                0x2000833c       0x12 CMakeFiles/clock.dir/C_/Program_Files/Raspberry_Pi/Pico_SDK_v1.5.1/pico-sdk/src/common/pico_time/time.c.obj
 *fill*         0x2000834e        0x2 
 .rodata.__func__.7
                0x20008350        0xf CMakeFiles/clock.dir/C_/Program_Files/Raspberry_Pi/Pico_SDK_v1.5.1/pico-sdk/src/common/pico_time/time.c.obj
 *fill*         0x2000835f        0x1 
 .rodata.__func__.8
                0x20008360        0xc CMakeFiles/clock.dir/C_/Program_Files/Raspberry_Pi/Pico_SDK_v1.5.1/pico-sdk/src/common/pico_time/time.c.obj
 .rodata.__func__.9
                0x2000836c       0x15 CMakeFiles/clock.dir/C_/Program_Files/Raspberry_Pi/Pico_SDK_v1.5.1/pico-sdk/src/common/pico_time/time.c.obj
 *fill*         0x20008381        0x3 
 .rodata.hardware_alarm_claim.str1.4
                0x20008384       0x22 CMakeFiles/clock.dir/C_/Program_Files/Raspberry_Pi/Pico_SDK_v1.5.1/pico-sdk/src/rp2_common/hardware_timer/timer.c.obj
 .rodata.busy_wait_us.str1.4
                0x200083a6       0x7d CMakeFiles/clock.dir/C_/Program_Files/Raspberry_Pi/Pico_SDK_v1.5.1/pico-sdk/src/rp2_common/hardware_timer/timer.c.obj
 *fill*         0x200083a6        0x2 
 .rodata.hardware_alarm_set_target.str1.4
                0x200083a8       0x81 CMakeFiles/clock.dir/C_/Program_Files/Raspberry_Pi/Pico_SDK_v1.5.1/pico-sdk/src/rp2_common/hardware_timer/timer.c.obj
 *fill*         0x20008429        0x3 
 .rodata.__func__.0
                0x2000842c       0x1a CMakeFiles/clock.dir/C_/Program_Files/Raspberry_Pi/Pico_SDK_v1.5.1/pico-sdk/src/rp2_common/hardware_timer/timer.c.obj
 *fill*         0x20008446        0x2 
 .rodata.__func__.1
                0x20008448       0x15 CMakeFiles/clock.dir/C_/Program_Files/Raspberry_Pi/Pico_SDK_v1.5.1/pico-sdk/src/rp2_common/hardware_timer/timer.c.obj
 .rodata.ph_add_child_node.str1.4
                0x2000845d       0xb2 CMakeFiles/clock.dir/C_/Program_Files/Raspberry_Pi/Pico_SDK_v1.5.1/pico-sdk/src/common/pico_util/pheap.c.obj
 *fill*         0x2000845d        0x3 
 .rodata.ph_remove_any_head.str1.4
                0x20008460       0xa8 CMakeFiles/clock.dir/C_/Program_Files/Raspberry_Pi/Pico_SDK_v1.5.1/pico-sdk/src/common/pico_util/pheap.c.obj
                                 0xbc (size before relaxing)
 .rodata.ph_remove_and_free_node.str1.4
                0x20008508       0x1e CMakeFiles/clock.dir/C_/Program_Files/Raspberry_Pi/Pico_SDK_v1.5.1/pico-sdk/src/common/pico_util/pheap.c.obj
                                 0x26 (size before relaxing)
 *fill*         0x20008526        0x2 
 .rodata.__func__.0
                0x20008528       0x18 CMakeFiles/clock.dir/C_/Program_Files/Raspberry_Pi/Pico_SDK_v1.5.1/pico-sdk/src/common/pico_util/pheap.c.obj
 .rodata.__func__.1
                0x20008540       0x13 CMakeFiles/clock.dir/C_/Program_Files/Raspberry_Pi/Pico_SDK_v1.5.1/pico-sdk/src/common/pico_util/pheap.c.obj
 *fill*         0x20008553        0x1 
 .rodata.__func__.2
                0x20008554       0x12 CMakeFiles/clock.dir/C_/Program_Files/Raspberry_Pi/Pico_SDK_v1.5.1/pico-sdk/src/common/pico_util/pheap.c.obj
 *fill*         0x20008566        0x2 
 .rodata.__func__.3
                0x20008568        0xc CMakeFiles/clock.dir/C_/Program_Files/Raspberry_Pi/Pico_SDK_v1.5.1/pico-sdk/src/common/pico_util/pheap.c.obj
 .rodata.clock_configure.str1.4
                0x20008574       0x73 CMakeFiles/clock.dir/C_/Program_Files/Raspberry_Pi/Pico_SDK_v1.5.1/pico-sdk/src/rp2_common/hardware_clocks/clocks.c.obj
 *fill*         0x200085e7        0x1 
 .rodata.__func__.1
                0x200085e8       0x10 CMakeFiles/clock.dir/C_/Program_Files/Raspberry_Pi/Pico_SDK_v1.5.1/pico-sdk/src/rp2_common/hardware_clocks/clocks.c.obj
 .rodata.pll_init.str1.4
                0x200085f8      0x140 CMakeFiles/clock.dir/C_/Program_Files/Raspberry_Pi/Pico_SDK_v1.5.1/pico-sdk/src/rp2_common/hardware_pll/pll.c.obj
 .rodata.__func__.0
                0x20008738        0x9 CMakeFiles/clock.dir/C_/Program_Files/Raspberry_Pi/Pico_SDK_v1.5.1/pico-sdk/src/rp2_common/hardware_pll/pll.c.obj
 *fill*         0x20008741        0x3 
 .rodata.__assert_func.str1.4
                0x20008744       0x3f CMakeFiles/clock.dir/C_/Program_Files/Raspberry_Pi/Pico_SDK_v1.5.1/pico-sdk/src/rp2_common/pico_runtime/runtime.c.obj
                                 0x43 (size before relaxing)
 *fill*         0x20008783        0x1 
 .rodata.runtime_init.str1.4
                0x20008784       0x7d CMakeFiles/clock.dir/C_/Program_Files/Raspberry_Pi/Pico_SDK_v1.5.1/pico-sdk/src/rp2_common/pico_runtime/runtime.c.obj
 *fill*         0x20008801        0x3 
 .rodata.panic.str1.4
                0x20008804       0x10 CMakeFiles/clock.dir/C_/Program_Files/Raspberry_Pi/Pico_SDK_v1.5.1/pico-sdk/src/rp2_common/pico_runtime/runtime.c.obj
                                 0x12 (size before relaxing)
 .rodata.__func__.2
                0x20008814        0xd CMakeFiles/clock.dir/C_/Program_Files/Raspberry_Pi/Pico_SDK_v1.5.1/pico-sdk/src/rp2_common/pico_runtime/runtime.c.obj
 *fill*         0x20008821        0x3 
 .rodata._ftoa.str1.4
                0x20008824       0x15 CMakeFiles/clock.dir/C_/Program_Files/Raspberry_Pi/Pico_SDK_v1.5.1/pico-sdk/src/rp2_common/pico_printf/printf.c.obj
 *fill*         0x20008839        0x3 
 .rodata._vsnprintf
                0x2000883c      0x1e0 CMakeFiles/clock.dir/C_/Program_Files/Raspberry_Pi/Pico_SDK_v1.5.1/pico-sdk/src/rp2_common/pico_printf/printf.c.obj
 *fill*         0x20008a1c        0x4 
 .rodata.pow10.0
                0x20008a20       0x50 CMakeFiles/clock.dir/C_/Program_Files/Raspberry_Pi/Pico_SDK_v1.5.1/pico-sdk/src/rp2_common/pico_printf/printf.c.obj
 .rodata.__aeabi_double_init.str1.4
                0x20008a70       0xb8 CMakeFiles/clock.dir/C_/Program_Files/Raspberry_Pi/Pico_SDK_v1.5.1/pico-sdk/src/rp2_common/pico_double/double_init_rom.c.obj
 .rodata.__func__.0
                0x20008b28       0x14 CMakeFiles/clock.dir/C_/Program_Files/Raspberry_Pi/Pico_SDK_v1.5.1/pico-sdk/src/rp2_common/pico_double/double_init_rom.c.obj
 .rodata.__aeabi_float_init.str1.4
                0x20008b3c       0x96 CMakeFiles/clock.dir/C_/Program_Files/Raspberry_Pi/Pico_SDK_v1.5.1/pico-sdk/src/rp2_common/pico_float/float_init_rom.c.obj
                                 0x9a (size before relaxing)
 *fill*         0x20008bd2        0x2 
 .rodata.__func__.0
                0x20008bd4       0x13 CMakeFiles/clock.dir/C_/Program_Files/Raspberry_Pi/Pico_SDK_v1.5.1/pico-sdk/src/rp2_common/pico_float/float_init_rom.c.obj
 *fill*         0x20008be7        0x1 
 .rodata.str1.4
                0x20008be8       0x90 CMakeFiles/clock.dir/C_/Program_Files/Raspberry_Pi/Pico_SDK_v1.5.1/pico-sdk/src/rp2_common/pico_standard_link/binary_info.c.obj
 .rodata.__bi_44
                0x20008c78        0xc CMakeFiles/clock.dir/C_/Program_Files/Raspberry_Pi/Pico_SDK_v1.5.1/pico-sdk/src/rp2_common/pico_standard_link/binary_info.c.obj
 .rodata.__bi_69
                0x20008c84        0xc CMakeFiles/clock.dir/C_/Program_Files/Raspberry_Pi/Pico_SDK_v1.5.1/pico-sdk/src/rp2_common/pico_standard_link/binary_info.c.obj
 .rodata.__bi_75
                0x20008c90        0xc CMakeFiles/clock.dir/C_/Program_Files/Raspberry_Pi/Pico_SDK_v1.5.1/pico-sdk/src/rp2_common/pico_standard_link/binary_info.c.obj
 .rodata.__bi_81
                0x20008c9c        0xc CMakeFiles/clock.dir/C_/Program_Files/Raspberry_Pi/Pico_SDK_v1.5.1/pico-sdk/src/rp2_common/pico_standard_link/binary_info.c.obj
 .rodata.__bi_91
                0x20008ca8        0xc CMakeFiles/clock.dir/C_/Program_Files/Raspberry_Pi/Pico_SDK_v1.5.1/pico-sdk/src/rp2_common/pico_standard_link/binary_info.c.obj
 .rodata.stdout_serialize_begin.str1.4
                0x20008cb4       0x7d CMakeFiles/clock.dir/C_/Program_Files/Raspberry_Pi/Pico_SDK_v1.5.1/pico-sdk/src/rp2_common/pico_stdio/stdio.c.obj
 .rodata.__func__.3
                0x20008cb4       0x15 CMakeFiles/clock.dir/C_/Program_Files/Raspberry_Pi/Pico_SDK_v1.5.1/pico-sdk/src/rp2_common/pico_stdio/stdio.c.obj
 *fill*         0x20008cc9        0x3 
 .rodata.crlf_str.2
                0x20008ccc        0x2 CMakeFiles/clock.dir/C_/Program_Files/Raspberry_Pi/Pico_SDK_v1.5.1/pico-sdk/src/rp2_common/pico_stdio/stdio.c.obj
 *fill*         0x20008cce        0x2 
 .rodata._resetd_driver
                0x20008cd0       0x18 CMakeFiles/clock.dir/C_/Program_Files/Raspberry_Pi/Pico_SDK_v1.5.1/pico-sdk/src/rp2_common/pico_stdio_usb/reset_interface.c.obj
 .rodata.low_priority_worker_irq.str1.4
                0x20008ce8       0x7d CMakeFiles/clock.dir/C_/Program_Files/Raspberry_Pi/Pico_SDK_v1.5.1/pico-sdk/src/rp2_common/pico_stdio_usb/stdio_usb.c.obj
 .rodata.stdio_usb_init.str1.4
                0x20008ce8       0x61 CMakeFiles/clock.dir/C_/Program_Files/Raspberry_Pi/Pico_SDK_v1.5.1/pico-sdk/src/rp2_common/pico_stdio_usb/stdio_usb.c.obj
                                 0x69 (size before relaxing)
 *fill*         0x20008d49        0x3 
 .rodata.str1.4
                0x20008d4c       0x13 CMakeFiles/clock.dir/C_/Program_Files/Raspberry_Pi/Pico_SDK_v1.5.1/pico-sdk/src/rp2_common/pico_stdio_usb/stdio_usb.c.obj
 *fill*         0x20008d5f        0x1 
 .rodata.__bi_182.0
                0x20008d60        0xc CMakeFiles/clock.dir/C_/Program_Files/Raspberry_Pi/Pico_SDK_v1.5.1/pico-sdk/src/rp2_common/pico_stdio_usb/stdio_usb.c.obj
 .rodata.__func__.1
                0x20008d6c        0xf CMakeFiles/clock.dir/C_/Program_Files/Raspberry_Pi/Pico_SDK_v1.5.1/pico-sdk/src/rp2_common/pico_stdio_usb/stdio_usb.c.obj
 *fill*         0x20008d7b        0x1 
 .rodata.__func__.3
                0x20008d7c       0x15 CMakeFiles/clock.dir/C_/Program_Files/Raspberry_Pi/Pico_SDK_v1.5.1/pico-sdk/src/rp2_common/pico_stdio_usb/stdio_usb.c.obj
 *fill*         0x20008d91        0x3 
 .rodata.str1.4
                0x20008d94       0x2a CMakeFiles/clock.dir/C_/Program_Files/Raspberry_Pi/Pico_SDK_v1.5.1/pico-sdk/src/rp2_common/pico_stdio_usb/stdio_usb_descriptors.c.obj
 *fill*         0x20008dbe        0x2 
 .rodata.usbd_desc_cfg
                0x20008dc0       0x54 CMakeFiles/clock.dir/C_/Program_Files/Raspberry_Pi/Pico_SDK_v1.5.1/pico-sdk/src/rp2_common/pico_stdio_usb/stdio_usb_descriptors.c.obj
 .rodata.usbd_desc_device
                0x20008e14       0x12 CMakeFiles/clock.dir/C_/Program_Files/Raspberry_Pi/Pico_SDK_v1.5.1/pico-sdk/src/rp2_common/pico_stdio_usb/stdio_usb_descriptors.c.obj
 *fill*         0x20008e26        0x2 
 .rodata.usbd_desc_str
                0x20008e28       0x18 CMakeFiles/clock.dir/C_/Program_Files/Raspberry_Pi/Pico_SDK_v1.5.1/pico-sdk/src/rp2_common/pico_stdio_usb/stdio_usb_descriptors.c.obj
 .rodata.pico_get_unique_board_id_string.str1.4
                0x20008e40       0x69 CMakeFiles/clock.dir/C_/Program_Files/Raspberry_Pi/Pico_SDK_v1.5.1/pico-sdk/src/rp2_common/pico_unique_id/unique_id.c.obj
 *fill*         0x20008ea9        0x3 
 .rodata.__func__.0
                0x20008eac       0x20 CMakeFiles/clock.dir/C_/Program_Files/Raspberry_Pi/Pico_SDK_v1.5.1/pico-sdk/src/rp2_common/pico_unique_id/unique_id.c.obj
 .rodata.str1.4
                0x20008ecc      0x176 CMakeFiles/clock.dir/C_/Program_Files/Raspberry_Pi/Pico_SDK_v1.5.1/pico-sdk/src/rp2_common/hardware_flash/flash.c.obj
 *fill*         0x20009042        0x2 
 .rodata.__func__.0
                0x20009044        0xd CMakeFiles/clock.dir/C_/Program_Files/Raspberry_Pi/Pico_SDK_v1.5.1/pico-sdk/src/rp2_common/hardware_flash/flash.c.obj
 *fill*         0x20009051        0x3 
 .rodata._hw_endpoint_alloc.str1.4
                0x20009054       0xd1 CMakeFiles/clock.dir/C_/Program_Files/Raspberry_Pi/Pico_SDK_v1.5.1/pico-sdk/lib/tinyusb/src/portable/raspberrypi/rp2040/dcd_rp2040.c.obj
 *fill*         0x20009125        0x3 
 .rodata.str1.4
                0x20009128       0x14 CMakeFiles/clock.dir/C_/Program_Files/Raspberry_Pi/Pico_SDK_v1.5.1/pico-sdk/lib/tinyusb/src/portable/raspberrypi/rp2040/dcd_rp2040.c.obj
 .rodata.dcd_int_enable.str1.4
                0x2000913c        0xc CMakeFiles/clock.dir/C_/Program_Files/Raspberry_Pi/Pico_SDK_v1.5.1/pico-sdk/lib/tinyusb/src/portable/raspberrypi/rp2040/dcd_rp2040.c.obj
 .rodata.__func__.0
                0x20009148        0xe CMakeFiles/clock.dir/C_/Program_Files/Raspberry_Pi/Pico_SDK_v1.5.1/pico-sdk/lib/tinyusb/src/portable/raspberrypi/rp2040/dcd_rp2040.c.obj
 *fill*         0x20009156        0x2 
 .rodata.__func__.1