Archive member included to satisfy reference by file (symbol)

/home/dreg/.pico-sdk/toolchain/14_2_Rel1/bin/../lib/gcc/arm-none-eabi/14.2.1/../../../../arm-none-eabi/lib/thumb/v8-m.main+fp/softfp/libm.a(libm_a-wf_sqrt.o)
                              CMakeFiles/clock.dir/home/dreg/.pico-sdk/sdk/2.2.0/src/rp2_common/pico_float/float_math.c.o (sqrtf)
/home/dreg/.pico-sdk/toolchain/14_2_Rel1/bin/../lib/gcc/arm-none-eabi/14.2.1/../../../../arm-none-eabi/lib/thumb/v8-m.main+fp/softfp/libm.a(libm_a-ef_sqrt.o)
                              /home/dreg/.pico-sdk/toolchain/14_2_Rel1/bin/../lib/gcc/arm-none-eabi/14.2.1/../../../../arm-none-eabi/lib/thumb/v8-m.main+fp/softfp/libm.a(libm_a-wf_sqrt.o) (__ieee754_sqrtf)
/home/dreg/.pico-sdk/toolchain/14_2_Rel1/bin/../lib/gcc/arm-none-eabi/14.2.1/thumb/v8-m.main+fp/softfp/libgcc.a(_arm_addsubdf3.o)
                              CMakeFiles/clock.dir/home/dreg/.pico-sdk/sdk/2.2.0/src/rp2_common/pico_float/float_math.c.o (__aeabi_f2d)
/home/dreg/.pico-sdk/toolchain/14_2_Rel1/bin/../lib/gcc/arm-none-eabi/14.2.1/thumb/v8-m.main+fp/softfp/libgcc.a(_aeabi_ldivmod.o)
                              CMakeFiles/clock.dir/home/dreg/.pico-sdk/sdk/2.2.0/src/common/pico_time/time.c.o (__aeabi_ldivmod)
/home/dreg/.pico-sdk/toolchain/14_2_Rel1/bin/../lib/gcc/arm-none-eabi/14.2.1/thumb/v8-m.main+fp/softfp/libgcc.a(_aeabi_uldivmod.o)
                              CMakeFiles/clock.dir/home/dreg/.pico-sdk/sdk/2.2.0/src/rp2_common/hardware_clocks/clocks.c.o (__aeabi_uldivmod)
/home/dreg/.pico-sdk/toolchain/14_2_Rel1/bin/../lib/gcc/arm-none-eabi/14.2.1/thumb/v8-m.main+fp/softfp/libgcc.a(_udivmoddi4.o)
                              /home/dreg/.pico-sdk/toolchain/14_2_Rel1/bin/../lib/gcc/arm-none-eabi/14.2.1/thumb/v8-m.main+fp/softfp/libgcc.a(_aeabi_ldivmod.o) (__udivmoddi4)
/home/dreg/.pico-sdk/toolchain/14_2_Rel1/bin/../lib/gcc/arm-none-eabi/14.2.1/thumb/v8-m.main+fp/softfp/libgcc.a(_dvmd_tls.o)
                              /home/dreg/.pico-sdk/toolchain/14_2_Rel1/bin/../lib/gcc/arm-none-eabi/14.2.1/thumb/v8-m.main+fp/softfp/libgcc.a(_aeabi_ldivmod.o) (__aeabi_ldiv0)
/home/dreg/.pico-sdk/toolchain/14_2_Rel1/bin/../lib/gcc/arm-none-eabi/14.2.1/../../../../arm-none-eabi/lib/thumb/v8-m.main+fp/softfp/libg.a(libc_a-calloc.o)
                              CMakeFiles/clock.dir/home/dreg/.pico-sdk/sdk/2.2.0/src/rp2_common/pico_malloc/malloc.c.o (calloc)
/home/dreg/.pico-sdk/toolchain/14_2_Rel1/bin/../lib/gcc/arm-none-eabi/14.2.1/../../../../arm-none-eabi/lib/thumb/v8-m.main+fp/softfp/libg.a(libc_a-callocr.o)
                              /home/dreg/.pico-sdk/toolchain/14_2_Rel1/bin/../lib/gcc/arm-none-eabi/14.2.1/../../../../arm-none-eabi/lib/thumb/v8-m.main+fp/softfp/libg.a(libc_a-calloc.o) (_calloc_r)
/home/dreg/.pico-sdk/toolchain/14_2_Rel1/bin/../lib/gcc/arm-none-eabi/14.2.1/../../../../arm-none-eabi/lib/thumb/v8-m.main+fp/softfp/libg.a(libc_a-malloc.o)
                              CMakeFiles/clock.dir/home/dreg/.pico-sdk/sdk/2.2.0/src/rp2_common/pico_malloc/malloc.c.o (malloc)
/home/dreg/.pico-sdk/toolchain/14_2_Rel1/bin/../lib/gcc/arm-none-eabi/14.2.1/../../../../arm-none-eabi/lib/thumb/v8-m.main+fp/softfp/libg.a(libc_a-mallocr.o)
                              /home/dreg/.pico-sdk/toolchain/14_2_Rel1/bin/../lib/gcc/arm-none-eabi/14.2.1/../../../../arm-none-eabi/lib/thumb/v8-m.main+fp/softfp/libg.a(libc_a-callocr.o) (_malloc_r)
/home/dreg/.pico-sdk/toolchain/14_2_Rel1/bin/../lib/gcc/arm-none-eabi/14.2.1/../../../../arm-none-eabi/lib/thumb/v8-m.main+fp/softfp/libg.a(libc_a-mlock.o)
                              /home/dreg/.pico-sdk/toolchain/14_2_Rel1/bin/../lib/gcc/arm-none-eabi/14.2.1/../../../../arm-none-eabi/lib/thumb/v8-m.main+fp/softfp/libg.a(libc_a-mallocr.o) (__malloc_lock)
/home/dreg/.pico-sdk/toolchain/14_2_Rel1/bin/../lib/gcc/arm-none-eabi/14.2.1/../../../../arm-none-eabi/lib/thumb/v8-m.main+fp/softfp/libg.a(libc_a-realloc.o)
                              CMakeFiles/clock.dir/home/dreg/.pico-sdk/sdk/2.2.0/src/rp2_common/pico_malloc/malloc.c.o (realloc)
/home/dreg/.pico-sdk/toolchain/14_2_Rel1/bin/../lib/gcc/arm-none-eabi/14.2.1/../../../../arm-none-eabi/lib/thumb/v8-m.main+fp/softfp/libg.a(libc_a-reallocr.o)
                              /home/dreg/.pico-sdk/toolchain/14_2_Rel1/bin/../lib/gcc/arm-none-eabi/14.2.1/../../../../arm-none-eabi/lib/thumb/v8-m.main+fp/softfp/libg.a(libc_a-realloc.o) (_realloc_r)
/home/dreg/.pico-sdk/toolchain/14_2_Rel1/bin/../lib/gcc/arm-none-eabi/14.2.1/../../../../arm-none-eabi/lib/thumb/v8-m.main+fp/softfp/libg.a(libc_a-ctype_.o)
                              CMakeFiles/clock.dir/home/dreg/.pico-sdk/sdk/2.2.0/lib/tinyusb/src/tusb.c.o (_ctype_)
/home/dreg/.pico-sdk/toolchain/14_2_Rel1/bin/../lib/gcc/arm-none-eabi/14.2.1/../../../../arm-none-eabi/lib/thumb/v8-m.main+fp/softfp/libg.a(libc_a-memcmp.o)
                              CMakeFiles/clock.dir/home/dreg/.pico-sdk/sdk/2.2.0/src/rp2_common/pico_atomic/atomic.c.o (memcmp)
[...]
Memory Configuration

Name             Origin             Length             Attributes
FLASH            0x10000000         0x00400000         xr
RAM              0x20000000         0x00080000         xrw
SCRATCH_X        0x20080000         0x00001000         xrw
SCRATCH_Y        0x20081000         0x00001000         xrw
*default*        0x00000000         0xffffffff

Linker script and memory map

LOAD /home/dreg/.pico-sdk/toolchain/14_2_Rel1/bin/../lib/gcc/arm-none-eabi/14.2.1/thumb/v8-m.main+fp/softfp/crti.o
LOAD /home/dreg/.pico-sdk/toolchain/14_2_Rel1/bin/../lib/gcc/arm-none-eabi/14.2.1/thumb/v8-m.main+fp/softfp/crtbegin.o
LOAD /home/dreg/.pico-sdk/toolchain/14_2_Rel1/bin/../lib/gcc/arm-none-eabi/14.2.1/../../../../arm-none-eabi/lib/thumb/v8-m.main+fp/softfp/crt0.o

.flash_begin    0x10000000        0x0
                0x10000000                        __flash_binary_start = .

.text           0x10000000     0x6228
                0x10000000                        __logical_binary_start = .
 *(.vectors)
 .vectors       0x10000000      0x124 CMakeFiles/clock.dir/home/dreg/.pico-sdk/sdk/2.2.0/src/rp2_common/pico_crt0/crt0.S.o
                0x10000000                __vectors
                0x10000000                __VECTOR_TABLE
                0x10000110                isr_securefault
                0x10000110                isr_irq30
                0x10000110                __unhandled_user_irq
                0x10000110                isr_irq49
                0x10000110                isr_irq13
                0x10000110                isr_irq43
                0x10000110                isr_irq45
                0x10000110                isr_irq27
                0x10000110                isr_irq32
                0x10000110                isr_irq31
                0x10000110                isr_irq5
                0x10000110                isr_irq11
                0x10000110                isr_irq23
                0x10000110                isr_usagefault
                0x10000110                isr_irq48
                0x10000110                isr_irq35
                0x10000110                isr_irq18
                0x10000110                isr_irq50
                0x10000110                isr_irq40
                0x10000110                isr_irq28
                0x10000110                isr_irq19
                0x10000110                isr_irq36
                0x10000110                isr_irq41
                0x10000110                isr_irq0
                0x10000110                isr_irq6
                0x10000110                isr_memmanage
                0x10000110                isr_irq37
                0x10000110                isr_irq42
                0x10000110                isr_irq22
                0x10000110                isr_irq17
                0x10000110                isr_irq38
                0x10000110                isr_irq14
                0x10000110                __vectors_end
                0x10000110                __default_isrs_start
                0x10000110                isr_irq2
                0x10000110                isr_irq10
                0x10000110                isr_irq8
                0x10000110                isr_debugmonitor
                0x10000110                isr_irq24
                0x10000110                isr_irq46
                0x10000110                isr_irq1
                0x10000110                isr_irq47
                0x10000110                isr_irq51
                0x10000110                isr_irq7
                0x10000110                isr_irq21
                0x10000110                isr_irq39
                0x10000110                isr_irq20
                0x10000110                isr_irq15
                0x10000110                isr_irq25
                0x10000110                isr_irq34
                0x10000110                isr_irq4
                0x10000110                isr_busfault
                0x10000110                isr_irq16
                0x10000110                isr_irq44
                0x10000110                isr_irq29
                0x10000110                isr_irq26
                0x10000110                isr_irq33
                0x10000110                isr_irq3
                0x10000110                isr_irq12
                0x10000110                isr_irq9
                0x10000116                unhandled_user_irq_num_in_r0
                0x10000118                isr_invalid
                0x1000011a                isr_nmi
                0x1000011c                isr_hardfault
                0x1000011e                isr_svcall
                0x10000120                isr_pendsv
                0x10000122                isr_systick
                0x10000124                __default_isrs_end
 *(.binary_info_header)
 .binary_info_header
                0x10000124       0x14 CMakeFiles/clock.dir/home/dreg/.pico-sdk/sdk/2.2.0/src/rp2_common/pico_crt0/crt0.S.o
                0x10000138                        __binary_info_header_end = .
 *(.embedded_block)
 .embedded_block
                0x10000138       0x14 CMakeFiles/clock.dir/home/dreg/.pico-sdk/sdk/2.2.0/src/rp2_common/pico_crt0/crt0.S.o
                0x1000014c                        __embedded_block_end = .
 *(.reset)
 .reset         0x1000014c       0x98 CMakeFiles/clock.dir/home/dreg/.pico-sdk/sdk/2.2.0/src/rp2_common/pico_crt0/crt0.S.o
                0x1000014c                _entry_point
 *(.init)
 .init          0x100001e4        0x4 /home/dreg/.pico-sdk/toolchain/14_2_Rel1/bin/../lib/gcc/arm-none-eabi/14.2.1/thumb/v8-m.main+fp/softfp/crti.o
                0x100001e4                _init
 *libgcc.a:cmse_nonsecure_call.o()
 *(EXCLUDE_FILE(*libm.a: *libc.a:*lib_a-mem*.o *libgcc.a:) .text*)
 .text.register_tm_clones
                0x100001e8       0x28 /home/dreg/.pico-sdk/toolchain/14_2_Rel1/bin/../lib/gcc/arm-none-eabi/14.2.1/thumb/v8-m.main+fp/softfp/crtbegin.o
 .text.frame_dummy
                0x10000210       0x24 /home/dreg/.pico-sdk/toolchain/14_2_Rel1/bin/../lib/gcc/arm-none-eabi/14.2.1/thumb/v8-m.main+fp/softfp/crtbegin.o
 .text.main     0x10000234       0xa0 CMakeFiles/clock.dir/clock.c.o
                0x10000234                main
 .text.gpio_set_function
                0x100002d4       0x38 CMakeFiles/clock.dir/home/dreg/.pico-sdk/sdk/2.2.0/src/rp2_common/hardware_gpio/gpio.c.o
                0x100002d4                gpio_set_function
 .text.gpio_init
                0x1000030c       0x16 CMakeFiles/clock.dir/home/dreg/.pico-sdk/sdk/2.2.0/src/rp2_common/hardware_gpio/gpio.c.o
                0x1000030c                gpio_init
 *fill*         0x10000322        0x2 
 .text.panic    0x10000324       0x30 CMakeFiles/clock.dir/home/dreg/.pico-sdk/sdk/2.2.0/src/rp2_common/pico_platform_panic/panic.c.o
                0x10000324                panic
 .text.hw_claim_lock
                0x10000354       0x24 CMakeFiles/clock.dir/home/dreg/.pico-sdk/sdk/2.2.0/src/common/hardware_claim/claim.c.o
                0x10000354                hw_claim_lock
 .text.hw_claim_unlock
                0x10000378       0x14 CMakeFiles/clock.dir/home/dreg/.pico-sdk/sdk/2.2.0/src/common/hardware_claim/claim.c.o
                0x10000378                hw_claim_unlock
 .text.hw_claim_or_assert
                0x1000038c       0x32 CMakeFiles/clock.dir/home/dreg/.pico-sdk/sdk/2.2.0/src/common/hardware_claim/claim.c.o
                0x1000038c                hw_claim_or_assert
 .text.hw_claim_unused_from_range
                0x100003be       0x4e CMakeFiles/clock.dir/home/dreg/.pico-sdk/sdk/2.2.0/src/common/hardware_claim/claim.c.o
                0x100003be                hw_claim_unused_from_range
 .text.next_striped_spin_lock_num
                0x1000040c       0x1c CMakeFiles/clock.dir/home/dreg/.pico-sdk/sdk/2.2.0/src/rp2_common/hardware_sync/sync.c.o
                0x1000040c                next_striped_spin_lock_num
 .text.spin_lock_claim_unused
                0x10000428       0x24 CMakeFiles/clock.dir/home/dreg/.pico-sdk/sdk/2.2.0/src/rp2_common/hardware_sync/sync.c.o
                0x10000428                spin_lock_claim_unused
 .text.spinlock_set_extexclall
                0x1000044c        0xe CMakeFiles/clock.dir/home/dreg/.pico-sdk/sdk/2.2.0/src/rp2_common/hardware_sync_spin_lock/sync_spin_lock.c.o
 *fill*         0x1000045a        0x2 
 .text.spin_locks_reset
                0x1000045c       0x1c CMakeFiles/clock.dir/home/dreg/.pico-sdk/sdk/2.2.0/src/rp2_common/hardware_sync_spin_lock/sync_spin_lock.c.o
                0x1000045c                spin_locks_reset
 .text.set_raw_irq_handler_and_unlock
                0x10000478       0x24 CMakeFiles/clock.dir/home/dreg/.pico-sdk/sdk/2.2.0/src/rp2_common/hardware_irq/irq.c.o
 .text.nvic_ipr0
                0x1000049c        0x8 CMakeFiles/clock.dir/home/dreg/.pico-sdk/sdk/2.2.0/src/rp2_common/hardware_irq/irq.c.o
 .text.runtime_init_per_core_irq_priorities
                0x100004a4       0x1c CMakeFiles/clock.dir/home/dreg/.pico-sdk/sdk/2.2.0/src/rp2_common/hardware_irq/irq.c.o
                0x100004a4                runtime_init_per_core_irq_priorities
 .text.resolve_j_16
                0x100004c0       0x40 CMakeFiles/clock.dir/home/dreg/.pico-sdk/sdk/2.2.0/src/rp2_common/hardware_irq/irq.c.o
 .text.make_j_16
                0x10000500       0x3c CMakeFiles/clock.dir/home/dreg/.pico-sdk/sdk/2.2.0/src/rp2_common/hardware_irq/irq.c.o
 .text.irq_is_enabled
                0x1000053c       0x20 CMakeFiles/clock.dir/home/dreg/.pico-sdk/sdk/2.2.0/src/rp2_common/hardware_irq/irq.c.o
                0x1000053c                irq_is_enabled
 .text.irq_set_mask_n_enabled
                0x1000055c       0x20 CMakeFiles/clock.dir/home/dreg/.pico-sdk/sdk/2.2.0/src/rp2_common/hardware_irq/irq.c.o
                0x1000055c                irq_set_mask_n_enabled
 .text.irq_set_enabled
                0x1000057c       0x14 CMakeFiles/clock.dir/home/dreg/.pico-sdk/sdk/2.2.0/src/rp2_common/hardware_irq/irq.c.o
                0x1000057c                irq_set_enabled
 .text.irq_set_pending
                0x10000590       0x18 CMakeFiles/clock.dir/home/dreg/.pico-sdk/sdk/2.2.0/src/rp2_common/hardware_irq/irq.c.o
                0x10000590                irq_set_pending
 .text.irq_get_vtable_handler
                0x100005a8       0x10 CMakeFiles/clock.dir/home/dreg/.pico-sdk/sdk/2.2.0/src/rp2_common/hardware_irq/irq.c.o
                0x100005a8                irq_get_vtable_handler
 .text.irq_has_shared_handler
                0x100005b8       0x18 CMakeFiles/clock.dir/home/dreg/.pico-sdk/sdk/2.2.0/src/rp2_common/hardware_irq/irq.c.o
                0x100005b8                irq_has_shared_handler
 .text.irq_set_exclusive_handler
                0x100005d0       0x60 CMakeFiles/clock.dir/home/dreg/.pico-sdk/sdk/2.2.0/src/rp2_common/hardware_irq/irq.c.o
                0x100005d0                irq_set_exclusive_handler
 .text.irq_add_shared_handler
                0x10000630      0x234 CMakeFiles/clock.dir/home/dreg/.pico-sdk/sdk/2.2.0/src/rp2_common/hardware_irq/irq.c.o
                0x10000630                irq_add_shared_handler
 .text.irq_add_tail_to_free_list
                0x10000864       0xf8 CMakeFiles/clock.dir/home/dreg/.pico-sdk/sdk/2.2.0/src/rp2_common/hardware_irq/irq.c.o
                0x10000864                irq_add_tail_to_free_list
 .text.user_irq_claim_unused
                0x1000095c       0x2c CMakeFiles/clock.dir/home/dreg/.pico-sdk/sdk/2.2.0/src/rp2_common/hardware_irq/irq.c.o
                0x1000095c                user_irq_claim_unused
 .text.lock_init
                0x10000988        0xc CMakeFiles/clock.dir/home/dreg/.pico-sdk/sdk/2.2.0/src/common/pico_sync/lock_core.c.o
                0x10000988                lock_init
 .text.mutex_init
                0x10000994       0x1a CMakeFiles/clock.dir/home/dreg/.pico-sdk/sdk/2.2.0/src/common/pico_sync/mutex.c.o
                0x10000994                mutex_init
 .text.recursive_mutex_init
                0x100009ae       0x1e CMakeFiles/clock.dir/home/dreg/.pico-sdk/sdk/2.2.0/src/common/pico_sync/mutex.c.o
                0x100009ae                recursive_mutex_init
 .text.runtime_init_mutex
                0x100009cc       0x4c CMakeFiles/clock.dir/home/dreg/.pico-sdk/sdk/2.2.0/src/common/pico_sync/mutex.c.o
                0x100009cc                runtime_init_mutex
 .text.critical_section_init_with_lock_num
                0x10000a18       0x10 CMakeFiles/clock.dir/home/dreg/.pico-sdk/sdk/2.2.0/src/common/pico_sync/critical_section.c.o
                0x10000a18                critical_section_init_with_lock_num
 .text.critical_section_init
                0x10000a28       0x14 CMakeFiles/clock.dir/home/dreg/.pico-sdk/sdk/2.2.0/src/common/pico_sync/critical_section.c.o
                0x10000a28                critical_section_init
 .text.ta_from_current_irq
                0x10000a3c       0x24 CMakeFiles/clock.dir/home/dreg/.pico-sdk/sdk/2.2.0/src/common/pico_time/time.c.o
 .text.ta_set_timeout
                0x10000a60       0x2a CMakeFiles/clock.dir/home/dreg/.pico-sdk/sdk/2.2.0/src/common/pico_time/time.c.o
 .text.make_alarm_id
                0x10000a8a        0x6 CMakeFiles/clock.dir/home/dreg/.pico-sdk/sdk/2.2.0/src/common/pico_time/time.c.o
 .text.sleep_until_callback
                0x10000a90       0x3c CMakeFiles/clock.dir/home/dreg/.pico-sdk/sdk/2.2.0/src/common/pico_time/time.c.o
 .text.alarm_pool_irq_handler
                0x10000acc      0x2ec CMakeFiles/clock.dir/home/dreg/.pico-sdk/sdk/2.2.0/src/common/pico_time/time.c.o
 .text.ta_enable_irq_handler
                0x10000db8       0x38 CMakeFiles/clock.dir/home/dreg/.pico-sdk/sdk/2.2.0/src/common/pico_time/time.c.o
 .text.alarm_pool_post_alloc_init
                0x10000df0       0x7c CMakeFiles/clock.dir/home/dreg/.pico-sdk/sdk/2.2.0/src/common/pico_time/time.c.o
 .text.alarm_pool_get_default
                0x10000e6c       0x28 CMakeFiles/clock.dir/home/dreg/.pico-sdk/sdk/2.2.0/src/common/pico_time/time.c.o
                0x10000e6c                alarm_pool_get_default
 .text.alarm_pool_add_alarm_at_force_in_context
                0x10000e94       0xc0 CMakeFiles/clock.dir/home/dreg/.pico-sdk/sdk/2.2.0/src/common/pico_time/time.c.o
                0x10000e94                alarm_pool_add_alarm_at_force_in_context
 .text.alarm_pool_add_alarm_at
                0x10000f54       0x38 CMakeFiles/clock.dir/home/dreg/.pico-sdk/sdk/2.2.0/src/common/pico_time/time.c.o
                0x10000f54                alarm_pool_add_alarm_at
 .text.add_alarm_at
                0x10000f8c       0x26 CMakeFiles/clock.dir/home/dreg/.pico-sdk/sdk/2.2.0/src/common/pico_time/time.c.o
 .text.alarm_pool_cancel_alarm
                0x10000fb2       0x72 CMakeFiles/clock.dir/home/dreg/.pico-sdk/sdk/2.2.0/src/common/pico_time/time.c.o
                0x10000fb2                alarm_pool_cancel_alarm
 .text.cancel_alarm
                0x10001024       0x10 CMakeFiles/clock.dir/home/dreg/.pico-sdk/sdk/2.2.0/src/common/pico_time/time.c.o
 .text.alarm_pool_core_num
                0x10001034        0x4 CMakeFiles/clock.dir/home/dreg/.pico-sdk/sdk/2.2.0/src/common/pico_time/time.c.o
                0x10001034                alarm_pool_core_num
 .text.sleep_until
                0x10001038       0xb4 CMakeFiles/clock.dir/home/dreg/.pico-sdk/sdk/2.2.0/src/common/pico_time/time.c.o
                0x10001038                sleep_until
 .text.sleep_us
                0x100010ec       0x24 CMakeFiles/clock.dir/home/dreg/.pico-sdk/sdk/2.2.0/src/common/pico_time/time.c.o
                0x100010ec                sleep_us
 .text.sleep_ms
                0x10001110       0x28 CMakeFiles/clock.dir/home/dreg/.pico-sdk/sdk/2.2.0/src/common/pico_time/time.c.o
                0x10001110                sleep_ms
 .text.best_effort_wfe_or_timeout
                0x10001138       0xfc CMakeFiles/clock.dir/home/dreg/.pico-sdk/sdk/2.2.0/src/common/pico_time/time.c.o
                0x10001138                best_effort_wfe_or_timeout
 .text.alarm_pool_get_default_timer
                0x10001234        0x8 CMakeFiles/clock.dir/home/dreg/.pico-sdk/sdk/2.2.0/src/common/pico_time/time.c.o
                0x10001234                alarm_pool_get_default_timer
 .text.runtime_init_default_alarm_pool
                0x1000123c       0x34 CMakeFiles/clock.dir/home/dreg/.pico-sdk/sdk/2.2.0/src/common/pico_time/time.c.o
                0x1000123c                runtime_init_default_alarm_pool
 .text.timer_hardware_alarm_claim
                0x10001270       0x24 CMakeFiles/clock.dir/home/dreg/.pico-sdk/sdk/2.2.0/src/rp2_common/hardware_timer/timer.c.o
                0x10001270                timer_hardware_alarm_claim
 .text.timer_time_us_64
                0x10001294       0x10 CMakeFiles/clock.dir/home/dreg/.pico-sdk/sdk/2.2.0/src/rp2_common/hardware_timer/timer.c.o
                0x10001294                timer_time_us_64
 .text.timer_busy_wait_until
                0x100012a4       0x1a CMakeFiles/clock.dir/home/dreg/.pico-sdk/sdk/2.2.0/src/rp2_common/hardware_timer/timer.c.o
                0x100012a4                timer_busy_wait_until
 *fill*         0x100012be        0x2 
 .text.time_us_64
                0x100012c0       0x10 CMakeFiles/clock.dir/home/dreg/.pico-sdk/sdk/2.2.0/src/rp2_common/hardware_timer/timer.c.o
                0x100012c0                time_us_64
 .text.busy_wait_until
                0x100012d0       0x14 CMakeFiles/clock.dir/home/dreg/.pico-sdk/sdk/2.2.0/src/rp2_common/hardware_timer/timer.c.o
                0x100012d0                busy_wait_until
 .text.gpio_to_gpout_clock_handle
                0x100012e4       0x30 CMakeFiles/clock.dir/home/dreg/.pico-sdk/sdk/2.2.0/src/rp2_common/hardware_clocks/clocks.c.o
 .text.clock_configure_internal
                0x10001314       0xb8 CMakeFiles/clock.dir/home/dreg/.pico-sdk/sdk/2.2.0/src/rp2_common/hardware_clocks/clocks.c.o
 .text.clock_configure_undivided
                0x100013cc       0x12 CMakeFiles/clock.dir/home/dreg/.pico-sdk/sdk/2.2.0/src/rp2_common/hardware_clocks/clocks.c.o
                0x100013cc                clock_configure_undivided
 *fill*         0x100013de        0x2 
 .text.clock_get_hz
                0x100013e0        0xc CMakeFiles/clock.dir/home/dreg/.pico-sdk/sdk/2.2.0/src/rp2_common/hardware_clocks/clocks.c.o
                0x100013e0                clock_get_hz
 .text.clock_gpio_init_int_frac16
                0x100013ec       0x3c CMakeFiles/clock.dir/home/dreg/.pico-sdk/sdk/2.2.0/src/rp2_common/hardware_clocks/clocks.c.o
                0x100013ec                clock_gpio_init_int_frac16
 .text.pll_init
                0x10001428      0x108 CMakeFiles/clock.dir/home/dreg/.pico-sdk/sdk/2.2.0/src/rp2_common/hardware_pll/pll.c.o
                0x10001428                pll_init
 .text.watchdog_update
                0x10001530       0x14 CMakeFiles/clock.dir/home/dreg/.pico-sdk/sdk/2.2.0/src/rp2_common/hardware_watchdog/watchdog.c.o
                0x10001530                watchdog_update
 .text._watchdog_enable
                0x10001544       0x6c CMakeFiles/clock.dir/home/dreg/.pico-sdk/sdk/2.2.0/src/rp2_common/hardware_watchdog/watchdog.c.o
                0x10001544                _watchdog_enable
 .text.watchdog_reboot
                0x100015b0       0x44 CMakeFiles/clock.dir/home/dreg/.pico-sdk/sdk/2.2.0/src/rp2_common/hardware_watchdog/watchdog.c.o
                0x100015b0                watchdog_reboot
 .text.tick_start
                0x100015f4       0x1c CMakeFiles/clock.dir/home/dreg/.pico-sdk/sdk/2.2.0/src/rp2_common/hardware_ticks/ticks.c.o
                0x100015f4                tick_start
 .text.rom_reboot
                0x10001610       0x40 CMakeFiles/clock.dir/home/dreg/.pico-sdk/sdk/2.2.0/src/rp2_common/pico_bootrom/bootrom.c.o
 .text.rom_func_lookup
                0x10001650       0x1e CMakeFiles/clock.dir/home/dreg/.pico-sdk/sdk/2.2.0/src/rp2_common/pico_bootrom/bootrom.c.o
                0x10001650                rom_func_lookup
 .text.rom_reset_usb_boot_extra
                0x1000166e       0x20 CMakeFiles/clock.dir/home/dreg/.pico-sdk/sdk/2.2.0/src/rp2_common/pico_bootrom/bootrom.c.o
                0x1000166e                rom_reset_usb_boot_extra
 *fill*         0x1000168e        0x2 
 .text.runtime_init_bootrom_locking_enable
                0x10001690       0x14 CMakeFiles/clock.dir/home/dreg/.pico-sdk/sdk/2.2.0/src/rp2_common/pico_bootrom/bootrom_lock.c.o
                0x10001690                runtime_init_bootrom_locking_enable
 .text.boot_locks_reset
                0x100016a4       0x20 CMakeFiles/clock.dir/home/dreg/.pico-sdk/sdk/2.2.0/src/rp2_common/hardware_boot_lock/boot_lock.c.o
                0x100016a4                boot_locks_reset
 .text.runtime_init_boot_locks_reset
                0x100016c4        0x8 CMakeFiles/clock.dir/home/dreg/.pico-sdk/sdk/2.2.0/src/rp2_common/hardware_boot_lock/boot_lock.c.o
                0x100016c4                runtime_init_boot_locks_reset
 .text.xosc_init
                0x100016cc       0x28 CMakeFiles/clock.dir/home/dreg/.pico-sdk/sdk/2.2.0/src/rp2_common/hardware_xosc/xosc.c.o
                0x100016cc                xosc_init
 .text.runtime_run_initializers_from
                0x100016f4       0x18 CMakeFiles/clock.dir/home/dreg/.pico-sdk/sdk/2.2.0/src/rp2_common/pico_runtime/runtime.c.o
 .text.first_per_core_initializer
                0x1000170c        0x2 CMakeFiles/clock.dir/home/dreg/.pico-sdk/sdk/2.2.0/src/rp2_common/pico_runtime/runtime.c.o
 *fill*         0x1000170e        0x2 
 .text.runtime_run_initializers
                0x10001710       0x10 CMakeFiles/clock.dir/home/dreg/.pico-sdk/sdk/2.2.0/src/rp2_common/pico_runtime/runtime.c.o
                0x10001710                runtime_run_initializers
 .text.runtime_init_early_resets
                0x10001720       0x2c CMakeFiles/clock.dir/home/dreg/.pico-sdk/sdk/2.2.0/src/rp2_common/pico_runtime_init/runtime_init.c.o
                0x10001720                runtime_init_early_resets
 .text.runtime_init_usb_power_down
                0x1000174c       0x20 CMakeFiles/clock.dir/home/dreg/.pico-sdk/sdk/2.2.0/src/rp2_common/pico_runtime_init/runtime_init.c.o
                0x1000174c                runtime_init_usb_power_down
 .text.runtime_init_per_core_enable_coprocessors
                0x1000176c       0x1c CMakeFiles/clock.dir/home/dreg/.pico-sdk/sdk/2.2.0/src/rp2_common/pico_runtime_init/runtime_init.c.o
                0x1000176c                runtime_init_per_core_enable_coprocessors
 .text.runtime_init_post_clock_resets
                0x10001788       0x20 CMakeFiles/clock.dir/home/dreg/.pico-sdk/sdk/2.2.0/src/rp2_common/pico_runtime_init/runtime_init.c.o
                0x10001788                runtime_init_post_clock_resets
 .text.runtime_init_bootrom_reset
                0x100017a8       0x12 CMakeFiles/clock.dir/home/dreg/.pico-sdk/sdk/2.2.0/src/rp2_common/pico_runtime_init/runtime_init.c.o
                0x100017a8                runtime_init_bootrom_reset
 .text.runtime_init_per_core_bootrom_reset
                0x100017ba       0x12 CMakeFiles/clock.dir/home/dreg/.pico-sdk/sdk/2.2.0/src/rp2_common/pico_runtime_init/runtime_init.c.o
                0x100017ba                runtime_init_per_core_bootrom_reset
 .text.runtime_init_spin_locks_reset
                0x100017cc        0x8 CMakeFiles/clock.dir/home/dreg/.pico-sdk/sdk/2.2.0/src/rp2_common/pico_runtime_init/runtime_init.c.o
                0x100017cc                runtime_init_spin_locks_reset
 .text.runtime_init_install_ram_vector_table
                0x100017d4       0x48 CMakeFiles/clock.dir/home/dreg/.pico-sdk/sdk/2.2.0/src/rp2_common/pico_runtime_init/runtime_init.c.o
                0x100017d4                runtime_init_install_ram_vector_table
 .text.start_all_ticks
                0x1000181c       0x28 CMakeFiles/clock.dir/home/dreg/.pico-sdk/sdk/2.2.0/src/rp2_common/pico_runtime_init/runtime_init_clocks.c.o
 .text.runtime_init_clocks
                0x10001844       0xc4 CMakeFiles/clock.dir/home/dreg/.pico-sdk/sdk/2.2.0/src/rp2_common/pico_runtime_init/runtime_init_clocks.c.o
                0x10001844                runtime_init_clocks
 .text.__rp2350_dcp_engaged_state_save_restore
                0x10001908       0x3a CMakeFiles/clock.dir/home/dreg/.pico-sdk/sdk/2.2.0/src/rp2_common/pico_double/double_aeabi_dcp.S.o
 *fill*         0x10001942        0x2 
 .text.__wrap___aeabi_dadd
                0x10001944       0x28 CMakeFiles/clock.dir/home/dreg/.pico-sdk/sdk/2.2.0/src/rp2_common/pico_double/double_aeabi_dcp.S.o
                0x1000194c                __wrap___aeabi_dadd
 .text.__wrap___aeabi_dsub
                0x1000196c       0x28 CMakeFiles/clock.dir/home/dreg/.pico-sdk/sdk/2.2.0/src/rp2_common/pico_double/double_aeabi_dcp.S.o
                0x10001974                __wrap___aeabi_dsub
 .text.__wrap___aeabi_dmul
                0x10001994       0x4c CMakeFiles/clock.dir/home/dreg/.pico-sdk/sdk/2.2.0/src/rp2_common/pico_double/double_aeabi_dcp.S.o
                0x1000199c                __wrap___aeabi_dmul
 .text.__wrap___aeabi_ddiv
                0x100019e0       0x9c CMakeFiles/clock.dir/home/dreg/.pico-sdk/sdk/2.2.0/src/rp2_common/pico_double/double_aeabi_dcp.S.o
                0x100019e8                __wrap___aeabi_ddiv
 .text.__wrap___aeabi_i2d
                0x10001a7c       0x24 CMakeFiles/clock.dir/home/dreg/.pico-sdk/sdk/2.2.0/src/rp2_common/pico_double/double_aeabi_dcp.S.o
                0x10001a84                __wrap___aeabi_i2d
                0x10001a84                int2double
 .text.__wrap___aeabi_ui2d
                0x10001aa0       0x24 CMakeFiles/clock.dir/home/dreg/.pico-sdk/sdk/2.2.0/src/rp2_common/pico_double/double_aeabi_dcp.S.o
                0x10001aa8                __wrap___aeabi_ui2d
                0x10001aa8                uint2double
 .text.__wrap___aeabi_d2iz
                0x10001ac4       0x24 CMakeFiles/clock.dir/home/dreg/.pico-sdk/sdk/2.2.0/src/rp2_common/pico_double/double_aeabi_dcp.S.o
                0x10001acc                __wrap___aeabi_d2iz
                0x10001acc                double2int_z
 .text.__wrap___aeabi_d2uiz
                0x10001ae8       0x24 CMakeFiles/clock.dir/home/dreg/.pico-sdk/sdk/2.2.0/src/rp2_common/pico_double/double_aeabi_dcp.S.o
                0x10001af0                double2uint_z
                0x10001af0                double2uint
                0x10001af0                __wrap___aeabi_d2uiz
 .text.__wrap___aeabi_dcmpun
                0x10001b0c       0x24 CMakeFiles/clock.dir/home/dreg/.pico-sdk/sdk/2.2.0/src/rp2_common/pico_double/double_aeabi_dcp.S.o
                0x10001b14                __wrap___aeabi_dcmpun
 .text.__wrap___aeabi_dcmplt
                0x10001b30       0x28 CMakeFiles/clock.dir/home/dreg/.pico-sdk/sdk/2.2.0/src/rp2_common/pico_double/double_aeabi_dcp.S.o
                0x10001b38                __wrap___aeabi_dcmplt
 .text.__wrap___aeabi_dcmple
                0x10001b58       0x28 CMakeFiles/clock.dir/home/dreg/.pico-sdk/sdk/2.2.0/src/rp2_common/pico_double/double_aeabi_dcp.S.o
                0x10001b60                __wrap___aeabi_dcmple
 .text.__wrap___aeabi_dcmpge
                0x10001b80       0x28 CMakeFiles/clock.dir/home/dreg/.pico-sdk/sdk/2.2.0/src/rp2_common/pico_double/double_aeabi_dcp.S.o
                0x10001b88                __wrap___aeabi_dcmpge
 .text.__wrap___aeabi_dcmpgt
                0x10001ba8       0x28 CMakeFiles/clock.dir/home/dreg/.pico-sdk/sdk/2.2.0/src/rp2_common/pico_double/double_aeabi_dcp.S.o
                0x10001bb0                __wrap___aeabi_dcmpgt
 .text._out_null
                0x10001bd0        0x2 CMakeFiles/clock.dir/home/dreg/.pico-sdk/sdk/2.2.0/src/rp2_common/pico_printf/printf.c.o
 .text._out_fct
                0x10001bd2        0xe CMakeFiles/clock.dir/home/dreg/.pico-sdk/sdk/2.2.0/src/rp2_common/pico_printf/printf.c.o
 .text._atoi    0x10001be0       0x26 CMakeFiles/clock.dir/home/dreg/.pico-sdk/sdk/2.2.0/src/rp2_common/pico_printf/printf.c.o
 .text._out_rev
                0x10001c06       0x7e CMakeFiles/clock.dir/home/dreg/.pico-sdk/sdk/2.2.0/src/rp2_common/pico_printf/printf.c.o
 .text._ntoa_format
                0x10001c84      0x134 CMakeFiles/clock.dir/home/dreg/.pico-sdk/sdk/2.2.0/src/rp2_common/pico_printf/printf.c.o
 .text._ntoa_long
                0x10001db8       0x94 CMakeFiles/clock.dir/home/dreg/.pico-sdk/sdk/2.2.0/src/rp2_common/pico_printf/printf.c.o
 .text._ntoa_long_long
                0x10001e4c       0xc2 CMakeFiles/clock.dir/home/dreg/.pico-sdk/sdk/2.2.0/src/rp2_common/pico_printf/printf.c.o
 *fill*         0x10001f0e        0x2 
 .text._etoa    0x10001f10      0x420 CMakeFiles/clock.dir/home/dreg/.pico-sdk/sdk/2.2.0/src/rp2_common/pico_printf/printf.c.o
 .text._ftoa    0x10002330      0x398 CMakeFiles/clock.dir/home/dreg/.pico-sdk/sdk/2.2.0/src/rp2_common/pico_printf/printf.c.o
 .text._vsnprintf
                0x100026c8      0x6d8 CMakeFiles/clock.dir/home/dreg/.pico-sdk/sdk/2.2.0/src/rp2_common/pico_printf/printf.c.o
 .text.vfctprintf
                0x10002da0       0x24 CMakeFiles/clock.dir/home/dreg/.pico-sdk/sdk/2.2.0/src/rp2_common/pico_printf/printf.c.o
                0x10002da0                vfctprintf
 .text._exit    0x10002dc4        0x4 CMakeFiles/clock.dir/home/dreg/.pico-sdk/sdk/2.2.0/src/rp2_common/pico_clib_interface/newlib_interface.c.o
                0x10002dc4                _exit
 .text.exit     0x10002dc8        0x6 CMakeFiles/clock.dir/home/dreg/.pico-sdk/sdk/2.2.0/src/rp2_common/pico_clib_interface/newlib_interface.c.o
                0x10002dc8                exit
 *fill*         0x10002dce        0x2 
 .text.__assert_func
                0x10002dd0       0x34 CMakeFiles/clock.dir/home/dreg/.pico-sdk/sdk/2.2.0/src/rp2_common/pico_clib_interface/newlib_interface.c.o
                0x10002dd0                __assert_func
 .text.runtime_init
                0x10002e04       0x2c CMakeFiles/clock.dir/home/dreg/.pico-sdk/sdk/2.2.0/src/rp2_common/pico_clib_interface/newlib_interface.c.o
                0x10002e04                runtime_init
 .text.stdio_out_chars_no_crlf
                0x10002e30        0xe CMakeFiles/clock.dir/home/dreg/.pico-sdk/sdk/2.2.0/src/rp2_common/pico_stdio/stdio.c.o
 *fill*         0x10002e3e        0x2 
 .text.stdio_out_chars_crlf
                0x10002e40       0x80 CMakeFiles/clock.dir/home/dreg/.pico-sdk/sdk/2.2.0/src/rp2_common/pico_stdio/stdio.c.o
 .text.stdio_stack_buffer_flush
                0x10002ec0       0x40 CMakeFiles/clock.dir/home/dreg/.pico-sdk/sdk/2.2.0/src/rp2_common/pico_stdio/stdio.c.o
 .text.stdio_buffered_printer
                0x10002f00       0x20 CMakeFiles/clock.dir/home/dreg/.pico-sdk/sdk/2.2.0/src/rp2_common/pico_stdio/stdio.c.o
 .text.stdout_serialize_begin
                0x10002f20       0x2c CMakeFiles/clock.dir/home/dreg/.pico-sdk/sdk/2.2.0/src/rp2_common/pico_stdio/stdio.c.o
                0x10002f20                stdout_serialize_begin
 .text.stdout_serialize_end
                0x10002f4c       0x10 CMakeFiles/clock.dir/home/dreg/.pico-sdk/sdk/2.2.0/src/rp2_common/pico_stdio/stdio.c.o
                0x10002f4c                stdout_serialize_end
 .text.stdio_put_string
                0x10002f5c       0x8c CMakeFiles/clock.dir/home/dreg/.pico-sdk/sdk/2.2.0/src/rp2_common/pico_stdio/stdio.c.o
                0x10002f5c                stdio_put_string
 .text.stdio_set_driver_enabled
                0x10002fe8       0x2c CMakeFiles/clock.dir/home/dreg/.pico-sdk/sdk/2.2.0/src/rp2_common/pico_stdio/stdio.c.o
                0x10002fe8                stdio_set_driver_enabled
 .text.stdio_flush
                0x10003014       0x1c CMakeFiles/clock.dir/home/dreg/.pico-sdk/sdk/2.2.0/src/rp2_common/pico_stdio/stdio.c.o
                0x10003014                stdio_flush
 .text.stdio_init_all
                0x10003030        0x8 CMakeFiles/clock.dir/home/dreg/.pico-sdk/sdk/2.2.0/src/rp2_common/pico_stdio/stdio.c.o
                0x10003030                stdio_init_all
 .text.__wrap_puts
                0x10003038       0x1e CMakeFiles/clock.dir/home/dreg/.pico-sdk/sdk/2.2.0/src/rp2_common/pico_stdio/stdio.c.o
                0x10003038                __wrap_puts
                0x10003038                stdio_puts
 *fill*         0x10003056        0x2 
 .text.__wrap_vprintf
                0x10003058       0x40 CMakeFiles/clock.dir/home/dreg/.pico-sdk/sdk/2.2.0/src/rp2_common/pico_stdio/stdio.c.o
                0x10003058                __wrap_vprintf
                0x10003058                stdio_vprintf
 .text.__wrap_printf
                0x10003098       0x1c CMakeFiles/clock.dir/home/dreg/.pico-sdk/sdk/2.2.0/src/rp2_common/pico_stdio/stdio.c.o
                0x10003098                stdio_printf
                0x10003098                __wrap_printf
 .text.resetd_init
                0x100030b4        0x2 CMakeFiles/clock.dir/home/dreg/.pico-sdk/sdk/2.2.0/src/rp2_common/pico_stdio_usb/reset_interface.c.o
 *fill*         0x100030b6        0x2 
 .text.resetd_reset
                0x100030b8        0xc CMakeFiles/clock.dir/home/dreg/.pico-sdk/sdk/2.2.0/src/rp2_common/pico_stdio_usb/reset_interface.c.o
 .text.resetd_open
                0x100030c4       0x34 CMakeFiles/clock.dir/home/dreg/.pico-sdk/sdk/2.2.0/src/rp2_common/pico_stdio_usb/reset_interface.c.o
 .text.resetd_xfer_cb
                0x100030f8        0x4 CMakeFiles/clock.dir/home/dreg/.pico-sdk/sdk/2.2.0/src/rp2_common/pico_stdio_usb/reset_interface.c.o
 .text.resetd_control_xfer_cb
                0x100030fc       0x54 CMakeFiles/clock.dir/home/dreg/.pico-sdk/sdk/2.2.0/src/rp2_common/pico_stdio_usb/reset_interface.c.o
 .text.tud_descriptor_bos_cb
                0x10003150        0x8 CMakeFiles/clock.dir/home/dreg/.pico-sdk/sdk/2.2.0/src/rp2_common/pico_stdio_usb/reset_interface.c.o
                0x10003150                tud_descriptor_bos_cb
 .text.tud_vendor_control_xfer_cb
                0x10003158       0x30 CMakeFiles/clock.dir/home/dreg/.pico-sdk/sdk/2.2.0/src/rp2_common/pico_stdio_usb/reset_interface.c.o
                0x10003158                tud_vendor_control_xfer_cb
 .text.usbd_app_driver_get_cb
                0x10003188        0xc CMakeFiles/clock.dir/home/dreg/.pico-sdk/sdk/2.2.0/src/rp2_common/pico_stdio_usb/reset_interface.c.o
                0x10003188                usbd_app_driver_get_cb
 .text.tud_cdc_line_coding_cb
                0x10003194       0x18 CMakeFiles/clock.dir/home/dreg/.pico-sdk/sdk/2.2.0/src/rp2_common/pico_stdio_usb/reset_interface.c.o
                0x10003194                tud_cdc_line_coding_cb
 .text.stdio_usb_set_chars_available_callback
                0x100031ac       0x14 CMakeFiles/clock.dir/home/dreg/.pico-sdk/sdk/2.2.0/src/rp2_common/pico_stdio_usb/stdio_usb.c.o
                0x100031ac                stdio_usb_set_chars_available_callback
 .text.stdio_usb_out_flush
                0x100031c0       0x48 CMakeFiles/clock.dir/home/dreg/.pico-sdk/sdk/2.2.0/src/rp2_common/pico_stdio_usb/stdio_usb.c.o
 .text.timer_task
                0x10003208       0x70 CMakeFiles/clock.dir/home/dreg/.pico-sdk/sdk/2.2.0/src/rp2_common/pico_stdio_usb/stdio_usb.c.o
 .text.usb_irq  0x10003278       0x10 CMakeFiles/clock.dir/home/dreg/.pico-sdk/sdk/2.2.0/src/rp2_common/pico_stdio_usb/stdio_usb.c.o
 .text.alarm_pool_add_alarm_in_us
                0x10003288       0x3a CMakeFiles/clock.dir/home/dreg/.pico-sdk/sdk/2.2.0/src/rp2_common/pico_stdio_usb/stdio_usb.c.o
 .text.add_alarm_in_us
                0x100032c2       0x26 CMakeFiles/clock.dir/home/dreg/.pico-sdk/sdk/2.2.0/src/rp2_common/pico_stdio_usb/stdio_usb.c.o
 .text.low_priority_worker_irq
                0x100032e8       0xa8 CMakeFiles/clock.dir/home/dreg/.pico-sdk/sdk/2.2.0/src/rp2_common/pico_stdio_usb/stdio_usb.c.o
 .text.stdio_usb_init
                0x10003390       0xd4 CMakeFiles/clock.dir/home/dreg/.pico-sdk/sdk/2.2.0/src/rp2_common/pico_stdio_usb/stdio_usb.c.o
                0x10003390                stdio_usb_init
 .text.stdio_usb_connected
                0x10003464        0xa CMakeFiles/clock.dir/home/dreg/.pico-sdk/sdk/2.2.0/src/rp2_common/pico_stdio_usb/stdio_usb.c.o
                0x10003464                stdio_usb_connected
 *fill*         0x1000346e        0x2 
 .text.stdio_usb_in_chars
                0x10003470       0x8c CMakeFiles/clock.dir/home/dreg/.pico-sdk/sdk/2.2.0/src/rp2_common/pico_stdio_usb/stdio_usb.c.o
                0x10003470                stdio_usb_in_chars
 .text.stdio_usb_out_chars
                0x100034fc       0xd4 CMakeFiles/clock.dir/home/dreg/.pico-sdk/sdk/2.2.0/src/rp2_common/pico_stdio_usb/stdio_usb.c.o
 .text.tud_descriptor_device_cb
                0x100035d0        0x8 CMakeFiles/clock.dir/home/dreg/.pico-sdk/sdk/2.2.0/src/rp2_common/pico_stdio_usb/stdio_usb_descriptors.c.o
                0x100035d0                tud_descriptor_device_cb
 .text.tud_descriptor_configuration_cb
                0x100035d8        0x8 CMakeFiles/clock.dir/home/dreg/.pico-sdk/sdk/2.2.0/src/rp2_common/pico_stdio_usb/stdio_usb_descriptors.c.o
                0x100035d8                tud_descriptor_configuration_cb
 .text.tud_descriptor_string_cb
                0x100035e0       0x64 CMakeFiles/clock.dir/home/dreg/.pico-sdk/sdk/2.2.0/src/rp2_common/pico_stdio_usb/stdio_usb_descriptors.c.o
                0x100035e0                tud_descriptor_string_cb
 .text._retrieve_unique_id_on_boot
                0x10003644       0x58 CMakeFiles/clock.dir/home/dreg/.pico-sdk/sdk/2.2.0/src/rp2_common/pico_unique_id/unique_id.c.o
 .text.pico_get_unique_board_id_string
                0x1000369c       0x5c CMakeFiles/clock.dir/home/dreg/.pico-sdk/sdk/2.2.0/src/rp2_common/pico_unique_id/unique_id.c.o
                0x1000369c                pico_get_unique_board_id_string
 .text.hw_endpoint_init
                0x100036f8       0xbc CMakeFiles/clock.dir/home/dreg/.pico-sdk/sdk/2.2.0/lib/tinyusb/src/portable/raspberrypi/rp2040/dcd_rp2040.c.o
 .text.hw_endpoint_alloc
                0x100037b4       0x48 CMakeFiles/clock.dir/home/dreg/.pico-sdk/sdk/2.2.0/lib/tinyusb/src/portable/raspberrypi/rp2040/dcd_rp2040.c.o
 .text.hw_endpoint_open
                0x100037fc       0x44 CMakeFiles/clock.dir/home/dreg/.pico-sdk/sdk/2.2.0/lib/tinyusb/src/portable/raspberrypi/rp2040/dcd_rp2040.c.o
 .text.hw_endpoint_xfer
                0x10003840       0x1c CMakeFiles/clock.dir/home/dreg/.pico-sdk/sdk/2.2.0/lib/tinyusb/src/portable/raspberrypi/rp2040/dcd_rp2040.c.o
 .text.dcd_int_enable
                0x1000385c       0x28 CMakeFiles/clock.dir/home/dreg/.pico-sdk/sdk/2.2.0/lib/tinyusb/src/portable/raspberrypi/rp2040/dcd_rp2040.c.o
                0x1000385c                dcd_int_enable
 .text.dcd_set_address
                0x10003884       0x2c CMakeFiles/clock.dir/home/dreg/.pico-sdk/sdk/2.2.0/lib/tinyusb/src/portable/raspberrypi/rp2040/dcd_rp2040.c.o
                0x10003884                dcd_set_address
 .text.dcd_connect
                0x100038b0       0x10 CMakeFiles/clock.dir/home/dreg/.pico-sdk/sdk/2.2.0/lib/tinyusb/src/portable/raspberrypi/rp2040/dcd_rp2040.c.o
                0x100038b0                dcd_connect
 .text.dcd_init
                0x100038c0       0x84 CMakeFiles/clock.dir/home/dreg/.pico-sdk/sdk/2.2.0/lib/tinyusb/src/portable/raspberrypi/rp2040/dcd_rp2040.c.o
                0x100038c0                dcd_init
 .text.dcd_sof_enable
                0x10003944       0x1c CMakeFiles/clock.dir/home/dreg/.pico-sdk/sdk/2.2.0/lib/tinyusb/src/portable/raspberrypi/rp2040/dcd_rp2040.c.o
                0x10003944                dcd_sof_enable
 .text.dcd_edpt0_status_complete
                0x10003960       0x20 CMakeFiles/clock.dir/home/dreg/.pico-sdk/sdk/2.2.0/lib/tinyusb/src/portable/raspberrypi/rp2040/dcd_rp2040.c.o
                0x10003960                dcd_edpt0_status_complete
 .text.dcd_edpt_open
                0x10003980       0x22 CMakeFiles/clock.dir/home/dreg/.pico-sdk/sdk/2.2.0/lib/tinyusb/src/portable/raspberrypi/rp2040/dcd_rp2040.c.o
                0x10003980                dcd_edpt_open
 .text.dcd_edpt_close_all
                0x100039a2        0x8 CMakeFiles/clock.dir/home/dreg/.pico-sdk/sdk/2.2.0/lib/tinyusb/src/portable/raspberrypi/rp2040/dcd_rp2040.c.o
                0x100039a2                dcd_edpt_close_all
 *fill*         0x100039aa        0x2 
 .text.dcd_edpt_xfer
                0x100039ac       0x2c CMakeFiles/clock.dir/home/dreg/.pico-sdk/sdk/2.2.0/lib/tinyusb/src/portable/raspberrypi/rp2040/dcd_rp2040.c.o
                0x100039ac                dcd_edpt_xfer
 .text.dcd_edpt_stall
                0x100039d8       0x38 CMakeFiles/clock.dir/home/dreg/.pico-sdk/sdk/2.2.0/lib/tinyusb/src/portable/raspberrypi/rp2040/dcd_rp2040.c.o
                0x100039d8                dcd_edpt_stall
 .text.dcd_edpt_clear_stall
                0x10003a10       0x28 CMakeFiles/clock.dir/home/dreg/.pico-sdk/sdk/2.2.0/lib/tinyusb/src/portable/raspberrypi/rp2040/dcd_rp2040.c.o
                0x10003a10                dcd_edpt_clear_stall
 .text.unaligned_memcpy
                0x10003a38       0x14 CMakeFiles/clock.dir/home/dreg/.pico-sdk/sdk/2.2.0/lib/tinyusb/src/portable/raspberrypi/rp2040/rp2040_usb.c.o
 .text.rp2040_usb_init
                0x10003a4c       0x40 CMakeFiles/clock.dir/home/dreg/.pico-sdk/sdk/2.2.0/lib/tinyusb/src/portable/raspberrypi/rp2040/rp2040_usb.c.o
                0x10003a4c                rp2040_usb_init
 .text.hw_endpoint_xfer_start
                0x10003a8c       0x58 CMakeFiles/clock.dir/home/dreg/.pico-sdk/sdk/2.2.0/lib/tinyusb/src/portable/raspberrypi/rp2040/rp2040_usb.c.o
                0x10003a8c                hw_endpoint_xfer_start
 .text.configuration_reset
                0x10003ae4       0x90 CMakeFiles/clock.dir/home/dreg/.pico-sdk/sdk/2.2.0/lib/tinyusb/src/device/usbd.c.o
 .text.usbd_reset
                0x10003b74        0xc CMakeFiles/clock.dir/home/dreg/.pico-sdk/sdk/2.2.0/lib/tinyusb/src/device/usbd.c.o
 .text.invoke_class_control
                0x10003b80       0x1a CMakeFiles/clock.dir/home/dreg/.pico-sdk/sdk/2.2.0/lib/tinyusb/src/device/usbd.c.o
 *fill*         0x10003b9a        0x2 
 .text.process_set_config
                0x10003b9c      0x1cc CMakeFiles/clock.dir/home/dreg/.pico-sdk/sdk/2.2.0/lib/tinyusb/src/device/usbd.c.o
 .text.tud_event_hook_cb
                0x10003d68        0x2 CMakeFiles/clock.dir/home/dreg/.pico-sdk/sdk/2.2.0/lib/tinyusb/src/device/usbd.c.o
                0x10003d68                tud_event_hook_cb
 .text.tud_sof_cb
                0x10003d6a        0x2 CMakeFiles/clock.dir/home/dreg/.pico-sdk/sdk/2.2.0/lib/tinyusb/src/device/usbd.c.o
                0x10003d6a                tud_sof_cb
 .text.tud_descriptor_device_qualifier_cb
                0x10003d6c        0x4 CMakeFiles/clock.dir/home/dreg/.pico-sdk/sdk/2.2.0/lib/tinyusb/src/device/usbd.c.o
                0x10003d6c                tud_descriptor_device_qualifier_cb
 .text.tud_descriptor_other_speed_configuration_cb
                0x10003d70        0x4 CMakeFiles/clock.dir/home/dreg/.pico-sdk/sdk/2.2.0/lib/tinyusb/src/device/usbd.c.o
                0x10003d70                tud_descriptor_other_speed_configuration_cb
 .text.process_get_descriptor
                0x10003d74       0xf8 CMakeFiles/clock.dir/home/dreg/.pico-sdk/sdk/2.2.0/lib/tinyusb/src/device/usbd.c.o
 .text.tud_mount_cb
                0x10003e6c        0x2 CMakeFiles/clock.dir/home/dreg/.pico-sdk/sdk/2.2.0/lib/tinyusb/src/device/usbd.c.o
                0x10003e6c                tud_mount_cb
 .text.tud_umount_cb
                0x10003e6e        0x2 CMakeFiles/clock.dir/home/dreg/.pico-sdk/sdk/2.2.0/lib/tinyusb/src/device/usbd.c.o
                0x10003e6e                tud_umount_cb
 .text.tud_suspend_cb
                0x10003e70        0x2 CMakeFiles/clock.dir/home/dreg/.pico-sdk/sdk/2.2.0/lib/tinyusb/src/device/usbd.c.o
                0x10003e70                tud_suspend_cb
 .text.tud_resume_cb
                0x10003e72        0x2 CMakeFiles/clock.dir/home/dreg/.pico-sdk/sdk/2.2.0/lib/tinyusb/src/device/usbd.c.o
                0x10003e72                tud_resume_cb
 .text.tud_mounted
                0x10003e74       0x14 CMakeFiles/clock.dir/home/dreg/.pico-sdk/sdk/2.2.0/lib/tinyusb/src/device/usbd.c.o
                0x10003e74                tud_mounted
 .text.tud_suspended
                0x10003e88       0x10 CMakeFiles/clock.dir/home/dreg/.pico-sdk/sdk/2.2.0/lib/tinyusb/src/device/usbd.c.o
                0x10003e88                tud_suspended
 .text.tud_inited
                0x10003e98       0x10 CMakeFiles/clock.dir/home/dreg/.pico-sdk/sdk/2.2.0/lib/tinyusb/src/device/usbd.c.o
                0x10003e98                tud_inited
 .text.tud_rhport_init
                0x10003ea8      0x128 CMakeFiles/clock.dir/home/dreg/.pico-sdk/sdk/2.2.0/lib/tinyusb/src/device/usbd.c.o
                0x10003ea8                tud_rhport_init
 .text.usbd_edpt_open
                0x10003fd0       0x7c CMakeFiles/clock.dir/home/dreg/.pico-sdk/sdk/2.2.0/lib/tinyusb/src/device/usbd.c.o
                0x10003fd0                usbd_edpt_open
 .text.usbd_open_edpt_pair
                0x1000404c       0xa4 CMakeFiles/clock.dir/home/dreg/.pico-sdk/sdk/2.2.0/lib/tinyusb/src/device/usbd.c.o
                0x1000404c                usbd_open_edpt_pair
 .text.usbd_edpt_claim
                0x100040f0       0x28 CMakeFiles/clock.dir/home/dreg/.pico-sdk/sdk/2.2.0/lib/tinyusb/src/device/usbd.c.o
                0x100040f0                usbd_edpt_claim
 .text.usbd_edpt_release
                0x10004118       0x28 CMakeFiles/clock.dir/home/dreg/.pico-sdk/sdk/2.2.0/lib/tinyusb/src/device/usbd.c.o
                0x10004118                usbd_edpt_release
 .text.usbd_edpt_xfer
                0x10004140       0x90 CMakeFiles/clock.dir/home/dreg/.pico-sdk/sdk/2.2.0/lib/tinyusb/src/device/usbd.c.o
                0x10004140                usbd_edpt_xfer
 .text.usbd_edpt_stall
                0x100041d0       0x3c CMakeFiles/clock.dir/home/dreg/.pico-sdk/sdk/2.2.0/lib/tinyusb/src/device/usbd.c.o
                0x100041d0                usbd_edpt_stall
 .text.usbd_edpt_clear_stall
                0x1000420c       0x3c CMakeFiles/clock.dir/home/dreg/.pico-sdk/sdk/2.2.0/lib/tinyusb/src/device/usbd.c.o
                0x1000420c                usbd_edpt_clear_stall
 .text.usbd_edpt_stalled
                0x10004248       0x1c CMakeFiles/clock.dir/home/dreg/.pico-sdk/sdk/2.2.0/lib/tinyusb/src/device/usbd.c.o
                0x10004248                usbd_edpt_stalled
 .text.process_control_request
                0x10004264      0x404 CMakeFiles/clock.dir/home/dreg/.pico-sdk/sdk/2.2.0/lib/tinyusb/src/device/usbd.c.o
 .text.tud_task_ext
                0x10004668      0x250 CMakeFiles/clock.dir/home/dreg/.pico-sdk/sdk/2.2.0/lib/tinyusb/src/device/usbd.c.o
                0x10004668                tud_task_ext
 .text.status_stage_xact
                0x100048b8       0x1a CMakeFiles/clock.dir/home/dreg/.pico-sdk/sdk/2.2.0/lib/tinyusb/src/device/usbd_control.c.o
 *fill*         0x100048d2        0x2 
 .text.data_stage_xact
                0x100048d4       0x5c CMakeFiles/clock.dir/home/dreg/.pico-sdk/sdk/2.2.0/lib/tinyusb/src/device/usbd_control.c.o
 .text.tud_control_status
                0x10004930       0x28 CMakeFiles/clock.dir/home/dreg/.pico-sdk/sdk/2.2.0/lib/tinyusb/src/device/usbd_control.c.o
                0x10004930                tud_control_status
 .text.tud_control_xfer
                0x10004958       0xac CMakeFiles/clock.dir/home/dreg/.pico-sdk/sdk/2.2.0/lib/tinyusb/src/device/usbd_control.c.o
                0x10004958                tud_control_xfer
 .text.usbd_control_reset
                0x10004a04       0x14 CMakeFiles/clock.dir/home/dreg/.pico-sdk/sdk/2.2.0/lib/tinyusb/src/device/usbd_control.c.o
                0x10004a04                usbd_control_reset
 .text.usbd_control_set_complete_callback
                0x10004a18        0xc CMakeFiles/clock.dir/home/dreg/.pico-sdk/sdk/2.2.0/lib/tinyusb/src/device/usbd_control.c.o
                0x10004a18                usbd_control_set_complete_callback
 .text.usbd_control_set_request
                0x10004a24       0x1c CMakeFiles/clock.dir/home/dreg/.pico-sdk/sdk/2.2.0/lib/tinyusb/src/device/usbd_control.c.o
                0x10004a24                usbd_control_set_request
 .text.usbd_control_xfer_cb
                0x10004a40      0x10c CMakeFiles/clock.dir/home/dreg/.pico-sdk/sdk/2.2.0/lib/tinyusb/src/device/usbd_control.c.o
                0x10004a40                usbd_control_xfer_cb
 .text._prep_out_transaction
                0x10004b4c       0x94 CMakeFiles/clock.dir/home/dreg/.pico-sdk/sdk/2.2.0/lib/tinyusb/src/class/cdc/cdc_device.c.o
 .text.tud_cdc_n_connected
                0x10004be0       0x34 CMakeFiles/clock.dir/home/dreg/.pico-sdk/sdk/2.2.0/lib/tinyusb/src/class/cdc/cdc_device.c.o
                0x10004be0                tud_cdc_n_connected
 .text.tud_cdc_n_available
                0x10004c14       0x18 CMakeFiles/clock.dir/home/dreg/.pico-sdk/sdk/2.2.0/lib/tinyusb/src/class/cdc/cdc_device.c.o
                0x10004c14                tud_cdc_n_available
 .text.tud_cdc_n_read
                0x10004c2c       0x34 CMakeFiles/clock.dir/home/dreg/.pico-sdk/sdk/2.2.0/lib/tinyusb/src/class/cdc/cdc_device.c.o
                0x10004c2c                tud_cdc_n_read
 .text.tud_cdc_n_write_flush
                0x10004c60       0xb8 CMakeFiles/clock.dir/home/dreg/.pico-sdk/sdk/2.2.0/lib/tinyusb/src/class/cdc/cdc_device.c.o
                0x10004c60                tud_cdc_n_write_flush
 .text.tud_cdc_n_write
                0x10004d18       0x44 CMakeFiles/clock.dir/home/dreg/.pico-sdk/sdk/2.2.0/lib/tinyusb/src/class/cdc/cdc_device.c.o
                0x10004d18                tud_cdc_n_write
 .text.tud_cdc_n_write_available
                0x10004d5c       0x1c CMakeFiles/clock.dir/home/dreg/.pico-sdk/sdk/2.2.0/lib/tinyusb/src/class/cdc/cdc_device.c.o
                0x10004d5c                tud_cdc_n_write_available
 .text.cdcd_init
                0x10004d78       0xa4 CMakeFiles/clock.dir/home/dreg/.pico-sdk/sdk/2.2.0/lib/tinyusb/src/class/cdc/cdc_device.c.o
                0x10004d78                cdcd_init
 .text.cdcd_deinit
                0x10004e1c       0x40 CMakeFiles/clock.dir/home/dreg/.pico-sdk/sdk/2.2.0/lib/tinyusb/src/class/cdc/cdc_device.c.o
                0x10004e1c                cdcd_deinit
 .text.cdcd_reset
                0x10004e5c       0x78 CMakeFiles/clock.dir/home/dreg/.pico-sdk/sdk/2.2.0/lib/tinyusb/src/class/cdc/cdc_device.c.o
                0x10004e5c                cdcd_reset
 .text.cdcd_open
                0x10004ed4      0x124 CMakeFiles/clock.dir/home/dreg/.pico-sdk/sdk/2.2.0/lib/tinyusb/src/class/cdc/cdc_device.c.o
                0x10004ed4                cdcd_open
 .text.cdcd_control_xfer_cb
                0x10004ff8      0x120 CMakeFiles/clock.dir/home/dreg/.pico-sdk/sdk/2.2.0/lib/tinyusb/src/class/cdc/cdc_device.c.o
                0x10004ff8                cdcd_control_xfer_cb
 .text.cdcd_xfer_cb
                0x10005118      0x138 CMakeFiles/clock.dir/home/dreg/.pico-sdk/sdk/2.2.0/lib/tinyusb/src/class/cdc/cdc_device.c.o
                0x10005118                cdcd_xfer_cb
 .text.tud_vendor_n_mounted
                0x10005250       0x30 CMakeFiles/clock.dir/home/dreg/.pico-sdk/sdk/2.2.0/lib/tinyusb/src/class/vendor/vendor_device.c.o
                0x10005250                tud_vendor_n_mounted
 .text.tud_vendor_n_write_flush
                0x10005280       0x20 CMakeFiles/clock.dir/home/dreg/.pico-sdk/sdk/2.2.0/lib/tinyusb/src/class/vendor/vendor_device.c.o
                0x10005280                tud_vendor_n_write_flush
 .text.vendord_init
                0x100052a0       0x90 CMakeFiles/clock.dir/home/dreg/.pico-sdk/sdk/2.2.0/lib/tinyusb/src/class/vendor/vendor_device.c.o
                0x100052a0                vendord_init
 .text.vendord_deinit
                0x10005330       0x30 CMakeFiles/clock.dir/home/dreg/.pico-sdk/sdk/2.2.0/lib/tinyusb/src/class/vendor/vendor_device.c.o
                0x10005330                vendord_deinit
 .text.vendord_reset
                0x10005360       0x48 CMakeFiles/clock.dir/home/dreg/.pico-sdk/sdk/2.2.0/lib/tinyusb/src/class/vendor/vendor_device.c.o
                0x10005360                vendord_reset
 .text.vendord_open
                0x100053a8      0x144 CMakeFiles/clock.dir/home/dreg/.pico-sdk/sdk/2.2.0/lib/tinyusb/src/class/vendor/vendor_device.c.o
                0x100053a8                vendord_open
 .text.vendord_xfer_cb
                0x100054ec       0xb8 CMakeFiles/clock.dir/home/dreg/.pico-sdk/sdk/2.2.0/lib/tinyusb/src/class/vendor/vendor_device.c.o
                0x100054ec                vendord_xfer_cb
 .text.tusb_rhport_init
                0x100055a4       0xac CMakeFiles/clock.dir/home/dreg/.pico-sdk/sdk/2.2.0/lib/tinyusb/src/tusb.c.o
                0x100055a4                tusb_rhport_init
 .text.tu_edpt_claim
                0x10005650       0x50 CMakeFiles/clock.dir/home/dreg/.pico-sdk/sdk/2.2.0/lib/tinyusb/src/tusb.c.o
                0x10005650                tu_edpt_claim
 .text.tu_edpt_release
                0x100056a0       0x3c CMakeFiles/clock.dir/home/dreg/.pico-sdk/sdk/2.2.0/lib/tinyusb/src/tusb.c.o
                0x100056a0                tu_edpt_release
 .text.tu_edpt_validate
                0x100056dc       0xe0 CMakeFiles/clock.dir/home/dreg/.pico-sdk/sdk/2.2.0/lib/tinyusb/src/tusb.c.o
                0x100056dc                tu_edpt_validate
 .text.tu_edpt_bind_driver
                0x100057bc       0x4a CMakeFiles/clock.dir/home/dreg/.pico-sdk/sdk/2.2.0/lib/tinyusb/src/tusb.c.o
                0x100057bc                tu_edpt_bind_driver
 .text.tu_edpt_stream_init
                0x10005806       0x54 CMakeFiles/clock.dir/home/dreg/.pico-sdk/sdk/2.2.0/lib/tinyusb/src/tusb.c.o
                0x10005806                tu_edpt_stream_init
 .text.tu_edpt_stream_deinit
                0x1000585a        0x4 CMakeFiles/clock.dir/home/dreg/.pico-sdk/sdk/2.2.0/lib/tinyusb/src/tusb.c.o
                0x1000585a                tu_edpt_stream_deinit
 *fill*         0x1000585e        0x2 
 .text.tu_edpt_stream_write_zlp_if_needed
                0x10005860       0x90 CMakeFiles/clock.dir/home/dreg/.pico-sdk/sdk/2.2.0/lib/tinyusb/src/tusb.c.o
                0x10005860                tu_edpt_stream_write_zlp_if_needed
 .text.tu_edpt_stream_write_xfer
                0x100058f0       0x98 CMakeFiles/clock.dir/home/dreg/.pico-sdk/sdk/2.2.0/lib/tinyusb/src/tusb.c.o
                0x100058f0                tu_edpt_stream_write_xfer
 .text.tu_edpt_stream_read_xfer
                0x10005988      0x118 CMakeFiles/clock.dir/home/dreg/.pico-sdk/sdk/2.2.0/lib/tinyusb/src/tusb.c.o
                0x10005988                tu_edpt_stream_read_xfer
 .text.advance_index
                0x10005aa0       0x1a CMakeFiles/clock.dir/home/dreg/.pico-sdk/sdk/2.2.0/lib/tinyusb/src/common/tusb_fifo.c.o
 .text._tu_fifo_peek
                0x10005aba       0x62 CMakeFiles/clock.dir/home/dreg/.pico-sdk/sdk/2.2.0/lib/tinyusb/src/common/tusb_fifo.c.o
 .text._ff_pull_n
                0x10005b1c       0x68 CMakeFiles/clock.dir/home/dreg/.pico-sdk/sdk/2.2.0/lib/tinyusb/src/common/tusb_fifo.c.o
 .text._tu_fifo_peek_n
                0x10005b84       0x6a CMakeFiles/clock.dir/home/dreg/.pico-sdk/sdk/2.2.0/lib/tinyusb/src/common/tusb_fifo.c.o
 .text._tu_fifo_read_n
                0x10005bee       0x4c CMakeFiles/clock.dir/home/dreg/.pico-sdk/sdk/2.2.0/lib/tinyusb/src/common/tusb_fifo.c.o
 .text._ff_push_n
                0x10005c3a       0x66 CMakeFiles/clock.dir/home/dreg/.pico-sdk/sdk/2.2.0/lib/tinyusb/src/common/tusb_fifo.c.o
 .text._tu_fifo_write_n
                0x10005ca0       0xf0 CMakeFiles/clock.dir/home/dreg/.pico-sdk/sdk/2.2.0/lib/tinyusb/src/common/tusb_fifo.c.o
 .text.tu_fifo_config
                0x10005d90       0x62 CMakeFiles/clock.dir/home/dreg/.pico-sdk/sdk/2.2.0/lib/tinyusb/src/common/tusb_fifo.c.o
                0x10005d90                tu_fifo_config
 .text.tu_fifo_count
                0x10005df2       0x28 CMakeFiles/clock.dir/home/dreg/.pico-sdk/sdk/2.2.0/lib/tinyusb/src/common/tusb_fifo.c.o
                0x10005df2                tu_fifo_count
 .text.tu_fifo_empty
                0x10005e1a       0x12 CMakeFiles/clock.dir/home/dreg/.pico-sdk/sdk/2.2.0/lib/tinyusb/src/common/tusb_fifo.c.o
                0x10005e1a                tu_fifo_empty
 .text.tu_fifo_full
                0x10005e2c       0x28 CMakeFiles/clock.dir/home/dreg/.pico-sdk/sdk/2.2.0/lib/tinyusb/src/common/tusb_fifo.c.o
                0x10005e2c                tu_fifo_full
 .text.tu_fifo_remaining
                0x10005e54       0x2c CMakeFiles/clock.dir/home/dreg/.pico-sdk/sdk/2.2.0/lib/tinyusb/src/common/tusb_fifo.c.o
                0x10005e54                tu_fifo_remaining
 .text.tu_fifo_read
                0x10005e80       0x3e CMakeFiles/clock.dir/home/dreg/.pico-sdk/sdk/2.2.0/lib/tinyusb/src/common/tusb_fifo.c.o
                0x10005e80                tu_fifo_read
 .text.tu_fifo_read_n
                0x10005ebe        0xa CMakeFiles/clock.dir/home/dreg/.pico-sdk/sdk/2.2.0/lib/tinyusb/src/common/tusb_fifo.c.o
                0x10005ebe                tu_fifo_read_n
 .text.tu_fifo_write
                0x10005ec8       0x5e CMakeFiles/clock.dir/home/dreg/.pico-sdk/sdk/2.2.0/lib/tinyusb/src/common/tusb_fifo.c.o
                0x10005ec8                tu_fifo_write
 .text.tu_fifo_write_n
                0x10005f26        0xa CMakeFiles/clock.dir/home/dreg/.pico-sdk/sdk/2.2.0/lib/tinyusb/src/common/tusb_fifo.c.o
                0x10005f26                tu_fifo_write_n
 .text.tu_fifo_clear
                0x10005f30       0x36 CMakeFiles/clock.dir/home/dreg/.pico-sdk/sdk/2.2.0/lib/tinyusb/src/common/tusb_fifo.c.o
                0x10005f30                tu_fifo_clear
 .text.tu_fifo_set_overwritable
                0x10005f66       0x3a CMakeFiles/clock.dir/home/dreg/.pico-sdk/sdk/2.2.0/lib/tinyusb/src/common/tusb_fifo.c.o
                0x10005f66                tu_fifo_set_overwritable
 .text.memset   0x10005fa0       0x9c /home/dreg/.pico-sdk/toolchain/14_2_Rel1/bin/../lib/gcc/arm-none-eabi/14.2.1/../../../../arm-none-eabi/lib/thumb/v8-m.main+fp/softfp/libg.a(libc_a-memset.o)
                0x10005fa0                memset
 .text          0x1000603c       0xec /home/dreg/.pico-sdk/toolchain/14_2_Rel1/bin/../lib/gcc/arm-none-eabi/14.2.1/../../../../arm-none-eabi/lib/thumb/v8-m.main+fp/softfp/libg.a(libc_a-memcpy.o)
                0x1000603c                memcpy
 .text.strlen   0x10006128       0x5c /home/dreg/.pico-sdk/toolchain/14_2_Rel1/bin/../lib/gcc/arm-none-eabi/14.2.1/../../../../arm-none-eabi/lib/thumb/v8-m.main+fp/softfp/libg.a(libc_a-strlen-stub.o)
                0x10006128                strlen
 *(.fini)
 .fini          0x10006184        0x4 /home/dreg/.pico-sdk/toolchain/14_2_Rel1/bin/../lib/gcc/arm-none-eabi/14.2.1/thumb/v8-m.main+fp/softfp/crti.o
                0x10006184                _fini
 .fini.__stub   0x10006188       0x58 linker stubs
 *crtbegin.o(.ctors)
 *crtbegin?.o(.ctors)
 *(EXCLUDE_FILE(*crtend.o *crtend?.o) .ctors)
 *(SORT_BY_NAME(.ctors.*))
 *(.ctors)
 *crtbegin.o(.dtors)
 *crtbegin?.o(.dtors)
 *(EXCLUDE_FILE(*crtend.o *crtend?.o) .dtors)
 *(SORT_BY_NAME(.dtors.*))
 *(.dtors)
                0x100061e0                        . = ALIGN (0x4)
                0x100061e0                        PROVIDE (__preinit_array_start = .)
 *(SORT_BY_NAME(.preinit_array.*))
 .preinit_array.00050
                0x100061e0        0x4 CMakeFiles/clock.dir/home/dreg/.pico-sdk/sdk/2.2.0/src/rp2_common/pico_runtime_init/runtime_init.c.o
                0x100061e0                __pre_init_runtime_init_bootrom_reset
 .preinit_array.00100
                0x100061e4        0x4 CMakeFiles/clock.dir/home/dreg/.pico-sdk/sdk/2.2.0/src/rp2_common/pico_runtime_init/runtime_init.c.o
                0x100061e4                __pre_init_runtime_init_early_resets
 .preinit_array.00101
                0x100061e8        0x4 CMakeFiles/clock.dir/home/dreg/.pico-sdk/sdk/2.2.0/src/rp2_common/pico_runtime_init/runtime_init.c.o
                0x100061e8                __pre_init_runtime_init_usb_power_down
 .preinit_array.00500
                0x100061ec        0x4 CMakeFiles/clock.dir/home/dreg/.pico-sdk/sdk/2.2.0/src/rp2_common/pico_runtime_init/runtime_init.c.o
                0x100061ec                __pre_init_runtime_init_clocks
 .preinit_array.00600
                0x100061f0        0x4 CMakeFiles/clock.dir/home/dreg/.pico-sdk/sdk/2.2.0/src/rp2_common/pico_runtime_init/runtime_init.c.o
                0x100061f0                __pre_init_runtime_init_post_clock_resets
 .preinit_array.01000
                0x100061f4        0x4 CMakeFiles/clock.dir/home/dreg/.pico-sdk/sdk/2.2.0/src/rp2_common/hardware_boot_lock/boot_lock.c.o
                0x100061f4                __pre_init_runtime_init_boot_locks_reset
 .preinit_array.01000
                0x100061f8        0x4 CMakeFiles/clock.dir/home/dreg/.pico-sdk/sdk/2.2.0/src/rp2_common/pico_runtime_init/runtime_init.c.o
                0x100061f8                __pre_init_runtime_init_spin_locks_reset
 .preinit_array.01010
                0x100061fc        0x4 CMakeFiles/clock.dir/home/dreg/.pico-sdk/sdk/2.2.0/src/rp2_common/pico_bootrom/bootrom_lock.c.o
                0x100061fc                __pre_init_runtime_init_bootrom_locking_enable
 .preinit_array.01100
                0x10006200        0x4 CMakeFiles/clock.dir/home/dreg/.pico-sdk/sdk/2.2.0/src/common/pico_sync/mutex.c.o
                0x10006200                __pre_init_runtime_init_mutex
 .preinit_array.10080
                0x10006204        0x4 CMakeFiles/clock.dir/home/dreg/.pico-sdk/sdk/2.2.0/src/rp2_common/pico_runtime_init/runtime_init.c.o
                0x10006204                __pre_init_runtime_init_install_ram_vector_table
 .preinit_array.11000
                0x10006208        0x4 CMakeFiles/clock.dir/home/dreg/.pico-sdk/sdk/2.2.0/src/common/pico_time/time.c.o
                0x10006208                __pre_init_runtime_init_default_alarm_pool
 .preinit_array.YYYYY
                0x1000620c        0x4 CMakeFiles/clock.dir/home/dreg/.pico-sdk/sdk/2.2.0/src/rp2_common/pico_runtime/runtime.c.o
                0x1000620c                __pre_init_first_per_core_initializer
 .preinit_array.ZZZZZ.00051
                0x10006210        0x4 CMakeFiles/clock.dir/home/dreg/.pico-sdk/sdk/2.2.0/src/rp2_common/pico_runtime_init/runtime_init.c.o
                0x10006210                __pre_init_runtime_init_per_core_bootrom_reset
 .preinit_array.ZZZZZ.00200
                0x10006214        0x4 CMakeFiles/clock.dir/home/dreg/.pico-sdk/sdk/2.2.0/src/rp2_common/pico_runtime_init/runtime_init.c.o
                0x10006214                __pre_init_runtime_init_per_core_enable_coprocessors
 .preinit_array.ZZZZZ.01000
                0x10006218        0x4 CMakeFiles/clock.dir/home/dreg/.pico-sdk/sdk/2.2.0/src/rp2_common/hardware_sync_spin_lock/sync_spin_lock.c.o
                0x10006218                __pre_init_spinlock_set_extexclall
 .preinit_array.ZZZZZ.01200
                0x1000621c        0x4 CMakeFiles/clock.dir/home/dreg/.pico-sdk/sdk/2.2.0/src/rp2_common/hardware_irq/irq.c.o
                0x1000621c                __pre_init_runtime_init_per_core_irq_priorities
 *(.preinit_array)
                0x10006220                        PROVIDE (__preinit_array_end = .)
                0x10006220                        . = ALIGN (0x4)
                0x10006220                        PROVIDE (__init_array_start = .)
 *(SORT_BY_NAME(.init_array.*))
 .init_array.01000
                0x10006220        0x4 CMakeFiles/clock.dir/home/dreg/.pico-sdk/sdk/2.2.0/src/rp2_common/pico_unique_id/unique_id.c.o
 *(.init_array)
 .init_array    0x10006224        0x4 /home/dreg/.pico-sdk/toolchain/14_2_Rel1/bin/../lib/gcc/arm-none-eabi/14.2.1/thumb/v8-m.main+fp/softfp/crtbegin.o
                0x10006228                        PROVIDE (__init_array_end = .)
                0x10006228                        . = ALIGN (0x4)
                [!provide]                        PROVIDE (__fini_array_start = .)
 *(SORT_BY_NAME(.fini_array.*))
 *(.fini_array)
                [!provide]                        PROVIDE (__fini_array_end = .)
 *(.eh_frame*)
 .eh_frame      0x10006228        0x0 /home/dreg/.pico-sdk/toolchain/14_2_Rel1/bin/../lib/gcc/arm-none-eabi/14.2.1/thumb/v8-m.main+fp/softfp/crtbegin.o
                0x10006228                        . = ALIGN (0x4)

.glue_7         0x10006228        0x0
 .glue_7        0x10006228        0x0 linker stubs

.glue_7t        0x10006228        0x0
 .glue_7t       0x10006228        0x0 linker stubs

.vfp11_veneer   0x10006228        0x0
 .vfp11_veneer  0x10006228        0x0 linker stubs

.v4_bx          0x10006228        0x0
 .v4_bx         0x10006228        0x0 linker stubs

.iplt           0x10006228        0x0
 .iplt          0x10006228        0x0 /home/dreg/.pico-sdk/toolchain/14_2_Rel1/bin/../lib/gcc/arm-none-eabi/14.2.1/thumb/v8-m.main+fp/softfp/crtbegin.o

.boot2          0x10006228        0x0
                0x10006228                        __boot2_start__ = .
 *(.boot2)
                0x10006228                        __boot2_end__ = .
                0x00000001                        ASSERT (((__boot2_end__ - __boot2_start__) <= 0x100), ERROR: Pico second stage bootloader must be no more than 256 bytes in size)

.rodata         0x10006228      0xf3c
 *(EXCLUDE_FILE(*libm.a: *libc.a:*lib_a-mem*.o *libgcc.a:) .rodata*)
 .rodata.main.str1.4
                0x10006228      0x993 CMakeFiles/clock.dir/clock.c.o
                                0x13a (size before relaxing)
 .rodata.panic.str1.4
                0x10006bbb       0x12 CMakeFiles/clock.dir/home/dreg/.pico-sdk/sdk/2.2.0/src/rp2_common/pico_platform_panic/panic.c.o
 .rodata.spin_lock_claim_unused.str1.4
                0x10006bbb       0x1b CMakeFiles/clock.dir/home/dreg/.pico-sdk/sdk/2.2.0/src/rp2_common/hardware_sync/sync.c.o
 .rodata.resolve_j_16.str1.4
                0x10006bbb       0x59 CMakeFiles/clock.dir/home/dreg/.pico-sdk/sdk/2.2.0/src/rp2_common/hardware_irq/irq.c.o
 .rodata.make_j_16.str1.4
                0x10006bbb       0x30 CMakeFiles/clock.dir/home/dreg/.pico-sdk/sdk/2.2.0/src/rp2_common/hardware_irq/irq.c.o
 .rodata.irq_set_exclusive_handler.str1.4
                0x10006bbb       0x36 CMakeFiles/clock.dir/home/dreg/.pico-sdk/sdk/2.2.0/src/rp2_common/hardware_irq/irq.c.o
 .rodata.irq_add_shared_handler.str1.4
                0x10006bbb       0xd2 CMakeFiles/clock.dir/home/dreg/.pico-sdk/sdk/2.2.0/src/rp2_common/hardware_irq/irq.c.o
 .rodata.irq_add_tail_to_free_list.str1.4
                0x10006bbb       0x3a CMakeFiles/clock.dir/home/dreg/.pico-sdk/sdk/2.2.0/src/rp2_common/hardware_irq/irq.c.o
 .rodata.user_irq_claim_unused.str1.4
                0x10006bbb       0x1b CMakeFiles/clock.dir/home/dreg/.pico-sdk/sdk/2.2.0/src/rp2_common/hardware_irq/irq.c.o
 *fill*         0x10006bbb        0x1 
 .rodata.__func__.0
                0x10006bbc       0x1a CMakeFiles/clock.dir/home/dreg/.pico-sdk/sdk/2.2.0/src/rp2_common/hardware_irq/irq.c.o
 *fill*         0x10006bd6        0x2 
 .rodata.__func__.3
                0x10006bd8        0xa CMakeFiles/clock.dir/home/dreg/.pico-sdk/sdk/2.2.0/src/rp2_common/hardware_irq/irq.c.o
 *fill*         0x10006be2        0x2 
 .rodata.__func__.4
                0x10006be4        0xd CMakeFiles/clock.dir/home/dreg/.pico-sdk/sdk/2.2.0/src/rp2_common/hardware_irq/irq.c.o
 *fill*         0x10006bf1        0x3 
 .rodata.__func__.5
                0x10006bf4       0x17 CMakeFiles/clock.dir/home/dreg/.pico-sdk/sdk/2.2.0/src/rp2_common/hardware_irq/irq.c.o
 *fill*         0x10006c0b        0x1 
 .rodata.__func__.6
                0x10006c0c       0x1a CMakeFiles/clock.dir/home/dreg/.pico-sdk/sdk/2.2.0/src/rp2_common/hardware_irq/irq.c.o
 .rodata.runtime_init_mutex.str1.4
                0x10006c26       0x5c CMakeFiles/clock.dir/home/dreg/.pico-sdk/sdk/2.2.0/src/common/pico_sync/mutex.c.o
 .rodata.str1.4
                0x10006c26       0x51 CMakeFiles/clock.dir/home/dreg/.pico-sdk/sdk/2.2.0/src/common/pico_sync/mutex.c.o
 *fill*         0x10006c26        0x2 
 .rodata.__func__.1
                0x10006c28        0xb CMakeFiles/clock.dir/home/dreg/.pico-sdk/sdk/2.2.0/src/common/pico_sync/mutex.c.o
 *fill*         0x10006c33        0x1 
 .rodata.__func__.3
                0x10006c34       0x18 CMakeFiles/clock.dir/home/dreg/.pico-sdk/sdk/2.2.0/src/common/pico_sync/mutex.c.o
 .rodata.__func__.6
                0x10006c4c       0x13 CMakeFiles/clock.dir/home/dreg/.pico-sdk/sdk/2.2.0/src/common/pico_sync/mutex.c.o
 .rodata.alarm_pool_irq_handler.str1.4
                0x10006c5f       0x67 CMakeFiles/clock.dir/home/dreg/.pico-sdk/sdk/2.2.0/src/common/pico_time/time.c.o
 .rodata.alarm_pool_get_default.str1.4
                0x10006c5f       0x21 CMakeFiles/clock.dir/home/dreg/.pico-sdk/sdk/2.2.0/src/common/pico_time/time.c.o
 .rodata.sleep_until.str1.4
                0x10006c5f       0x4d CMakeFiles/clock.dir/home/dreg/.pico-sdk/sdk/2.2.0/src/common/pico_time/time.c.o
 *fill*         0x10006c5f        0x1 
 .rodata.__func__.1
                0x10006c60       0x17 CMakeFiles/clock.dir/home/dreg/.pico-sdk/sdk/2.2.0/src/common/pico_time/time.c.o
 *fill*         0x10006c77        0x1 
 .rodata.__func__.2
                0x10006c78       0x17 CMakeFiles/clock.dir/home/dreg/.pico-sdk/sdk/2.2.0/src/common/pico_time/time.c.o
 .rodata.timer_hardware_alarm_claim.str1.4
                0x10006c8f       0x22 CMakeFiles/clock.dir/home/dreg/.pico-sdk/sdk/2.2.0/src/rp2_common/hardware_timer/timer.c.o
 .rodata.pll_init.str1.4
                0x10006c8f      0x118 CMakeFiles/clock.dir/home/dreg/.pico-sdk/sdk/2.2.0/src/rp2_common/hardware_pll/pll.c.o
 *fill*         0x10006c8f        0x1 
 .rodata.__func__.0
                0x10006c90        0x9 CMakeFiles/clock.dir/home/dreg/.pico-sdk/sdk/2.2.0/src/rp2_common/hardware_pll/pll.c.o
 .rodata.str1.4
                0x10006c99       0x40 CMakeFiles/clock.dir/home/dreg/.pico-sdk/sdk/2.2.0/src/rp2_common/pico_standard_binary_info/standard_binary_info.c.o
 *fill*         0x10006c99        0x3 
 .rodata.__bi_84
                0x10006c9c        0xc CMakeFiles/clock.dir/home/dreg/.pico-sdk/sdk/2.2.0/src/rp2_common/pico_standard_binary_info/standard_binary_info.c.o
 .rodata.__bi_78
                0x10006ca8        0xc CMakeFiles/clock.dir/home/dreg/.pico-sdk/sdk/2.2.0/src/rp2_common/pico_standard_binary_info/standard_binary_info.c.o
 .rodata.__bi_60
                0x10006cb4        0xc CMakeFiles/clock.dir/home/dreg/.pico-sdk/sdk/2.2.0/src/rp2_common/pico_standard_binary_info/standard_binary_info.c.o
 .rodata.__bi_54
                0x10006cc0        0xc CMakeFiles/clock.dir/home/dreg/.pico-sdk/sdk/2.2.0/src/rp2_common/pico_standard_binary_info/standard_binary_info.c.o
 .rodata.__bi_48
                0x10006ccc        0xc CMakeFiles/clock.dir/home/dreg/.pico-sdk/sdk/2.2.0/src/rp2_common/pico_standard_binary_info/standard_binary_info.c.o
 .rodata.__bi_42
                0x10006cd8        0xc CMakeFiles/clock.dir/home/dreg/.pico-sdk/sdk/2.2.0/src/rp2_common/pico_standard_binary_info/standard_binary_info.c.o
 .rodata.__bi_34
                0x10006ce4        0xc CMakeFiles/clock.dir/home/dreg/.pico-sdk/sdk/2.2.0/src/rp2_common/pico_standard_binary_info/standard_binary_info.c.o
 .rodata.__bi_26
                0x10006cf0        0xc CMakeFiles/clock.dir/home/dreg/.pico-sdk/sdk/2.2.0/src/rp2_common/pico_standard_binary_info/standard_binary_info.c.o
 .rodata._ftoa.str1.4
                0x10006cfc       0x15 CMakeFiles/clock.dir/home/dreg/.pico-sdk/sdk/2.2.0/src/rp2_common/pico_printf/printf.c.o
 *fill*         0x10006cfc        0x4 
 .rodata.pow10.0
                0x10006d00       0x50 CMakeFiles/clock.dir/home/dreg/.pico-sdk/sdk/2.2.0/src/rp2_common/pico_printf/printf.c.o
 .rodata.__assert_func.str1.4
                0x10006d50       0x43 CMakeFiles/clock.dir/home/dreg/.pico-sdk/sdk/2.2.0/src/rp2_common/pico_clib_interface/newlib_interface.c.o
 .rodata.crlf_str.0
                0x10006d50        0x2 CMakeFiles/clock.dir/home/dreg/.pico-sdk/sdk/2.2.0/src/rp2_common/pico_stdio/stdio.c.o
 *fill*         0x10006d52        0x2 
 .rodata._resetd_driver
                0x10006d54       0x20 CMakeFiles/clock.dir/home/dreg/.pico-sdk/sdk/2.2.0/src/rp2_common/pico_stdio_usb/reset_interface.c.o
 .rodata.desc_ms_os_20
                0x10006d74       0xa6 CMakeFiles/clock.dir/home/dreg/.pico-sdk/sdk/2.2.0/src/rp2_common/pico_stdio_usb/reset_interface.c.o
 *fill*         0x10006e1a        0x2 
 .rodata.desc_bos
                0x10006e1c       0x21 CMakeFiles/clock.dir/home/dreg/.pico-sdk/sdk/2.2.0/src/rp2_common/pico_stdio_usb/reset_interface.c.o
                0x10006e1c                desc_bos
 .rodata.stdio_usb_init.str1.4
                0x10006e3d       0x51 CMakeFiles/clock.dir/home/dreg/.pico-sdk/sdk/2.2.0/src/rp2_common/pico_stdio_usb/stdio_usb.c.o
 .rodata.str1.4
                0x10006e3d       0x13 CMakeFiles/clock.dir/home/dreg/.pico-sdk/sdk/2.2.0/src/rp2_common/pico_stdio_usb/stdio_usb.c.o
 *fill*         0x10006e3d        0x3 
 .rodata.__bi_202.1
                0x10006e40        0xc CMakeFiles/clock.dir/home/dreg/.pico-sdk/sdk/2.2.0/src/rp2_common/pico_stdio_usb/stdio_usb.c.o
 .rodata.__func__.2
                0x10006e4c        0xf CMakeFiles/clock.dir/home/dreg/.pico-sdk/sdk/2.2.0/src/rp2_common/pico_stdio_usb/stdio_usb.c.o
 .rodata.str1.4
                0x10006e5b       0x2a CMakeFiles/clock.dir/home/dreg/.pico-sdk/sdk/2.2.0/src/rp2_common/pico_stdio_usb/stdio_usb_descriptors.c.o
 *fill*         0x10006e5b        0x1 
 .rodata.usbd_desc_str
                0x10006e5c       0x18 CMakeFiles/clock.dir/home/dreg/.pico-sdk/sdk/2.2.0/src/rp2_common/pico_stdio_usb/stdio_usb_descriptors.c.o
 .rodata.usbd_desc_cfg
                0x10006e74       0x54 CMakeFiles/clock.dir/home/dreg/.pico-sdk/sdk/2.2.0/src/rp2_common/pico_stdio_usb/stdio_usb_descriptors.c.o
 .rodata.usbd_desc_device
                0x10006ec8       0x12 CMakeFiles/clock.dir/home/dreg/.pico-sdk/sdk/2.2.0/src/rp2_common/pico_stdio_usb/stdio_usb_descriptors.c.o
 .rodata._retrieve_unique_id_on_boot.str1.4
                0x10006eda       0x51 CMakeFiles/clock.dir/home/dreg/.pico-sdk/sdk/2.2.0/src/rp2_common/pico_unique_id/unique_id.c.o
 .rodata.pico_get_unique_board_id_string.str1.4
                0x10006eda        0x8 CMakeFiles/clock.dir/home/dreg/.pico-sdk/sdk/2.2.0/src/rp2_common/pico_unique_id/unique_id.c.o
 *fill*         0x10006eda        0x2 
 .rodata.__func__.0
                0x10006edc       0x20 CMakeFiles/clock.dir/home/dreg/.pico-sdk/sdk/2.2.0/src/rp2_common/pico_unique_id/unique_id.c.o
 .rodata.__func__.1
                0x10006efc       0x1c CMakeFiles/clock.dir/home/dreg/.pico-sdk/sdk/2.2.0/src/rp2_common/pico_unique_id/unique_id.c.o
 .rodata.hw_endpoint_alloc.str1.4
                0x10006f18       0x9c CMakeFiles/clock.dir/home/dreg/.pico-sdk/sdk/2.2.0/lib/tinyusb/src/portable/raspberrypi/rp2040/dcd_rp2040.c.o
 .rodata.str1.4
                0x10006f18       0x14 CMakeFiles/clock.dir/home/dreg/.pico-sdk/sdk/2.2.0/lib/tinyusb/src/portable/raspberrypi/rp2040/dcd_rp2040.c.o
 .rodata.dcd_int_enable.str1.4
                0x10006f18        0xc CMakeFiles/clock.dir/home/dreg/.pico-sdk/sdk/2.2.0/lib/tinyusb/src/portable/raspberrypi/rp2040/dcd_rp2040.c.o
 .rodata.__func__.0
                0x10006f18        0xe CMakeFiles/clock.dir/home/dreg/.pico-sdk/sdk/2.2.0/lib/tinyusb/src/portable/raspberrypi/rp2040/dcd_rp2040.c.o
 *fill*         0x10006f26        0x2 
 .rodata.__func__.3
                0x10006f28       0x10 CMakeFiles/clock.dir/home/dreg/.pico-sdk/sdk/2.2.0/lib/tinyusb/src/portable/raspberrypi/rp2040/dcd_rp2040.c.o
 .rodata.__func__.5
                0x10006f38        0xf CMakeFiles/clock.dir/home/dreg/.pico-sdk/sdk/2.2.0/lib/tinyusb/src/portable/raspberrypi/rp2040/dcd_rp2040.c.o
 *fill*         0x10006f47        0x1 
 .rodata.__func__.6
                0x10006f48       0x12 CMakeFiles/clock.dir/home/dreg/.pico-sdk/sdk/2.2.0/lib/tinyusb/src/portable/raspberrypi/rp2040/dcd_rp2040.c.o
 *fill*         0x10006f5a        0x2 
 .rodata.__func__.7
                0x10006f5c        0x9 CMakeFiles/clock.dir/home/dreg/.pico-sdk/sdk/2.2.0/lib/tinyusb/src/portable/raspberrypi/rp2040/dcd_rp2040.c.o
 .rodata.str1.4
                0x10006f65       0xe0 CMakeFiles/clock.dir/home/dreg/.pico-sdk/sdk/2.2.0/lib/tinyusb/src/portable/raspberrypi/rp2040/rp2040_usb.c.o
 .rodata.hw_endpoint_xfer_start.str1.4
                0x10006f65       0x38 CMakeFiles/clock.dir/home/dreg/.pico-sdk/sdk/2.2.0/lib/tinyusb/src/portable/raspberrypi/rp2040/rp2040_usb.c.o
 *fill*         0x10006f65        0x3 
 .rodata.__func__.0
                0x10006f68        0xf CMakeFiles/clock.dir/home/dreg/.pico-sdk/sdk/2.2.0/lib/tinyusb/src/portable/raspberrypi/rp2040/rp2040_usb.c.o
 .rodata.configuration_reset.str1.4
                0x10006f77       0x17 CMakeFiles/clock.dir/home/dreg/.pico-sdk/sdk/2.2.0/lib/tinyusb/src/device/usbd.c.o
 *fill*         0x10006f77        0x1 
 .rodata.__func__.3
                0x10006f78        0xf CMakeFiles/clock.dir/home/dreg/.pico-sdk/sdk/2.2.0/lib/tinyusb/src/device/usbd.c.o
 *fill*         0x10006f87        0x1 
 .rodata.__func__.4
                0x10006f88        0xf CMakeFiles/clock.dir/home/dreg/.pico-sdk/sdk/2.2.0/lib/tinyusb/src/device/usbd.c.o
 *fill*         0x10006f97        0x1 
 .rodata.__func__.5
                0x10006f98       0x14 CMakeFiles/clock.dir/home/dreg/.pico-sdk/sdk/2.2.0/lib/tinyusb/src/device/usbd.c.o
 .rodata.__func__.6
                0x10006fac        0xc CMakeFiles/clock.dir/home/dreg/.pico-sdk/sdk/2.2.0/lib/tinyusb/src/device/usbd.c.o
 .rodata.__func__.7
                0x10006fb8       0x17 CMakeFiles/clock.dir/home/dreg/.pico-sdk/sdk/2.2.0/lib/tinyusb/src/device/usbd.c.o
 *fill*         0x10006fcf        0x1 
 .rodata.__func__.8
                0x10006fd0       0x13 CMakeFiles/clock.dir/home/dreg/.pico-sdk/sdk/2.2.0/lib/tinyusb/src/device/usbd.c.o
 *fill*         0x10006fe3        0x1 
 .rodata.__func__.9
                0x10006fe4       0x18 CMakeFiles/clock.dir/home/dreg/.pico-sdk/sdk/2.2.0/lib/tinyusb/src/device/usbd.c.o
 .rodata.__func__.10
                0x10006ffc       0x14 CMakeFiles/clock.dir/home/dreg/.pico-sdk/sdk/2.2.0/lib/tinyusb/src/device/usbd.c.o
 .rodata.__func__.11
                0x10007010        0xd CMakeFiles/clock.dir/home/dreg/.pico-sdk/sdk/2.2.0/lib/tinyusb/src/device/usbd.c.o
 *fill*         0x1000701d        0x3 
 .rodata.__func__.12
                0x10007020       0x10 CMakeFiles/clock.dir/home/dreg/.pico-sdk/sdk/2.2.0/lib/tinyusb/src/device/usbd.c.o
 .rodata._usbd_driver
                0x10007030       0x40 CMakeFiles/clock.dir/home/dreg/.pico-sdk/sdk/2.2.0/lib/tinyusb/src/device/usbd.c.o
 .rodata.tud_control_xfer.str1.4
                0x10007070       0x17 CMakeFiles/clock.dir/home/dreg/.pico-sdk/sdk/2.2.0/lib/tinyusb/src/device/usbd_control.c.o
 .rodata.__func__.0
                0x10007070       0x15 CMakeFiles/clock.dir/home/dreg/.pico-sdk/sdk/2.2.0/lib/tinyusb/src/device/usbd_control.c.o
 *fill*         0x10007085        0x3 
 .rodata.__func__.1
                0x10007088       0x11 CMakeFiles/clock.dir/home/dreg/.pico-sdk/sdk/2.2.0/lib/tinyusb/src/device/usbd_control.c.o
 .rodata.tud_cdc_n_write_flush.str1.4
                0x10007099       0x17 CMakeFiles/clock.dir/home/dreg/.pico-sdk/sdk/2.2.0/lib/tinyusb/src/class/cdc/cdc_device.c.o
 *fill*         0x10007099        0x3 
 .rodata.__func__.0
                0x1000709c        0xd CMakeFiles/clock.dir/home/dreg/.pico-sdk/sdk/2.2.0/lib/tinyusb/src/class/cdc/cdc_device.c.o
 *fill*         0x100070a9        0x3 
 .rodata.__func__.1
                0x100070ac        0xa CMakeFiles/clock.dir/home/dreg/.pico-sdk/sdk/2.2.0/lib/tinyusb/src/class/cdc/cdc_device.c.o
 *fill*         0x100070b6        0x2 
 .rodata.__func__.3
                0x100070b8       0x16 CMakeFiles/clock.dir/home/dreg/.pico-sdk/sdk/2.2.0/lib/tinyusb/src/class/cdc/cdc_device.c.o
 .rodata.vendord_open.str1.4
                0x100070ce       0x17 CMakeFiles/clock.dir/home/dreg/.pico-sdk/sdk/2.2.0/lib/tinyusb/src/class/vendor/vendor_device.c.o
 *fill*         0x100070ce        0x2 
 .rodata.__func__.0
                0x100070d0        0xd CMakeFiles/clock.dir/home/dreg/.pico-sdk/sdk/2.2.0/lib/tinyusb/src/class/vendor/vendor_device.c.o
 .rodata.tusb_rhport_init.str1.4
                0x100070dd       0x17 CMakeFiles/clock.dir/home/dreg/.pico-sdk/sdk/2.2.0/lib/tinyusb/src/tusb.c.o
 *fill*         0x100070dd        0x3 
 .rodata.__func__.0
                0x100070e0       0x19 CMakeFiles/clock.dir/home/dreg/.pico-sdk/sdk/2.2.0/lib/tinyusb/src/tusb.c.o
 *fill*         0x100070f9        0x3 
 .rodata.__func__.2
                0x100070fc       0x1a CMakeFiles/clock.dir/home/dreg/.pico-sdk/sdk/2.2.0/lib/tinyusb/src/tusb.c.o
 *fill*         0x10007116        0x2 
 .rodata.__func__.3
                0x10007118       0x23 CMakeFiles/clock.dir/home/dreg/.pico-sdk/sdk/2.2.0/lib/tinyusb/src/tusb.c.o
 *fill*         0x1000713b        0x1 
 .rodata.__func__.4
                0x1000713c       0x11 CMakeFiles/clock.dir/home/dreg/.pico-sdk/sdk/2.2.0/lib/tinyusb/src/tusb.c.o
 *fill*         0x1000714d        0x3 
 .rodata.__func__.5
                0x10007150       0x11 CMakeFiles/clock.dir/home/dreg/.pico-sdk/sdk/2.2.0/lib/tinyusb/src/tusb.c.o
 *(.srodata*)
                0x10007164                        . = ALIGN (0x4)
 *fill*         0x10007161        0x3 
 *(SORT_BY_ALIGNMENT(SORT_BY_NAME(.flashdata*)))
                0x10007164                        . = ALIGN (0x4)

.ARM.extab
 *(.ARM.extab* .gnu.linkonce.armextab.*)
                0x10007164                        __exidx_start = .

.ARM.exidx      0x10007164        0x8
 *(.ARM.exidx* .gnu.linkonce.armexidx.*)
 .ARM.exidx     0x10007164        0x8 /home/dreg/.pico-sdk/toolchain/14_2_Rel1/bin/../lib/gcc/arm-none-eabi/14.2.1/../../../../arm-none-eabi/lib/thumb/v8-m.main+fp/softfp/libg.a(libc_a-memcpy.o)
 .ARM.exidx.text.__udivmoddi4
                0x1000716c        0x0 /home/dreg/.pico-sdk/toolchain/14_2_Rel1/bin/../lib/gcc/arm-none-eabi/14.2.1/thumb/v8-m.main+fp/softfp/libgcc.a(_udivmoddi4.o)
                                  0x8 (size before relaxing)
                0x1000716c                        __exidx_end = .
                0x1000716c                        . = ALIGN (0x4)
                0x1000716c                        __binary_info_start = .

.binary_info    0x1000716c       0x24
 *(.binary_info.keep.*)
 .binary_info.keep.__bi_ptr84
                0x1000716c        0x4 CMakeFiles/clock.dir/home/dreg/.pico-sdk/sdk/2.2.0/src/rp2_common/pico_standard_binary_info/standard_binary_info.c.o
 .binary_info.keep.__bi_ptr78
                0x10007170        0x4 CMakeFiles/clock.dir/home/dreg/.pico-sdk/sdk/2.2.0/src/rp2_common/pico_standard_binary_info/standard_binary_info.c.o
 .binary_info.keep.__bi_ptr60
                0x10007174        0x4 CMakeFiles/clock.dir/home/dreg/.pico-sdk/sdk/2.2.0/src/rp2_common/pico_standard_binary_info/standard_binary_info.c.o
 .binary_info.keep.__bi_ptr54
                0x10007178        0x4 CMakeFiles/clock.dir/home/dreg/.pico-sdk/sdk/2.2.0/src/rp2_common/pico_standard_binary_info/standard_binary_info.c.o
 .binary_info.keep.__bi_ptr48
                0x1000717c        0x4 CMakeFiles/clock.dir/home/dreg/.pico-sdk/sdk/2.2.0/src/rp2_common/pico_standard_binary_info/standard_binary_info.c.o
 .binary_info.keep.__bi_ptr42
                0x10007180        0x4 CMakeFiles/clock.dir/home/dreg/.pico-sdk/sdk/2.2.0/src/rp2_common/pico_standard_binary_info/standard_binary_info.c.o
 .binary_info.keep.__bi_ptr34
                0x10007184        0x4 CMakeFiles/clock.dir/home/dreg/.pico-sdk/sdk/2.2.0/src/rp2_common/pico_standard_binary_info/standard_binary_info.c.o
 .binary_info.keep.__bi_ptr26
                0x10007188        0x4 CMakeFiles/clock.dir/home/dreg/.pico-sdk/sdk/2.2.0/src/rp2_common/pico_standard_binary_info/standard_binary_info.c.o
 *(.binary_info.*)
 .binary_info.__bi_ptr202
                0x1000718c        0x4 CMakeFiles/clock.dir/home/dreg/.pico-sdk/sdk/2.2.0/src/rp2_common/pico_stdio_usb/stdio_usb.c.o
                0x10007190                        __binary_info_end = .
                0x10007190                        . = ALIGN (0x4)

.ram_vector_table
                0x20000000      0x110
 *(.ram_vector_table)
 .ram_vector_table
                0x20000000      0x110 CMakeFiles/clock.dir/home/dreg/.pico-sdk/sdk/2.2.0/src/rp2_common/pico_runtime_init/runtime_init.c.o
                0x20000000                ram_vector_table

.uninitialized_data
                0x20000110        0x0
                0x20000110                        . = ALIGN (0x4)
 *(.uninitialized_data*)

.data           0x20000110      0xdac load address 0x10007190
                0x20000110                        __data_start__ = .
 *(vtable)
 *(.time_critical*)
 .time_critical.mutex_try_enter
                0x20000110       0x58 CMakeFiles/clock.dir/home/dreg/.pico-sdk/sdk/2.2.0/src/common/pico_sync/mutex.c.o
                0x20000110                mutex_try_enter
 .time_critical.mutex_enter_block_until
                0x20000168       0x84 CMakeFiles/clock.dir/home/dreg/.pico-sdk/sdk/2.2.0/src/common/pico_sync/mutex.c.o
                0x20000168                mutex_enter_block_until
 .time_critical.mutex_try_enter_block_until
                0x200001ec       0x32 CMakeFiles/clock.dir/home/dreg/.pico-sdk/sdk/2.2.0/src/common/pico_sync/mutex.c.o
                0x200001ec                mutex_try_enter_block_until
 .time_critical.mutex_enter_timeout_ms
                0x2000021e       0x52 CMakeFiles/clock.dir/home/dreg/.pico-sdk/sdk/2.2.0/src/common/pico_sync/mutex.c.o
                0x2000021e                mutex_enter_timeout_ms
 .time_critical.mutex_exit
                0x20000270       0x58 CMakeFiles/clock.dir/home/dreg/.pico-sdk/sdk/2.2.0/src/common/pico_sync/mutex.c.o
                0x20000270                mutex_exit
 .time_critical.reset_non_control_endpoints
                0x200002c8       0x40 CMakeFiles/clock.dir/home/dreg/.pico-sdk/sdk/2.2.0/lib/tinyusb/src/portable/raspberrypi/rp2040/dcd_rp2040.c.o
 .time_critical.hw_handle_buff_status
                0x20000308       0x90 CMakeFiles/clock.dir/home/dreg/.pico-sdk/sdk/2.2.0/lib/tinyusb/src/portable/raspberrypi/rp2040/dcd_rp2040.c.o
 .time_critical.dcd_rp2040_irq
                0x20000398      0x1fc CMakeFiles/clock.dir/home/dreg/.pico-sdk/sdk/2.2.0/lib/tinyusb/src/portable/raspberrypi/rp2040/dcd_rp2040.c.o
 .time_critical.prepare_ep_buffer
                0x20000594       0x5a CMakeFiles/clock.dir/home/dreg/.pico-sdk/sdk/2.2.0/lib/tinyusb/src/portable/raspberrypi/rp2040/rp2040_usb.c.o
 *fill*         0x200005ee        0x2 
 .time_critical.e15_is_bulkin_ep
                0x200005f0       0x2c CMakeFiles/clock.dir/home/dreg/.pico-sdk/sdk/2.2.0/lib/tinyusb/src/portable/raspberrypi/rp2040/rp2040_usb.c.o
 .time_critical.e15_is_critical_frame_period
                0x2000061c       0x28 CMakeFiles/clock.dir/home/dreg/.pico-sdk/sdk/2.2.0/lib/tinyusb/src/portable/raspberrypi/rp2040/rp2040_usb.c.o
 .time_critical.sync_ep_buffer
                0x20000644       0x7c CMakeFiles/clock.dir/home/dreg/.pico-sdk/sdk/2.2.0/lib/tinyusb/src/portable/raspberrypi/rp2040/rp2040_usb.c.o
 .time_critical._hw_endpoint_xfer_sync
                0x200006c0       0x2a CMakeFiles/clock.dir/home/dreg/.pico-sdk/sdk/2.2.0/lib/tinyusb/src/portable/raspberrypi/rp2040/rp2040_usb.c.o
 .time_critical.hw_endpoint_reset_transfer
                0x200006ea        0xc CMakeFiles/clock.dir/home/dreg/.pico-sdk/sdk/2.2.0/lib/tinyusb/src/portable/raspberrypi/rp2040/rp2040_usb.c.o
                0x200006ea                hw_endpoint_reset_transfer
 *fill*         0x200006f6        0x2 
 .time_critical._hw_endpoint_buffer_control_update32
                0x200006f8       0x4c CMakeFiles/clock.dir/home/dreg/.pico-sdk/sdk/2.2.0/lib/tinyusb/src/portable/raspberrypi/rp2040/rp2040_usb.c.o
                0x200006f8                _hw_endpoint_buffer_control_update32
 .time_critical.hw_endpoint_start_next_buffer
                0x20000744       0x70 CMakeFiles/clock.dir/home/dreg/.pico-sdk/sdk/2.2.0/lib/tinyusb/src/portable/raspberrypi/rp2040/rp2040_usb.c.o
                0x20000744                hw_endpoint_start_next_buffer
 .time_critical.hw_endpoint_xfer_continue
                0x200007b4       0x3c CMakeFiles/clock.dir/home/dreg/.pico-sdk/sdk/2.2.0/lib/tinyusb/src/portable/raspberrypi/rp2040/rp2040_usb.c.o
                0x200007b4                hw_endpoint_xfer_continue
 .time_critical.tinyusb
                0x200007f0      0x25c CMakeFiles/clock.dir/home/dreg/.pico-sdk/sdk/2.2.0/lib/tinyusb/src/device/usbd.c.o
                0x200007f0                dcd_event_handler
 *(.text*)
 .text          0x20000a4c       0x30 /home/dreg/.pico-sdk/toolchain/14_2_Rel1/bin/../lib/gcc/arm-none-eabi/14.2.1/thumb/v8-m.main+fp/softfp/libgcc.a(_aeabi_uldivmod.o)
                0x20000a4c                __aeabi_uldivmod
 .text.__udivmoddi4
                0x20000a7c      0x34c /home/dreg/.pico-sdk/toolchain/14_2_Rel1/bin/../lib/gcc/arm-none-eabi/14.2.1/thumb/v8-m.main+fp/softfp/libgcc.a(_udivmoddi4.o)
                0x20000a7c                __udivmoddi4
 .text          0x20000dc8        0x4 /home/dreg/.pico-sdk/toolchain/14_2_Rel1/bin/../lib/gcc/arm-none-eabi/14.2.1/thumb/v8-m.main+fp/softfp/libgcc.a(_dvmd_tls.o)
                0x20000dc8                __aeabi_ldiv0
                0x20000dc8                __aeabi_idiv0
 *fill*         0x20000dcc        0x4 
 .text.__stub   0x20000dd0       0x48 linker stubs
                0x20000e18                        . = ALIGN (0x4)
 *(.rodata*)
                0x20000e18                        . = ALIGN (0x4)
 *(.data*)
 .data.striped_spin_lock_num
                0x20000e18        0x1 CMakeFiles/clock.dir/home/dreg/.pico-sdk/sdk/2.2.0/src/rp2_common/hardware_sync/sync.c.o
 *fill*         0x20000e19        0x3 
 .data          0x20000e1c       0x48 CMakeFiles/clock.dir/home/dreg/.pico-sdk/sdk/2.2.0/src/rp2_common/hardware_irq/irq_handler_chain.S.o
                0x20000e1c                irq_handler_chain_slots
                0x20000e4c                irq_handler_chain_first_slot
                0x20000e56                irq_handler_chain_remove_tail
 .data.default_alarm_pool
                0x20000e64       0x18 CMakeFiles/clock.dir/home/dreg/.pico-sdk/sdk/2.2.0/src/common/pico_time/time.c.o
 .data.stdio_usb
                0x20000e7c       0x18 CMakeFiles/clock.dir/home/dreg/.pico-sdk/sdk/2.2.0/src/rp2_common/pico_stdio_usb/stdio_usb.c.o
                0x20000e7c                stdio_usb
 .data._usbd_qdef
                0x20000e94       0x1c CMakeFiles/clock.dir/home/dreg/.pico-sdk/sdk/2.2.0/lib/tinyusb/src/device/usbd.c.o
                0x20000e94                _usbd_qdef
 .data._usbd_rhport
                0x20000eb0        0x1 CMakeFiles/clock.dir/home/dreg/.pico-sdk/sdk/2.2.0/lib/tinyusb/src/device/usbd.c.o
 *(.sdata*)
                0x20000eb4                        . = ALIGN (0x4)
 *fill*         0x20000eb1        0x3 
 *(.after_data.*)
                0x20000eb4                        . = ALIGN (0x4)
                0x20000eb4                        PROVIDE (__mutex_array_start = .)
 *(SORT_BY_NAME(.mutex_array.*))
 *(.mutex_array)
 .mutex_array   0x20000eb4        0x8 CMakeFiles/clock.dir/home/dreg/.pico-sdk/sdk/2.2.0/src/rp2_common/pico_stdio/stdio.c.o
                0x20000ebc                        PROVIDE (__mutex_array_end = .)
 *(.jcr)
                0x20000ebc                        . = ALIGN (0x4)

.tm_clone_table
                0x20000ebc        0x0 load address 0x10007f3c
 .tm_clone_table
                0x20000ebc        0x0 /home/dreg/.pico-sdk/toolchain/14_2_Rel1/bin/../lib/gcc/arm-none-eabi/14.2.1/thumb/v8-m.main+fp/softfp/crtbegin.o
 .tm_clone_table
                0x20000ebc        0x0 /home/dreg/.pico-sdk/toolchain/14_2_Rel1/bin/../lib/gcc/arm-none-eabi/14.2.1/thumb/v8-m.main+fp/softfp/crtend.o

.igot.plt       0x20000ebc        0x0 load address 0x10007f3c
 .igot.plt      0x20000ebc        0x0 /home/dreg/.pico-sdk/toolchain/14_2_Rel1/bin/../lib/gcc/arm-none-eabi/14.2.1/thumb/v8-m.main+fp/softfp/crtbegin.o

.tdata          0x20000ebc        0x0 load address 0x10007f3c
                0x20000ebc                        . = ALIGN (0x4)
 *(.tdata .tdata.* .gnu.linkonce.td.*)
                0x20000ebc                        __tdata_end = .
                0x20000ebc                        PROVIDE (__data_end__ = .)
                0x10007190                        __etext = LOADADDR (.data)

.tbss           0x20000ebc        0x0 load address 0x10007f3c
                0x20000ebc                        . = ALIGN (0x4)
                0x20000ebc                        __bss_start__ = .
                0x20000ebc                        __tls_base = .
 *(.tbss .tbss.* .gnu.linkonce.tb.*)
 *(.tcommon)
                0x20000ebc                        __tls_end = .

.bss            0x20000ec0      0xc24 load address 0x10007f3c
                0x20000ec0                        . = ALIGN (0x4)
                0x20000ec0                        __tbss_end = .
 *(SORT_BY_ALIGNMENT(SORT_BY_NAME(.bss*)))
 .bss.default_alarm_pool_entries
                0x20000ec0      0x180 CMakeFiles/clock.dir/home/dreg/.pico-sdk/sdk/2.2.0/src/common/pico_time/time.c.o
 .bss.last_avail_time.3
                0x20001040        0x8 CMakeFiles/clock.dir/home/dreg/.pico-sdk/sdk/2.2.0/src/rp2_common/pico_stdio_usb/stdio_usb.c.o
 .bss._app_driver
                0x20001048        0x4 CMakeFiles/clock.dir/home/dreg/.pico-sdk/sdk/2.2.0/lib/tinyusb/src/device/usbd.c.o
 .bss._cdcd_epbuf
                0x2000104c       0x80 CMakeFiles/clock.dir/home/dreg/.pico-sdk/sdk/2.2.0/lib/tinyusb/src/class/cdc/cdc_device.c.o
 .bss._cdcd_fifo_cfg
                0x200010cc        0x1 CMakeFiles/clock.dir/home/dreg/.pico-sdk/sdk/2.2.0/lib/tinyusb/src/class/cdc/cdc_device.c.o
 *fill*         0x200010cd        0x3 
 .bss._cdcd_itf
                0x200010d0       0xc8 CMakeFiles/clock.dir/home/dreg/.pico-sdk/sdk/2.2.0/lib/tinyusb/src/class/cdc/cdc_device.c.o
 .bss._ctrl_epbuf