Archive member included to satisfy reference by file (symbol)

C:/Users/regue/.pico-sdk/toolchain/14_2_Rel1/bin/../lib/gcc/arm-none-eabi/14.2.1/thumb/v8-m.main+fp/softfp\libm.a(libm_a-wf_sqrt.o)
                              CMakeFiles/clock.dir/C_/Users/regue/.pico-sdk/sdk/2.2.0/src/rp2_common/pico_float/float_math.c.obj (sqrtf)
C:/Users/regue/.pico-sdk/toolchain/14_2_Rel1/bin/../lib/gcc/arm-none-eabi/14.2.1/thumb/v8-m.main+fp/softfp\libm.a(libm_a-ef_sqrt.o)
                              C:/Users/regue/.pico-sdk/toolchain/14_2_Rel1/bin/../lib/gcc/arm-none-eabi/14.2.1/thumb/v8-m.main+fp/softfp\libm.a(libm_a-wf_sqrt.o) (__ieee754_sqrtf)
C:/Users/regue/.pico-sdk/toolchain/14_2_Rel1/bin/../lib/gcc/arm-none-eabi/14.2.1/thumb/v8-m.main+fp/softfp\libgcc.a(_arm_addsubdf3.o)
                              CMakeFiles/clock.dir/C_/Users/regue/.pico-sdk/sdk/2.2.0/src/rp2_common/pico_float/float_math.c.obj (__aeabi_f2d)
C:/Users/regue/.pico-sdk/toolchain/14_2_Rel1/bin/../lib/gcc/arm-none-eabi/14.2.1/thumb/v8-m.main+fp/softfp\libgcc.a(_aeabi_ldivmod.o)
                              CMakeFiles/clock.dir/C_/Users/regue/.pico-sdk/sdk/2.2.0/src/common/pico_time/time.c.obj (__aeabi_ldivmod)
C:/Users/regue/.pico-sdk/toolchain/14_2_Rel1/bin/../lib/gcc/arm-none-eabi/14.2.1/thumb/v8-m.main+fp/softfp\libgcc.a(_aeabi_uldivmod.o)
                              CMakeFiles/clock.dir/C_/Users/regue/.pico-sdk/sdk/2.2.0/src/rp2_common/hardware_clocks/clocks.c.obj (__aeabi_uldivmod)
C:/Users/regue/.pico-sdk/toolchain/14_2_Rel1/bin/../lib/gcc/arm-none-eabi/14.2.1/thumb/v8-m.main+fp/softfp\libgcc.a(_udivmoddi4.o)
                              C:/Users/regue/.pico-sdk/toolchain/14_2_Rel1/bin/../lib/gcc/arm-none-eabi/14.2.1/thumb/v8-m.main+fp/softfp\libgcc.a(_aeabi_ldivmod.o) (__udivmoddi4)
C:/Users/regue/.pico-sdk/toolchain/14_2_Rel1/bin/../lib/gcc/arm-none-eabi/14.2.1/thumb/v8-m.main+fp/softfp\libgcc.a(_dvmd_tls.o)
                              C:/Users/regue/.pico-sdk/toolchain/14_2_Rel1/bin/../lib/gcc/arm-none-eabi/14.2.1/thumb/v8-m.main+fp/softfp\libgcc.a(_aeabi_ldivmod.o) (__aeabi_ldiv0)
C:/Users/regue/.pico-sdk/toolchain/14_2_Rel1/bin/../lib/gcc/arm-none-eabi/14.2.1/thumb/v8-m.main+fp/softfp\libg.a(libc_a-calloc.o)
                              CMakeFiles/clock.dir/C_/Users/regue/.pico-sdk/sdk/2.2.0/src/rp2_common/pico_malloc/malloc.c.obj (calloc)
C:/Users/regue/.pico-sdk/toolchain/14_2_Rel1/bin/../lib/gcc/arm-none-eabi/14.2.1/thumb/v8-m.main+fp/softfp\libg.a(libc_a-callocr.o)
                              C:/Users/regue/.pico-sdk/toolchain/14_2_Rel1/bin/../lib/gcc/arm-none-eabi/14.2.1/thumb/v8-m.main+fp/softfp\libg.a(libc_a-calloc.o) (_calloc_r)
C:/Users/regue/.pico-sdk/toolchain/14_2_Rel1/bin/../lib/gcc/arm-none-eabi/14.2.1/thumb/v8-m.main+fp/softfp\libg.a(libc_a-malloc.o)
                              CMakeFiles/clock.dir/C_/Users/regue/.pico-sdk/sdk/2.2.0/src/rp2_common/pico_malloc/malloc.c.obj (malloc)
C:/Users/regue/.pico-sdk/toolchain/14_2_Rel1/bin/../lib/gcc/arm-none-eabi/14.2.1/thumb/v8-m.main+fp/softfp\libg.a(libc_a-mallocr.o)
                              C:/Users/regue/.pico-sdk/toolchain/14_2_Rel1/bin/../lib/gcc/arm-none-eabi/14.2.1/thumb/v8-m.main+fp/softfp\libg.a(libc_a-callocr.o) (_malloc_r)
C:/Users/regue/.pico-sdk/toolchain/14_2_Rel1/bin/../lib/gcc/arm-none-eabi/14.2.1/thumb/v8-m.main+fp/softfp\libg.a(libc_a-mlock.o)
                              C:/Users/regue/.pico-sdk/toolchain/14_2_Rel1/bin/../lib/gcc/arm-none-eabi/14.2.1/thumb/v8-m.main+fp/softfp\libg.a(libc_a-mallocr.o) (__malloc_lock)
C:/Users/regue/.pico-sdk/toolchain/14_2_Rel1/bin/../lib/gcc/arm-none-eabi/14.2.1/thumb/v8-m.main+fp/softfp\libg.a(libc_a-realloc.o)
                              CMakeFiles/clock.dir/C_/Users/regue/.pico-sdk/sdk/2.2.0/src/rp2_common/pico_malloc/malloc.c.obj (realloc)
C:/Users/regue/.pico-sdk/toolchain/14_2_Rel1/bin/../lib/gcc/arm-none-eabi/14.2.1/thumb/v8-m.main+fp/softfp\libg.a(libc_a-reallocr.o)
                              C:/Users/regue/.pico-sdk/toolchain/14_2_Rel1/bin/../lib/gcc/arm-none-eabi/14.2.1/thumb/v8-m.main+fp/softfp\libg.a(libc_a-realloc.o) (_realloc_r)
C:/Users/regue/.pico-sdk/toolchain/14_2_Rel1/bin/../lib/gcc/arm-none-eabi/14.2.1/thumb/v8-m.main+fp/softfp\libg.a(libc_a-ctype_.o)
                              CMakeFiles/clock.dir/C_/Users/regue/.pico-sdk/sdk/2.2.0/lib/tinyusb/src/tusb.c.obj (_ctype_)
C:/Users/regue/.pico-sdk/toolchain/14_2_Rel1/bin/../lib/gcc/arm-none-eabi/14.2.1/thumb/v8-m.main+fp/softfp\libg.a(libc_a-memcmp.o)
                              CMakeFiles/clock.dir/C_/Users/regue/.pico-sdk/sdk/2.2.0/src/rp2_common/pico_atomic/atomic.c.obj (memcmp)
C:/Users/regue/.pico-sdk/toolchain/14_2_Rel1/bin/../lib/gcc/arm-none-eabi/14.2.1/thumb/v8-m.main+fp/softfp\libg.a(libc_a-memmove.o)
                              C:/Users/regue/.pico-sdk/toolchain/14_2_Rel1/bin/../lib/gcc/arm-none-eabi/14.2.1/thumb/v8-m.main+fp/softfp\libg.a(libc_a-reallocr.o) (memmove)
[...]
Memory Configuration

Name             Origin             Length             Attributes
FLASH            0x10000000         0x00400000         xr
RAM              0x20000000         0x00080000         xrw
SCRATCH_X        0x20080000         0x00001000         xrw
SCRATCH_Y        0x20081000         0x00001000         xrw
*default*        0x00000000         0xffffffff

Linker script and memory map

LOAD C:/Users/regue/.pico-sdk/toolchain/14_2_Rel1/bin/../lib/gcc/arm-none-eabi/14.2.1/thumb/v8-m.main+fp/softfp/crti.o
LOAD C:/Users/regue/.pico-sdk/toolchain/14_2_Rel1/bin/../lib/gcc/arm-none-eabi/14.2.1/thumb/v8-m.main+fp/softfp/crtbegin.o
LOAD C:/Users/regue/.pico-sdk/toolchain/14_2_Rel1/bin/../lib/gcc/arm-none-eabi/14.2.1/thumb/v8-m.main+fp/softfp/crt0.o

.flash_begin    0x10000000        0x0
                0x10000000                        __flash_binary_start = .

.text           0x10000000     0x61d0
                0x10000000                        __logical_binary_start = .
 *(.vectors)
 .vectors       0x10000000      0x124 CMakeFiles/clock.dir/C_/Users/regue/.pico-sdk/sdk/2.2.0/src/rp2_common/pico_crt0/crt0.S.obj
                0x10000000                __VECTOR_TABLE
                0x10000000                __vectors
                0x10000110                __unhandled_user_irq
                0x10000110                isr_irq49
                0x10000110                isr_irq13
                0x10000110                isr_irq43
                0x10000110                isr_irq45
                0x10000110                isr_irq27
                0x10000110                isr_irq32
                0x10000110                isr_irq31
                0x10000110                isr_irq12
                0x10000110                isr_irq5
                0x10000110                isr_irq11
                0x10000110                isr_irq3
                0x10000110                isr_irq23
                0x10000110                isr_usagefault
                0x10000110                isr_irq48
                0x10000110                isr_irq30
                0x10000110                isr_irq18
                0x10000110                isr_irq50
                0x10000110                isr_irq33
                0x10000110                isr_irq40
                0x10000110                isr_irq28
                0x10000110                isr_irq19
                0x10000110                isr_irq36
                0x10000110                isr_irq41
                0x10000110                isr_irq0
                0x10000110                isr_irq6
                0x10000110                isr_irq26
                0x10000110                isr_irq29
                0x10000110                isr_memmanage
                0x10000110                isr_irq37
                0x10000110                isr_irq42
                0x10000110                isr_irq22
                0x10000110                isr_irq35
                0x10000110                isr_irq17
                0x10000110                isr_irq38
                0x10000110                isr_irq14
                0x10000110                __vectors_end
                0x10000110                __default_isrs_start
                0x10000110                isr_irq2
                0x10000110                isr_irq10
                0x10000110                isr_irq8
                0x10000110                isr_debugmonitor
                0x10000110                isr_irq24
                0x10000110                isr_irq46
                0x10000110                isr_irq1
                0x10000110                isr_irq47
                0x10000110                isr_irq51
                0x10000110                isr_irq7
                0x10000110                isr_irq21
                0x10000110                isr_irq39
                0x10000110                isr_irq20
                0x10000110                isr_irq15
                0x10000110                isr_irq25
                0x10000110                isr_irq34
                0x10000110                isr_irq44
                0x10000110                isr_securefault
                0x10000110                isr_irq4
                0x10000110                isr_busfault
                0x10000110                isr_irq16
                0x10000110                isr_irq9
                0x10000116                unhandled_user_irq_num_in_r0
                0x10000118                isr_invalid
                0x1000011a                isr_nmi
                0x1000011c                isr_hardfault
                0x1000011e                isr_svcall
                0x10000120                isr_pendsv
                0x10000122                isr_systick
                0x10000124                __default_isrs_end
 *(.binary_info_header)
 .binary_info_header
                0x10000124       0x14 CMakeFiles/clock.dir/C_/Users/regue/.pico-sdk/sdk/2.2.0/src/rp2_common/pico_crt0/crt0.S.obj
                0x10000138                        __binary_info_header_end = .
 *(.embedded_block)
 .embedded_block
                0x10000138       0x14 CMakeFiles/clock.dir/C_/Users/regue/.pico-sdk/sdk/2.2.0/src/rp2_common/pico_crt0/crt0.S.obj
                0x1000014c                        __embedded_block_end = .
 *(.reset)
 .reset         0x1000014c       0x98 CMakeFiles/clock.dir/C_/Users/regue/.pico-sdk/sdk/2.2.0/src/rp2_common/pico_crt0/crt0.S.obj
                0x1000014c                _entry_point
 *(.init)
 .init          0x100001e4        0x4 C:/Users/regue/.pico-sdk/toolchain/14_2_Rel1/bin/../lib/gcc/arm-none-eabi/14.2.1/thumb/v8-m.main+fp/softfp/crti.o
                0x100001e4                _init
 SORT_BY_NAME(REVERSE(*libgcc.a:cmse_nonsecure_call.o))()
 *(EXCLUDE_FILE(*libm.a: *libc.a:*lib_a-mem*.o *libgcc.a:) .text*)
 .text.register_tm_clones
                0x100001e8       0x28 C:/Users/regue/.pico-sdk/toolchain/14_2_Rel1/bin/../lib/gcc/arm-none-eabi/14.2.1/thumb/v8-m.main+fp/softfp/crtbegin.o
 .text.frame_dummy
                0x10000210       0x24 C:/Users/regue/.pico-sdk/toolchain/14_2_Rel1/bin/../lib/gcc/arm-none-eabi/14.2.1/thumb/v8-m.main+fp/softfp/crtbegin.o
 .text.main     0x10000234       0x5c CMakeFiles/clock.dir/clock.c.obj
                0x10000234                main
 .text.gpio_set_function
                0x10000290       0x38 CMakeFiles/clock.dir/C_/Users/regue/.pico-sdk/sdk/2.2.0/src/rp2_common/hardware_gpio/gpio.c.obj
                0x10000290                gpio_set_function
 .text.panic    0x100002c8       0x30 CMakeFiles/clock.dir/C_/Users/regue/.pico-sdk/sdk/2.2.0/src/rp2_common/pico_platform_panic/panic.c.obj
                0x100002c8                panic
 .text.hw_claim_lock
                0x100002f8       0x24 CMakeFiles/clock.dir/C_/Users/regue/.pico-sdk/sdk/2.2.0/src/common/hardware_claim/claim.c.obj
                0x100002f8                hw_claim_lock
 .text.hw_claim_unlock
                0x1000031c       0x14 CMakeFiles/clock.dir/C_/Users/regue/.pico-sdk/sdk/2.2.0/src/common/hardware_claim/claim.c.obj
                0x1000031c                hw_claim_unlock
 .text.hw_claim_or_assert
                0x10000330       0x32 CMakeFiles/clock.dir/C_/Users/regue/.pico-sdk/sdk/2.2.0/src/common/hardware_claim/claim.c.obj
                0x10000330                hw_claim_or_assert
 .text.hw_claim_unused_from_range
                0x10000362       0x4e CMakeFiles/clock.dir/C_/Users/regue/.pico-sdk/sdk/2.2.0/src/common/hardware_claim/claim.c.obj
                0x10000362                hw_claim_unused_from_range
 .text.next_striped_spin_lock_num
                0x100003b0       0x1c CMakeFiles/clock.dir/C_/Users/regue/.pico-sdk/sdk/2.2.0/src/rp2_common/hardware_sync/sync.c.obj
                0x100003b0                next_striped_spin_lock_num
 .text.spin_lock_claim_unused
                0x100003cc       0x24 CMakeFiles/clock.dir/C_/Users/regue/.pico-sdk/sdk/2.2.0/src/rp2_common/hardware_sync/sync.c.obj
                0x100003cc                spin_lock_claim_unused
 .text.spinlock_set_extexclall
                0x100003f0        0xe CMakeFiles/clock.dir/C_/Users/regue/.pico-sdk/sdk/2.2.0/src/rp2_common/hardware_sync_spin_lock/sync_spin_lock.c.obj
 *fill*         0x100003fe        0x2 
 .text.spin_locks_reset
                0x10000400       0x1c CMakeFiles/clock.dir/C_/Users/regue/.pico-sdk/sdk/2.2.0/src/rp2_common/hardware_sync_spin_lock/sync_spin_lock.c.obj
                0x10000400                spin_locks_reset
 .text.set_raw_irq_handler_and_unlock
                0x1000041c       0x24 CMakeFiles/clock.dir/C_/Users/regue/.pico-sdk/sdk/2.2.0/src/rp2_common/hardware_irq/irq.c.obj
 .text.nvic_ipr0
                0x10000440        0x8 CMakeFiles/clock.dir/C_/Users/regue/.pico-sdk/sdk/2.2.0/src/rp2_common/hardware_irq/irq.c.obj
 .text.runtime_init_per_core_irq_priorities
                0x10000448       0x1c CMakeFiles/clock.dir/C_/Users/regue/.pico-sdk/sdk/2.2.0/src/rp2_common/hardware_irq/irq.c.obj
                0x10000448                runtime_init_per_core_irq_priorities
 .text.resolve_j_16
                0x10000464       0x40 CMakeFiles/clock.dir/C_/Users/regue/.pico-sdk/sdk/2.2.0/src/rp2_common/hardware_irq/irq.c.obj
 .text.make_j_16
                0x100004a4       0x3c CMakeFiles/clock.dir/C_/Users/regue/.pico-sdk/sdk/2.2.0/src/rp2_common/hardware_irq/irq.c.obj
 .text.irq_is_enabled
                0x100004e0       0x20 CMakeFiles/clock.dir/C_/Users/regue/.pico-sdk/sdk/2.2.0/src/rp2_common/hardware_irq/irq.c.obj
                0x100004e0                irq_is_enabled
 .text.irq_set_mask_n_enabled
                0x10000500       0x20 CMakeFiles/clock.dir/C_/Users/regue/.pico-sdk/sdk/2.2.0/src/rp2_common/hardware_irq/irq.c.obj
                0x10000500                irq_set_mask_n_enabled
 .text.irq_set_enabled
                0x10000520       0x14 CMakeFiles/clock.dir/C_/Users/regue/.pico-sdk/sdk/2.2.0/src/rp2_common/hardware_irq/irq.c.obj
                0x10000520                irq_set_enabled
 .text.irq_set_pending
                0x10000534       0x18 CMakeFiles/clock.dir/C_/Users/regue/.pico-sdk/sdk/2.2.0/src/rp2_common/hardware_irq/irq.c.obj
                0x10000534                irq_set_pending
 .text.irq_get_vtable_handler
                0x1000054c       0x10 CMakeFiles/clock.dir/C_/Users/regue/.pico-sdk/sdk/2.2.0/src/rp2_common/hardware_irq/irq.c.obj
                0x1000054c                irq_get_vtable_handler
 .text.irq_has_shared_handler
                0x1000055c       0x18 CMakeFiles/clock.dir/C_/Users/regue/.pico-sdk/sdk/2.2.0/src/rp2_common/hardware_irq/irq.c.obj
                0x1000055c                irq_has_shared_handler
 .text.irq_set_exclusive_handler
                0x10000574       0x60 CMakeFiles/clock.dir/C_/Users/regue/.pico-sdk/sdk/2.2.0/src/rp2_common/hardware_irq/irq.c.obj
                0x10000574                irq_set_exclusive_handler
 .text.irq_add_shared_handler
                0x100005d4      0x234 CMakeFiles/clock.dir/C_/Users/regue/.pico-sdk/sdk/2.2.0/src/rp2_common/hardware_irq/irq.c.obj
                0x100005d4                irq_add_shared_handler
 .text.irq_add_tail_to_free_list
                0x10000808       0xf8 CMakeFiles/clock.dir/C_/Users/regue/.pico-sdk/sdk/2.2.0/src/rp2_common/hardware_irq/irq.c.obj
                0x10000808                irq_add_tail_to_free_list
 .text.user_irq_claim_unused
                0x10000900       0x2c CMakeFiles/clock.dir/C_/Users/regue/.pico-sdk/sdk/2.2.0/src/rp2_common/hardware_irq/irq.c.obj
                0x10000900                user_irq_claim_unused
 .text.lock_init
                0x1000092c        0xc CMakeFiles/clock.dir/C_/Users/regue/.pico-sdk/sdk/2.2.0/src/common/pico_sync/lock_core.c.obj
                0x1000092c                lock_init
 .text.mutex_init
                0x10000938       0x1a CMakeFiles/clock.dir/C_/Users/regue/.pico-sdk/sdk/2.2.0/src/common/pico_sync/mutex.c.obj
                0x10000938                mutex_init
 .text.recursive_mutex_init
                0x10000952       0x1e CMakeFiles/clock.dir/C_/Users/regue/.pico-sdk/sdk/2.2.0/src/common/pico_sync/mutex.c.obj
                0x10000952                recursive_mutex_init
 .text.runtime_init_mutex
                0x10000970       0x4c CMakeFiles/clock.dir/C_/Users/regue/.pico-sdk/sdk/2.2.0/src/common/pico_sync/mutex.c.obj
                0x10000970                runtime_init_mutex
 .text.critical_section_init_with_lock_num
                0x100009bc       0x10 CMakeFiles/clock.dir/C_/Users/regue/.pico-sdk/sdk/2.2.0/src/common/pico_sync/critical_section.c.obj
                0x100009bc                critical_section_init_with_lock_num
 .text.critical_section_init
                0x100009cc       0x14 CMakeFiles/clock.dir/C_/Users/regue/.pico-sdk/sdk/2.2.0/src/common/pico_sync/critical_section.c.obj
                0x100009cc                critical_section_init
 .text.ta_from_current_irq
                0x100009e0       0x24 CMakeFiles/clock.dir/C_/Users/regue/.pico-sdk/sdk/2.2.0/src/common/pico_time/time.c.obj
 .text.ta_set_timeout
                0x10000a04       0x2a CMakeFiles/clock.dir/C_/Users/regue/.pico-sdk/sdk/2.2.0/src/common/pico_time/time.c.obj
 .text.make_alarm_id
                0x10000a2e        0x6 CMakeFiles/clock.dir/C_/Users/regue/.pico-sdk/sdk/2.2.0/src/common/pico_time/time.c.obj
 .text.sleep_until_callback
                0x10000a34       0x3c CMakeFiles/clock.dir/C_/Users/regue/.pico-sdk/sdk/2.2.0/src/common/pico_time/time.c.obj
 .text.alarm_pool_irq_handler
                0x10000a70      0x2ec CMakeFiles/clock.dir/C_/Users/regue/.pico-sdk/sdk/2.2.0/src/common/pico_time/time.c.obj
 .text.ta_enable_irq_handler
                0x10000d5c       0x38 CMakeFiles/clock.dir/C_/Users/regue/.pico-sdk/sdk/2.2.0/src/common/pico_time/time.c.obj
 .text.alarm_pool_post_alloc_init
                0x10000d94       0x7c CMakeFiles/clock.dir/C_/Users/regue/.pico-sdk/sdk/2.2.0/src/common/pico_time/time.c.obj
 .text.alarm_pool_get_default
                0x10000e10       0x28 CMakeFiles/clock.dir/C_/Users/regue/.pico-sdk/sdk/2.2.0/src/common/pico_time/time.c.obj
                0x10000e10                alarm_pool_get_default
 .text.alarm_pool_add_alarm_at_force_in_context
                0x10000e38       0xc0 CMakeFiles/clock.dir/C_/Users/regue/.pico-sdk/sdk/2.2.0/src/common/pico_time/time.c.obj
                0x10000e38                alarm_pool_add_alarm_at_force_in_context
 .text.alarm_pool_add_alarm_at
                0x10000ef8       0x38 CMakeFiles/clock.dir/C_/Users/regue/.pico-sdk/sdk/2.2.0/src/common/pico_time/time.c.obj
                0x10000ef8                alarm_pool_add_alarm_at
 .text.add_alarm_at
                0x10000f30       0x26 CMakeFiles/clock.dir/C_/Users/regue/.pico-sdk/sdk/2.2.0/src/common/pico_time/time.c.obj
 .text.alarm_pool_cancel_alarm
                0x10000f56       0x72 CMakeFiles/clock.dir/C_/Users/regue/.pico-sdk/sdk/2.2.0/src/common/pico_time/time.c.obj
                0x10000f56                alarm_pool_cancel_alarm
 .text.cancel_alarm
                0x10000fc8       0x10 CMakeFiles/clock.dir/C_/Users/regue/.pico-sdk/sdk/2.2.0/src/common/pico_time/time.c.obj
 .text.alarm_pool_core_num
                0x10000fd8        0x4 CMakeFiles/clock.dir/C_/Users/regue/.pico-sdk/sdk/2.2.0/src/common/pico_time/time.c.obj
                0x10000fd8                alarm_pool_core_num
 .text.sleep_until
                0x10000fdc       0xb4 CMakeFiles/clock.dir/C_/Users/regue/.pico-sdk/sdk/2.2.0/src/common/pico_time/time.c.obj
                0x10000fdc                sleep_until
 .text.sleep_us
                0x10001090       0x24 CMakeFiles/clock.dir/C_/Users/regue/.pico-sdk/sdk/2.2.0/src/common/pico_time/time.c.obj
                0x10001090                sleep_us
 .text.sleep_ms
                0x100010b4       0x28 CMakeFiles/clock.dir/C_/Users/regue/.pico-sdk/sdk/2.2.0/src/common/pico_time/time.c.obj
                0x100010b4                sleep_ms
 .text.best_effort_wfe_or_timeout
                0x100010dc       0xfc CMakeFiles/clock.dir/C_/Users/regue/.pico-sdk/sdk/2.2.0/src/common/pico_time/time.c.obj
                0x100010dc                best_effort_wfe_or_timeout
 .text.alarm_pool_get_default_timer
                0x100011d8        0x8 CMakeFiles/clock.dir/C_/Users/regue/.pico-sdk/sdk/2.2.0/src/common/pico_time/time.c.obj
                0x100011d8                alarm_pool_get_default_timer
 .text.runtime_init_default_alarm_pool
                0x100011e0       0x34 CMakeFiles/clock.dir/C_/Users/regue/.pico-sdk/sdk/2.2.0/src/common/pico_time/time.c.obj
                0x100011e0                runtime_init_default_alarm_pool
 .text.timer_hardware_alarm_claim
                0x10001214       0x24 CMakeFiles/clock.dir/C_/Users/regue/.pico-sdk/sdk/2.2.0/src/rp2_common/hardware_timer/timer.c.obj
                0x10001214                timer_hardware_alarm_claim
 .text.timer_time_us_64
                0x10001238       0x10 CMakeFiles/clock.dir/C_/Users/regue/.pico-sdk/sdk/2.2.0/src/rp2_common/hardware_timer/timer.c.obj
                0x10001238                timer_time_us_64
 .text.timer_busy_wait_until
                0x10001248       0x1a CMakeFiles/clock.dir/C_/Users/regue/.pico-sdk/sdk/2.2.0/src/rp2_common/hardware_timer/timer.c.obj
                0x10001248                timer_busy_wait_until
 *fill*         0x10001262        0x2 
 .text.time_us_64
                0x10001264       0x10 CMakeFiles/clock.dir/C_/Users/regue/.pico-sdk/sdk/2.2.0/src/rp2_common/hardware_timer/timer.c.obj
                0x10001264                time_us_64
 .text.busy_wait_until
                0x10001274       0x14 CMakeFiles/clock.dir/C_/Users/regue/.pico-sdk/sdk/2.2.0/src/rp2_common/hardware_timer/timer.c.obj
                0x10001274                busy_wait_until
 .text.gpio_to_gpout_clock_handle
                0x10001288       0x30 CMakeFiles/clock.dir/C_/Users/regue/.pico-sdk/sdk/2.2.0/src/rp2_common/hardware_clocks/clocks.c.obj
 .text.clock_configure_internal
                0x100012b8       0xb8 CMakeFiles/clock.dir/C_/Users/regue/.pico-sdk/sdk/2.2.0/src/rp2_common/hardware_clocks/clocks.c.obj
 .text.clock_configure_undivided
                0x10001370       0x12 CMakeFiles/clock.dir/C_/Users/regue/.pico-sdk/sdk/2.2.0/src/rp2_common/hardware_clocks/clocks.c.obj
                0x10001370                clock_configure_undivided
 *fill*         0x10001382        0x2 
 .text.clock_get_hz
                0x10001384        0xc CMakeFiles/clock.dir/C_/Users/regue/.pico-sdk/sdk/2.2.0/src/rp2_common/hardware_clocks/clocks.c.obj
                0x10001384                clock_get_hz
 .text.clock_gpio_init_int_frac16
                0x10001390       0x3c CMakeFiles/clock.dir/C_/Users/regue/.pico-sdk/sdk/2.2.0/src/rp2_common/hardware_clocks/clocks.c.obj
                0x10001390                clock_gpio_init_int_frac16
 .text.pll_init
                0x100013cc      0x108 CMakeFiles/clock.dir/C_/Users/regue/.pico-sdk/sdk/2.2.0/src/rp2_common/hardware_pll/pll.c.obj
                0x100013cc                pll_init
 .text.watchdog_update
                0x100014d4       0x14 CMakeFiles/clock.dir/C_/Users/regue/.pico-sdk/sdk/2.2.0/src/rp2_common/hardware_watchdog/watchdog.c.obj
                0x100014d4                watchdog_update
 .text._watchdog_enable
                0x100014e8       0x6c CMakeFiles/clock.dir/C_/Users/regue/.pico-sdk/sdk/2.2.0/src/rp2_common/hardware_watchdog/watchdog.c.obj
                0x100014e8                _watchdog_enable
 .text.watchdog_reboot
                0x10001554       0x44 CMakeFiles/clock.dir/C_/Users/regue/.pico-sdk/sdk/2.2.0/src/rp2_common/hardware_watchdog/watchdog.c.obj
                0x10001554                watchdog_reboot
 .text.tick_start
                0x10001598       0x1c CMakeFiles/clock.dir/C_/Users/regue/.pico-sdk/sdk/2.2.0/src/rp2_common/hardware_ticks/ticks.c.obj
                0x10001598                tick_start
 .text.rom_reboot
                0x100015b4       0x40 CMakeFiles/clock.dir/C_/Users/regue/.pico-sdk/sdk/2.2.0/src/rp2_common/pico_bootrom/bootrom.c.obj
 .text.rom_func_lookup
                0x100015f4       0x1e CMakeFiles/clock.dir/C_/Users/regue/.pico-sdk/sdk/2.2.0/src/rp2_common/pico_bootrom/bootrom.c.obj
                0x100015f4                rom_func_lookup
 .text.rom_reset_usb_boot_extra
                0x10001612       0x20 CMakeFiles/clock.dir/C_/Users/regue/.pico-sdk/sdk/2.2.0/src/rp2_common/pico_bootrom/bootrom.c.obj
                0x10001612                rom_reset_usb_boot_extra
 *fill*         0x10001632        0x2 
 .text.runtime_init_bootrom_locking_enable
                0x10001634       0x14 CMakeFiles/clock.dir/C_/Users/regue/.pico-sdk/sdk/2.2.0/src/rp2_common/pico_bootrom/bootrom_lock.c.obj
                0x10001634                runtime_init_bootrom_locking_enable
 .text.boot_locks_reset
                0x10001648       0x20 CMakeFiles/clock.dir/C_/Users/regue/.pico-sdk/sdk/2.2.0/src/rp2_common/hardware_boot_lock/boot_lock.c.obj
                0x10001648                boot_locks_reset
 .text.runtime_init_boot_locks_reset
                0x10001668        0x8 CMakeFiles/clock.dir/C_/Users/regue/.pico-sdk/sdk/2.2.0/src/rp2_common/hardware_boot_lock/boot_lock.c.obj
                0x10001668                runtime_init_boot_locks_reset
 .text.xosc_init
                0x10001670       0x28 CMakeFiles/clock.dir/C_/Users/regue/.pico-sdk/sdk/2.2.0/src/rp2_common/hardware_xosc/xosc.c.obj
                0x10001670                xosc_init
 .text.runtime_run_initializers_from
                0x10001698       0x18 CMakeFiles/clock.dir/C_/Users/regue/.pico-sdk/sdk/2.2.0/src/rp2_common/pico_runtime/runtime.c.obj
 .text.first_per_core_initializer
                0x100016b0        0x2 CMakeFiles/clock.dir/C_/Users/regue/.pico-sdk/sdk/2.2.0/src/rp2_common/pico_runtime/runtime.c.obj
 *fill*         0x100016b2        0x2 
 .text.runtime_run_initializers
                0x100016b4       0x10 CMakeFiles/clock.dir/C_/Users/regue/.pico-sdk/sdk/2.2.0/src/rp2_common/pico_runtime/runtime.c.obj
                0x100016b4                runtime_run_initializers
 .text.runtime_init_early_resets
                0x100016c4       0x2c CMakeFiles/clock.dir/C_/Users/regue/.pico-sdk/sdk/2.2.0/src/rp2_common/pico_runtime_init/runtime_init.c.obj
                0x100016c4                runtime_init_early_resets
 .text.runtime_init_usb_power_down
                0x100016f0       0x20 CMakeFiles/clock.dir/C_/Users/regue/.pico-sdk/sdk/2.2.0/src/rp2_common/pico_runtime_init/runtime_init.c.obj
                0x100016f0                runtime_init_usb_power_down
 .text.runtime_init_per_core_enable_coprocessors
                0x10001710       0x1c CMakeFiles/clock.dir/C_/Users/regue/.pico-sdk/sdk/2.2.0/src/rp2_common/pico_runtime_init/runtime_init.c.obj
                0x10001710                runtime_init_per_core_enable_coprocessors
 .text.runtime_init_post_clock_resets
                0x1000172c       0x20 CMakeFiles/clock.dir/C_/Users/regue/.pico-sdk/sdk/2.2.0/src/rp2_common/pico_runtime_init/runtime_init.c.obj
                0x1000172c                runtime_init_post_clock_resets
 .text.runtime_init_bootrom_reset
                0x1000174c       0x12 CMakeFiles/clock.dir/C_/Users/regue/.pico-sdk/sdk/2.2.0/src/rp2_common/pico_runtime_init/runtime_init.c.obj
                0x1000174c                runtime_init_bootrom_reset
 .text.runtime_init_per_core_bootrom_reset
                0x1000175e       0x12 CMakeFiles/clock.dir/C_/Users/regue/.pico-sdk/sdk/2.2.0/src/rp2_common/pico_runtime_init/runtime_init.c.obj
                0x1000175e                runtime_init_per_core_bootrom_reset
 .text.runtime_init_spin_locks_reset
                0x10001770        0x8 CMakeFiles/clock.dir/C_/Users/regue/.pico-sdk/sdk/2.2.0/src/rp2_common/pico_runtime_init/runtime_init.c.obj
                0x10001770                runtime_init_spin_locks_reset
 .text.runtime_init_install_ram_vector_table
                0x10001778       0x48 CMakeFiles/clock.dir/C_/Users/regue/.pico-sdk/sdk/2.2.0/src/rp2_common/pico_runtime_init/runtime_init.c.obj
                0x10001778                runtime_init_install_ram_vector_table
 .text.start_all_ticks
                0x100017c0       0x28 CMakeFiles/clock.dir/C_/Users/regue/.pico-sdk/sdk/2.2.0/src/rp2_common/pico_runtime_init/runtime_init_clocks.c.obj
 .text.runtime_init_clocks
                0x100017e8       0xc4 CMakeFiles/clock.dir/C_/Users/regue/.pico-sdk/sdk/2.2.0/src/rp2_common/pico_runtime_init/runtime_init_clocks.c.obj
                0x100017e8                runtime_init_clocks
 .text.__rp2350_dcp_engaged_state_save_restore
                0x100018ac       0x3a CMakeFiles/clock.dir/C_/Users/regue/.pico-sdk/sdk/2.2.0/src/rp2_common/pico_double/double_aeabi_dcp.S.obj
 *fill*         0x100018e6        0x2 
 .text.__wrap___aeabi_dadd
                0x100018e8       0x28 CMakeFiles/clock.dir/C_/Users/regue/.pico-sdk/sdk/2.2.0/src/rp2_common/pico_double/double_aeabi_dcp.S.obj
                0x100018f0                __wrap___aeabi_dadd
 .text.__wrap___aeabi_dsub
                0x10001910       0x28 CMakeFiles/clock.dir/C_/Users/regue/.pico-sdk/sdk/2.2.0/src/rp2_common/pico_double/double_aeabi_dcp.S.obj
                0x10001918                __wrap___aeabi_dsub
 .text.__wrap___aeabi_dmul
                0x10001938       0x4c CMakeFiles/clock.dir/C_/Users/regue/.pico-sdk/sdk/2.2.0/src/rp2_common/pico_double/double_aeabi_dcp.S.obj
                0x10001940                __wrap___aeabi_dmul
 .text.__wrap___aeabi_ddiv
                0x10001984       0x9c CMakeFiles/clock.dir/C_/Users/regue/.pico-sdk/sdk/2.2.0/src/rp2_common/pico_double/double_aeabi_dcp.S.obj
                0x1000198c                __wrap___aeabi_ddiv
 .text.__wrap___aeabi_i2d
                0x10001a20       0x24 CMakeFiles/clock.dir/C_/Users/regue/.pico-sdk/sdk/2.2.0/src/rp2_common/pico_double/double_aeabi_dcp.S.obj
                0x10001a28                int2double
                0x10001a28                __wrap___aeabi_i2d
 .text.__wrap___aeabi_ui2d
                0x10001a44       0x24 CMakeFiles/clock.dir/C_/Users/regue/.pico-sdk/sdk/2.2.0/src/rp2_common/pico_double/double_aeabi_dcp.S.obj
                0x10001a4c                uint2double
                0x10001a4c                __wrap___aeabi_ui2d
 .text.__wrap___aeabi_d2iz
                0x10001a68       0x24 CMakeFiles/clock.dir/C_/Users/regue/.pico-sdk/sdk/2.2.0/src/rp2_common/pico_double/double_aeabi_dcp.S.obj
                0x10001a70                double2int_z
                0x10001a70                __wrap___aeabi_d2iz
 .text.__wrap___aeabi_d2uiz
                0x10001a8c       0x24 CMakeFiles/clock.dir/C_/Users/regue/.pico-sdk/sdk/2.2.0/src/rp2_common/pico_double/double_aeabi_dcp.S.obj
                0x10001a94                double2uint
                0x10001a94                __wrap___aeabi_d2uiz
                0x10001a94                double2uint_z
 .text.__wrap___aeabi_dcmpun
                0x10001ab0       0x24 CMakeFiles/clock.dir/C_/Users/regue/.pico-sdk/sdk/2.2.0/src/rp2_common/pico_double/double_aeabi_dcp.S.obj
                0x10001ab8                __wrap___aeabi_dcmpun
 .text.__wrap___aeabi_dcmplt
                0x10001ad4       0x28 CMakeFiles/clock.dir/C_/Users/regue/.pico-sdk/sdk/2.2.0/src/rp2_common/pico_double/double_aeabi_dcp.S.obj
                0x10001adc                __wrap___aeabi_dcmplt
 .text.__wrap___aeabi_dcmple
                0x10001afc       0x28 CMakeFiles/clock.dir/C_/Users/regue/.pico-sdk/sdk/2.2.0/src/rp2_common/pico_double/double_aeabi_dcp.S.obj
                0x10001b04                __wrap___aeabi_dcmple
 .text.__wrap___aeabi_dcmpge
                0x10001b24       0x28 CMakeFiles/clock.dir/C_/Users/regue/.pico-sdk/sdk/2.2.0/src/rp2_common/pico_double/double_aeabi_dcp.S.obj
                0x10001b2c                __wrap___aeabi_dcmpge
 .text.__wrap___aeabi_dcmpgt
                0x10001b4c       0x28 CMakeFiles/clock.dir/C_/Users/regue/.pico-sdk/sdk/2.2.0/src/rp2_common/pico_double/double_aeabi_dcp.S.obj
                0x10001b54                __wrap___aeabi_dcmpgt
 .text._out_null
                0x10001b74        0x2 CMakeFiles/clock.dir/C_/Users/regue/.pico-sdk/sdk/2.2.0/src/rp2_common/pico_printf/printf.c.obj
 .text._out_fct
                0x10001b76        0xe CMakeFiles/clock.dir/C_/Users/regue/.pico-sdk/sdk/2.2.0/src/rp2_common/pico_printf/printf.c.obj
 .text._atoi    0x10001b84       0x26 CMakeFiles/clock.dir/C_/Users/regue/.pico-sdk/sdk/2.2.0/src/rp2_common/pico_printf/printf.c.obj
 .text._out_rev
                0x10001baa       0x7e CMakeFiles/clock.dir/C_/Users/regue/.pico-sdk/sdk/2.2.0/src/rp2_common/pico_printf/printf.c.obj
 .text._ntoa_format
                0x10001c28      0x134 CMakeFiles/clock.dir/C_/Users/regue/.pico-sdk/sdk/2.2.0/src/rp2_common/pico_printf/printf.c.obj
 .text._ntoa_long
                0x10001d5c       0x94 CMakeFiles/clock.dir/C_/Users/regue/.pico-sdk/sdk/2.2.0/src/rp2_common/pico_printf/printf.c.obj
 .text._ntoa_long_long
                0x10001df0       0xc2 CMakeFiles/clock.dir/C_/Users/regue/.pico-sdk/sdk/2.2.0/src/rp2_common/pico_printf/printf.c.obj
 *fill*         0x10001eb2        0x6 
 .text._etoa    0x10001eb8      0x420 CMakeFiles/clock.dir/C_/Users/regue/.pico-sdk/sdk/2.2.0/src/rp2_common/pico_printf/printf.c.obj
 .text._ftoa    0x100022d8      0x398 CMakeFiles/clock.dir/C_/Users/regue/.pico-sdk/sdk/2.2.0/src/rp2_common/pico_printf/printf.c.obj
 .text._vsnprintf
                0x10002670      0x6d8 CMakeFiles/clock.dir/C_/Users/regue/.pico-sdk/sdk/2.2.0/src/rp2_common/pico_printf/printf.c.obj
 .text.vfctprintf
                0x10002d48       0x24 CMakeFiles/clock.dir/C_/Users/regue/.pico-sdk/sdk/2.2.0/src/rp2_common/pico_printf/printf.c.obj
                0x10002d48                vfctprintf
 .text._exit    0x10002d6c        0x4 CMakeFiles/clock.dir/C_/Users/regue/.pico-sdk/sdk/2.2.0/src/rp2_common/pico_clib_interface/newlib_interface.c.obj
                0x10002d6c                _exit
 .text.exit     0x10002d70        0x6 CMakeFiles/clock.dir/C_/Users/regue/.pico-sdk/sdk/2.2.0/src/rp2_common/pico_clib_interface/newlib_interface.c.obj
                0x10002d70                exit
 *fill*         0x10002d76        0x2 
 .text.__assert_func
                0x10002d78       0x34 CMakeFiles/clock.dir/C_/Users/regue/.pico-sdk/sdk/2.2.0/src/rp2_common/pico_clib_interface/newlib_interface.c.obj
                0x10002d78                __assert_func
 .text.runtime_init
                0x10002dac       0x2c CMakeFiles/clock.dir/C_/Users/regue/.pico-sdk/sdk/2.2.0/src/rp2_common/pico_clib_interface/newlib_interface.c.obj
                0x10002dac                runtime_init
 .text.stdio_out_chars_no_crlf
                0x10002dd8        0xe CMakeFiles/clock.dir/C_/Users/regue/.pico-sdk/sdk/2.2.0/src/rp2_common/pico_stdio/stdio.c.obj
 *fill*         0x10002de6        0x2 
 .text.stdio_out_chars_crlf
                0x10002de8       0x80 CMakeFiles/clock.dir/C_/Users/regue/.pico-sdk/sdk/2.2.0/src/rp2_common/pico_stdio/stdio.c.obj
 .text.stdio_stack_buffer_flush
                0x10002e68       0x40 CMakeFiles/clock.dir/C_/Users/regue/.pico-sdk/sdk/2.2.0/src/rp2_common/pico_stdio/stdio.c.obj
 .text.stdio_buffered_printer
                0x10002ea8       0x20 CMakeFiles/clock.dir/C_/Users/regue/.pico-sdk/sdk/2.2.0/src/rp2_common/pico_stdio/stdio.c.obj
 .text.stdout_serialize_begin
                0x10002ec8       0x2c CMakeFiles/clock.dir/C_/Users/regue/.pico-sdk/sdk/2.2.0/src/rp2_common/pico_stdio/stdio.c.obj
                0x10002ec8                stdout_serialize_begin
 .text.stdout_serialize_end
                0x10002ef4       0x10 CMakeFiles/clock.dir/C_/Users/regue/.pico-sdk/sdk/2.2.0/src/rp2_common/pico_stdio/stdio.c.obj
                0x10002ef4                stdout_serialize_end
 .text.stdio_put_string
                0x10002f04       0x8c CMakeFiles/clock.dir/C_/Users/regue/.pico-sdk/sdk/2.2.0/src/rp2_common/pico_stdio/stdio.c.obj
                0x10002f04                stdio_put_string
 .text.stdio_set_driver_enabled
                0x10002f90       0x2c CMakeFiles/clock.dir/C_/Users/regue/.pico-sdk/sdk/2.2.0/src/rp2_common/pico_stdio/stdio.c.obj
                0x10002f90                stdio_set_driver_enabled
 .text.stdio_flush
                0x10002fbc       0x1c CMakeFiles/clock.dir/C_/Users/regue/.pico-sdk/sdk/2.2.0/src/rp2_common/pico_stdio/stdio.c.obj
                0x10002fbc                stdio_flush
 .text.stdio_init_all
                0x10002fd8        0x8 CMakeFiles/clock.dir/C_/Users/regue/.pico-sdk/sdk/2.2.0/src/rp2_common/pico_stdio/stdio.c.obj
                0x10002fd8                stdio_init_all
 .text.__wrap_puts
                0x10002fe0       0x1e CMakeFiles/clock.dir/C_/Users/regue/.pico-sdk/sdk/2.2.0/src/rp2_common/pico_stdio/stdio.c.obj
                0x10002fe0                stdio_puts
                0x10002fe0                __wrap_puts
 *fill*         0x10002ffe        0x2 
 .text.__wrap_vprintf
                0x10003000       0x40 CMakeFiles/clock.dir/C_/Users/regue/.pico-sdk/sdk/2.2.0/src/rp2_common/pico_stdio/stdio.c.obj
                0x10003000                stdio_vprintf
                0x10003000                __wrap_vprintf
 .text.__wrap_printf
                0x10003040       0x1c CMakeFiles/clock.dir/C_/Users/regue/.pico-sdk/sdk/2.2.0/src/rp2_common/pico_stdio/stdio.c.obj
                0x10003040                __wrap_printf
                0x10003040                stdio_printf
 .text.resetd_init
                0x1000305c        0x2 CMakeFiles/clock.dir/C_/Users/regue/.pico-sdk/sdk/2.2.0/src/rp2_common/pico_stdio_usb/reset_interface.c.obj
 *fill*         0x1000305e        0x2 
 .text.resetd_reset
                0x10003060        0xc CMakeFiles/clock.dir/C_/Users/regue/.pico-sdk/sdk/2.2.0/src/rp2_common/pico_stdio_usb/reset_interface.c.obj
 .text.resetd_open
                0x1000306c       0x34 CMakeFiles/clock.dir/C_/Users/regue/.pico-sdk/sdk/2.2.0/src/rp2_common/pico_stdio_usb/reset_interface.c.obj
 .text.resetd_xfer_cb
                0x100030a0        0x4 CMakeFiles/clock.dir/C_/Users/regue/.pico-sdk/sdk/2.2.0/src/rp2_common/pico_stdio_usb/reset_interface.c.obj
 .text.resetd_control_xfer_cb
                0x100030a4       0x54 CMakeFiles/clock.dir/C_/Users/regue/.pico-sdk/sdk/2.2.0/src/rp2_common/pico_stdio_usb/reset_interface.c.obj
 .text.tud_descriptor_bos_cb
                0x100030f8        0x8 CMakeFiles/clock.dir/C_/Users/regue/.pico-sdk/sdk/2.2.0/src/rp2_common/pico_stdio_usb/reset_interface.c.obj
                0x100030f8                tud_descriptor_bos_cb
 .text.tud_vendor_control_xfer_cb
                0x10003100       0x30 CMakeFiles/clock.dir/C_/Users/regue/.pico-sdk/sdk/2.2.0/src/rp2_common/pico_stdio_usb/reset_interface.c.obj
                0x10003100                tud_vendor_control_xfer_cb
 .text.usbd_app_driver_get_cb
                0x10003130        0xc CMakeFiles/clock.dir/C_/Users/regue/.pico-sdk/sdk/2.2.0/src/rp2_common/pico_stdio_usb/reset_interface.c.obj
                0x10003130                usbd_app_driver_get_cb
 .text.tud_cdc_line_coding_cb
                0x1000313c       0x18 CMakeFiles/clock.dir/C_/Users/regue/.pico-sdk/sdk/2.2.0/src/rp2_common/pico_stdio_usb/reset_interface.c.obj
                0x1000313c                tud_cdc_line_coding_cb
 .text.stdio_usb_set_chars_available_callback
                0x10003154       0x14 CMakeFiles/clock.dir/C_/Users/regue/.pico-sdk/sdk/2.2.0/src/rp2_common/pico_stdio_usb/stdio_usb.c.obj
                0x10003154                stdio_usb_set_chars_available_callback
 .text.stdio_usb_out_flush
                0x10003168       0x48 CMakeFiles/clock.dir/C_/Users/regue/.pico-sdk/sdk/2.2.0/src/rp2_common/pico_stdio_usb/stdio_usb.c.obj
 .text.timer_task
                0x100031b0       0x70 CMakeFiles/clock.dir/C_/Users/regue/.pico-sdk/sdk/2.2.0/src/rp2_common/pico_stdio_usb/stdio_usb.c.obj
 .text.usb_irq  0x10003220       0x10 CMakeFiles/clock.dir/C_/Users/regue/.pico-sdk/sdk/2.2.0/src/rp2_common/pico_stdio_usb/stdio_usb.c.obj
 .text.alarm_pool_add_alarm_in_us
                0x10003230       0x3a CMakeFiles/clock.dir/C_/Users/regue/.pico-sdk/sdk/2.2.0/src/rp2_common/pico_stdio_usb/stdio_usb.c.obj
 .text.add_alarm_in_us
                0x1000326a       0x26 CMakeFiles/clock.dir/C_/Users/regue/.pico-sdk/sdk/2.2.0/src/rp2_common/pico_stdio_usb/stdio_usb.c.obj
 .text.low_priority_worker_irq
                0x10003290       0xa8 CMakeFiles/clock.dir/C_/Users/regue/.pico-sdk/sdk/2.2.0/src/rp2_common/pico_stdio_usb/stdio_usb.c.obj
 .text.stdio_usb_init
                0x10003338       0xd4 CMakeFiles/clock.dir/C_/Users/regue/.pico-sdk/sdk/2.2.0/src/rp2_common/pico_stdio_usb/stdio_usb.c.obj
                0x10003338                stdio_usb_init
 .text.stdio_usb_connected
                0x1000340c        0xa CMakeFiles/clock.dir/C_/Users/regue/.pico-sdk/sdk/2.2.0/src/rp2_common/pico_stdio_usb/stdio_usb.c.obj
                0x1000340c                stdio_usb_connected
 *fill*         0x10003416        0x2 
 .text.stdio_usb_in_chars
                0x10003418       0x8c CMakeFiles/clock.dir/C_/Users/regue/.pico-sdk/sdk/2.2.0/src/rp2_common/pico_stdio_usb/stdio_usb.c.obj
                0x10003418                stdio_usb_in_chars
 .text.stdio_usb_out_chars
                0x100034a4       0xd4 CMakeFiles/clock.dir/C_/Users/regue/.pico-sdk/sdk/2.2.0/src/rp2_common/pico_stdio_usb/stdio_usb.c.obj
 .text.tud_descriptor_device_cb
                0x10003578        0x8 CMakeFiles/clock.dir/C_/Users/regue/.pico-sdk/sdk/2.2.0/src/rp2_common/pico_stdio_usb/stdio_usb_descriptors.c.obj
                0x10003578                tud_descriptor_device_cb
 .text.tud_descriptor_configuration_cb
                0x10003580        0x8 CMakeFiles/clock.dir/C_/Users/regue/.pico-sdk/sdk/2.2.0/src/rp2_common/pico_stdio_usb/stdio_usb_descriptors.c.obj
                0x10003580                tud_descriptor_configuration_cb
 .text.tud_descriptor_string_cb
                0x10003588       0x64 CMakeFiles/clock.dir/C_/Users/regue/.pico-sdk/sdk/2.2.0/src/rp2_common/pico_stdio_usb/stdio_usb_descriptors.c.obj
                0x10003588                tud_descriptor_string_cb
 .text._retrieve_unique_id_on_boot
                0x100035ec       0x58 CMakeFiles/clock.dir/C_/Users/regue/.pico-sdk/sdk/2.2.0/src/rp2_common/pico_unique_id/unique_id.c.obj
 .text.pico_get_unique_board_id_string
                0x10003644       0x5c CMakeFiles/clock.dir/C_/Users/regue/.pico-sdk/sdk/2.2.0/src/rp2_common/pico_unique_id/unique_id.c.obj
                0x10003644                pico_get_unique_board_id_string
 .text.hw_endpoint_init
                0x100036a0       0xbc CMakeFiles/clock.dir/C_/Users/regue/.pico-sdk/sdk/2.2.0/lib/tinyusb/src/portable/raspberrypi/rp2040/dcd_rp2040.c.obj
 .text.hw_endpoint_alloc
                0x1000375c       0x48 CMakeFiles/clock.dir/C_/Users/regue/.pico-sdk/sdk/2.2.0/lib/tinyusb/src/portable/raspberrypi/rp2040/dcd_rp2040.c.obj
 .text.hw_endpoint_open
                0x100037a4       0x44 CMakeFiles/clock.dir/C_/Users/regue/.pico-sdk/sdk/2.2.0/lib/tinyusb/src/portable/raspberrypi/rp2040/dcd_rp2040.c.obj
 .text.hw_endpoint_xfer
                0x100037e8       0x1c CMakeFiles/clock.dir/C_/Users/regue/.pico-sdk/sdk/2.2.0/lib/tinyusb/src/portable/raspberrypi/rp2040/dcd_rp2040.c.obj
 .text.dcd_int_enable
                0x10003804       0x28 CMakeFiles/clock.dir/C_/Users/regue/.pico-sdk/sdk/2.2.0/lib/tinyusb/src/portable/raspberrypi/rp2040/dcd_rp2040.c.obj
                0x10003804                dcd_int_enable
 .text.dcd_set_address
                0x1000382c       0x2c CMakeFiles/clock.dir/C_/Users/regue/.pico-sdk/sdk/2.2.0/lib/tinyusb/src/portable/raspberrypi/rp2040/dcd_rp2040.c.obj
                0x1000382c                dcd_set_address
 .text.dcd_connect
                0x10003858       0x10 CMakeFiles/clock.dir/C_/Users/regue/.pico-sdk/sdk/2.2.0/lib/tinyusb/src/portable/raspberrypi/rp2040/dcd_rp2040.c.obj
                0x10003858                dcd_connect
 .text.dcd_init
                0x10003868       0x84 CMakeFiles/clock.dir/C_/Users/regue/.pico-sdk/sdk/2.2.0/lib/tinyusb/src/portable/raspberrypi/rp2040/dcd_rp2040.c.obj
                0x10003868                dcd_init
 .text.dcd_sof_enable
                0x100038ec       0x1c CMakeFiles/clock.dir/C_/Users/regue/.pico-sdk/sdk/2.2.0/lib/tinyusb/src/portable/raspberrypi/rp2040/dcd_rp2040.c.obj
                0x100038ec                dcd_sof_enable
 .text.dcd_edpt0_status_complete
                0x10003908       0x20 CMakeFiles/clock.dir/C_/Users/regue/.pico-sdk/sdk/2.2.0/lib/tinyusb/src/portable/raspberrypi/rp2040/dcd_rp2040.c.obj
                0x10003908                dcd_edpt0_status_complete
 .text.dcd_edpt_open
                0x10003928       0x22 CMakeFiles/clock.dir/C_/Users/regue/.pico-sdk/sdk/2.2.0/lib/tinyusb/src/portable/raspberrypi/rp2040/dcd_rp2040.c.obj
                0x10003928                dcd_edpt_open
 .text.dcd_edpt_close_all
                0x1000394a        0x8 CMakeFiles/clock.dir/C_/Users/regue/.pico-sdk/sdk/2.2.0/lib/tinyusb/src/portable/raspberrypi/rp2040/dcd_rp2040.c.obj
                0x1000394a                dcd_edpt_close_all
 *fill*         0x10003952        0x2 
 .text.dcd_edpt_xfer
                0x10003954       0x2c CMakeFiles/clock.dir/C_/Users/regue/.pico-sdk/sdk/2.2.0/lib/tinyusb/src/portable/raspberrypi/rp2040/dcd_rp2040.c.obj
                0x10003954                dcd_edpt_xfer
 .text.dcd_edpt_stall
                0x10003980       0x38 CMakeFiles/clock.dir/C_/Users/regue/.pico-sdk/sdk/2.2.0/lib/tinyusb/src/portable/raspberrypi/rp2040/dcd_rp2040.c.obj
                0x10003980                dcd_edpt_stall
 .text.dcd_edpt_clear_stall
                0x100039b8       0x28 CMakeFiles/clock.dir/C_/Users/regue/.pico-sdk/sdk/2.2.0/lib/tinyusb/src/portable/raspberrypi/rp2040/dcd_rp2040.c.obj
                0x100039b8                dcd_edpt_clear_stall
 .text.unaligned_memcpy
                0x100039e0       0x14 CMakeFiles/clock.dir/C_/Users/regue/.pico-sdk/sdk/2.2.0/lib/tinyusb/src/portable/raspberrypi/rp2040/rp2040_usb.c.obj
 .text.rp2040_usb_init
                0x100039f4       0x40 CMakeFiles/clock.dir/C_/Users/regue/.pico-sdk/sdk/2.2.0/lib/tinyusb/src/portable/raspberrypi/rp2040/rp2040_usb.c.obj
                0x100039f4                rp2040_usb_init
 .text.hw_endpoint_xfer_start
                0x10003a34       0x58 CMakeFiles/clock.dir/C_/Users/regue/.pico-sdk/sdk/2.2.0/lib/tinyusb/src/portable/raspberrypi/rp2040/rp2040_usb.c.obj
                0x10003a34                hw_endpoint_xfer_start
 .text.configuration_reset
                0x10003a8c       0x90 CMakeFiles/clock.dir/C_/Users/regue/.pico-sdk/sdk/2.2.0/lib/tinyusb/src/device/usbd.c.obj
 .text.usbd_reset
                0x10003b1c        0xc CMakeFiles/clock.dir/C_/Users/regue/.pico-sdk/sdk/2.2.0/lib/tinyusb/src/device/usbd.c.obj
 .text.invoke_class_control
                0x10003b28       0x1a CMakeFiles/clock.dir/C_/Users/regue/.pico-sdk/sdk/2.2.0/lib/tinyusb/src/device/usbd.c.obj
 *fill*         0x10003b42        0x2 
 .text.process_set_config
                0x10003b44      0x1cc CMakeFiles/clock.dir/C_/Users/regue/.pico-sdk/sdk/2.2.0/lib/tinyusb/src/device/usbd.c.obj
 .text.tud_event_hook_cb
                0x10003d10        0x2 CMakeFiles/clock.dir/C_/Users/regue/.pico-sdk/sdk/2.2.0/lib/tinyusb/src/device/usbd.c.obj
                0x10003d10                tud_event_hook_cb
 .text.tud_sof_cb
                0x10003d12        0x2 CMakeFiles/clock.dir/C_/Users/regue/.pico-sdk/sdk/2.2.0/lib/tinyusb/src/device/usbd.c.obj
                0x10003d12                tud_sof_cb
 .text.tud_descriptor_device_qualifier_cb
                0x10003d14        0x4 CMakeFiles/clock.dir/C_/Users/regue/.pico-sdk/sdk/2.2.0/lib/tinyusb/src/device/usbd.c.obj
                0x10003d14                tud_descriptor_device_qualifier_cb
 .text.tud_descriptor_other_speed_configuration_cb
                0x10003d18        0x4 CMakeFiles/clock.dir/C_/Users/regue/.pico-sdk/sdk/2.2.0/lib/tinyusb/src/device/usbd.c.obj
                0x10003d18                tud_descriptor_other_speed_configuration_cb
 .text.process_get_descriptor
                0x10003d1c       0xf8 CMakeFiles/clock.dir/C_/Users/regue/.pico-sdk/sdk/2.2.0/lib/tinyusb/src/device/usbd.c.obj
 .text.tud_mount_cb
                0x10003e14        0x2 CMakeFiles/clock.dir/C_/Users/regue/.pico-sdk/sdk/2.2.0/lib/tinyusb/src/device/usbd.c.obj
                0x10003e14                tud_mount_cb
 .text.tud_umount_cb
                0x10003e16        0x2 CMakeFiles/clock.dir/C_/Users/regue/.pico-sdk/sdk/2.2.0/lib/tinyusb/src/device/usbd.c.obj
                0x10003e16                tud_umount_cb
 .text.tud_suspend_cb
                0x10003e18        0x2 CMakeFiles/clock.dir/C_/Users/regue/.pico-sdk/sdk/2.2.0/lib/tinyusb/src/device/usbd.c.obj
                0x10003e18                tud_suspend_cb
 .text.tud_resume_cb
                0x10003e1a        0x2 CMakeFiles/clock.dir/C_/Users/regue/.pico-sdk/sdk/2.2.0/lib/tinyusb/src/device/usbd.c.obj
                0x10003e1a                tud_resume_cb
 .text.tud_mounted
                0x10003e1c       0x14 CMakeFiles/clock.dir/C_/Users/regue/.pico-sdk/sdk/2.2.0/lib/tinyusb/src/device/usbd.c.obj
                0x10003e1c                tud_mounted
 .text.tud_suspended
                0x10003e30       0x10 CMakeFiles/clock.dir/C_/Users/regue/.pico-sdk/sdk/2.2.0/lib/tinyusb/src/device/usbd.c.obj
                0x10003e30                tud_suspended
 .text.tud_inited
                0x10003e40       0x10 CMakeFiles/clock.dir/C_/Users/regue/.pico-sdk/sdk/2.2.0/lib/tinyusb/src/device/usbd.c.obj
                0x10003e40                tud_inited
 .text.tud_rhport_init
                0x10003e50      0x128 CMakeFiles/clock.dir/C_/Users/regue/.pico-sdk/sdk/2.2.0/lib/tinyusb/src/device/usbd.c.obj
                0x10003e50                tud_rhport_init
 .text.usbd_edpt_open
                0x10003f78       0x7c CMakeFiles/clock.dir/C_/Users/regue/.pico-sdk/sdk/2.2.0/lib/tinyusb/src/device/usbd.c.obj
                0x10003f78                usbd_edpt_open
 .text.usbd_open_edpt_pair
                0x10003ff4       0xa4 CMakeFiles/clock.dir/C_/Users/regue/.pico-sdk/sdk/2.2.0/lib/tinyusb/src/device/usbd.c.obj
                0x10003ff4                usbd_open_edpt_pair
 .text.usbd_edpt_claim
                0x10004098       0x28 CMakeFiles/clock.dir/C_/Users/regue/.pico-sdk/sdk/2.2.0/lib/tinyusb/src/device/usbd.c.obj
                0x10004098                usbd_edpt_claim
 .text.usbd_edpt_release
                0x100040c0       0x28 CMakeFiles/clock.dir/C_/Users/regue/.pico-sdk/sdk/2.2.0/lib/tinyusb/src/device/usbd.c.obj
                0x100040c0                usbd_edpt_release
 .text.usbd_edpt_xfer
                0x100040e8       0x90 CMakeFiles/clock.dir/C_/Users/regue/.pico-sdk/sdk/2.2.0/lib/tinyusb/src/device/usbd.c.obj
                0x100040e8                usbd_edpt_xfer
 .text.usbd_edpt_stall
                0x10004178       0x3c CMakeFiles/clock.dir/C_/Users/regue/.pico-sdk/sdk/2.2.0/lib/tinyusb/src/device/usbd.c.obj
                0x10004178                usbd_edpt_stall
 .text.usbd_edpt_clear_stall
                0x100041b4       0x3c CMakeFiles/clock.dir/C_/Users/regue/.pico-sdk/sdk/2.2.0/lib/tinyusb/src/device/usbd.c.obj
                0x100041b4                usbd_edpt_clear_stall
 .text.usbd_edpt_stalled
                0x100041f0       0x1c CMakeFiles/clock.dir/C_/Users/regue/.pico-sdk/sdk/2.2.0/lib/tinyusb/src/device/usbd.c.obj
                0x100041f0                usbd_edpt_stalled
 .text.process_control_request
                0x1000420c      0x404 CMakeFiles/clock.dir/C_/Users/regue/.pico-sdk/sdk/2.2.0/lib/tinyusb/src/device/usbd.c.obj
 .text.tud_task_ext
                0x10004610      0x250 CMakeFiles/clock.dir/C_/Users/regue/.pico-sdk/sdk/2.2.0/lib/tinyusb/src/device/usbd.c.obj
                0x10004610                tud_task_ext
 .text.status_stage_xact
                0x10004860       0x1a CMakeFiles/clock.dir/C_/Users/regue/.pico-sdk/sdk/2.2.0/lib/tinyusb/src/device/usbd_control.c.obj
 *fill*         0x1000487a        0x2 
 .text.data_stage_xact
                0x1000487c       0x5c CMakeFiles/clock.dir/C_/Users/regue/.pico-sdk/sdk/2.2.0/lib/tinyusb/src/device/usbd_control.c.obj
 .text.tud_control_status
                0x100048d8       0x28 CMakeFiles/clock.dir/C_/Users/regue/.pico-sdk/sdk/2.2.0/lib/tinyusb/src/device/usbd_control.c.obj
                0x100048d8                tud_control_status
 .text.tud_control_xfer
                0x10004900       0xac CMakeFiles/clock.dir/C_/Users/regue/.pico-sdk/sdk/2.2.0/lib/tinyusb/src/device/usbd_control.c.obj
                0x10004900                tud_control_xfer
 .text.usbd_control_reset
                0x100049ac       0x14 CMakeFiles/clock.dir/C_/Users/regue/.pico-sdk/sdk/2.2.0/lib/tinyusb/src/device/usbd_control.c.obj
                0x100049ac                usbd_control_reset
 .text.usbd_control_set_complete_callback
                0x100049c0        0xc CMakeFiles/clock.dir/C_/Users/regue/.pico-sdk/sdk/2.2.0/lib/tinyusb/src/device/usbd_control.c.obj
                0x100049c0                usbd_control_set_complete_callback
 .text.usbd_control_set_request
                0x100049cc       0x1c CMakeFiles/clock.dir/C_/Users/regue/.pico-sdk/sdk/2.2.0/lib/tinyusb/src/device/usbd_control.c.obj
                0x100049cc                usbd_control_set_request
 .text.usbd_control_xfer_cb
                0x100049e8      0x10c CMakeFiles/clock.dir/C_/Users/regue/.pico-sdk/sdk/2.2.0/lib/tinyusb/src/device/usbd_control.c.obj
                0x100049e8                usbd_control_xfer_cb
 .text._prep_out_transaction
                0x10004af4       0x94 CMakeFiles/clock.dir/C_/Users/regue/.pico-sdk/sdk/2.2.0/lib/tinyusb/src/class/cdc/cdc_device.c.obj
 .text.tud_cdc_n_connected
                0x10004b88       0x34 CMakeFiles/clock.dir/C_/Users/regue/.pico-sdk/sdk/2.2.0/lib/tinyusb/src/class/cdc/cdc_device.c.obj
                0x10004b88                tud_cdc_n_connected
 .text.tud_cdc_n_available
                0x10004bbc       0x18 CMakeFiles/clock.dir/C_/Users/regue/.pico-sdk/sdk/2.2.0/lib/tinyusb/src/class/cdc/cdc_device.c.obj
                0x10004bbc                tud_cdc_n_available
 .text.tud_cdc_n_read
                0x10004bd4       0x34 CMakeFiles/clock.dir/C_/Users/regue/.pico-sdk/sdk/2.2.0/lib/tinyusb/src/class/cdc/cdc_device.c.obj
                0x10004bd4                tud_cdc_n_read
 .text.tud_cdc_n_write_flush
                0x10004c08       0xb8 CMakeFiles/clock.dir/C_/Users/regue/.pico-sdk/sdk/2.2.0/lib/tinyusb/src/class/cdc/cdc_device.c.obj
                0x10004c08                tud_cdc_n_write_flush
 .text.tud_cdc_n_write
                0x10004cc0       0x44 CMakeFiles/clock.dir/C_/Users/regue/.pico-sdk/sdk/2.2.0/lib/tinyusb/src/class/cdc/cdc_device.c.obj
                0x10004cc0                tud_cdc_n_write
 .text.tud_cdc_n_write_available
                0x10004d04       0x1c CMakeFiles/clock.dir/C_/Users/regue/.pico-sdk/sdk/2.2.0/lib/tinyusb/src/class/cdc/cdc_device.c.obj
                0x10004d04                tud_cdc_n_write_available
 .text.cdcd_init
                0x10004d20       0xa4 CMakeFiles/clock.dir/C_/Users/regue/.pico-sdk/sdk/2.2.0/lib/tinyusb/src/class/cdc/cdc_device.c.obj
                0x10004d20                cdcd_init
 .text.cdcd_deinit
                0x10004dc4       0x40 CMakeFiles/clock.dir/C_/Users/regue/.pico-sdk/sdk/2.2.0/lib/tinyusb/src/class/cdc/cdc_device.c.obj
                0x10004dc4                cdcd_deinit
 .text.cdcd_reset
                0x10004e04       0x78 CMakeFiles/clock.dir/C_/Users/regue/.pico-sdk/sdk/2.2.0/lib/tinyusb/src/class/cdc/cdc_device.c.obj
                0x10004e04                cdcd_reset
 .text.cdcd_open
                0x10004e7c      0x124 CMakeFiles/clock.dir/C_/Users/regue/.pico-sdk/sdk/2.2.0/lib/tinyusb/src/class/cdc/cdc_device.c.obj
                0x10004e7c                cdcd_open
 .text.cdcd_control_xfer_cb
                0x10004fa0      0x120 CMakeFiles/clock.dir/C_/Users/regue/.pico-sdk/sdk/2.2.0/lib/tinyusb/src/class/cdc/cdc_device.c.obj
                0x10004fa0                cdcd_control_xfer_cb
 .text.cdcd_xfer_cb
                0x100050c0      0x138 CMakeFiles/clock.dir/C_/Users/regue/.pico-sdk/sdk/2.2.0/lib/tinyusb/src/class/cdc/cdc_device.c.obj
                0x100050c0                cdcd_xfer_cb
 .text.tud_vendor_n_mounted
                0x100051f8       0x30 CMakeFiles/clock.dir/C_/Users/regue/.pico-sdk/sdk/2.2.0/lib/tinyusb/src/class/vendor/vendor_device.c.obj
                0x100051f8                tud_vendor_n_mounted
 .text.tud_vendor_n_write_flush
                0x10005228       0x20 CMakeFiles/clock.dir/C_/Users/regue/.pico-sdk/sdk/2.2.0/lib/tinyusb/src/class/vendor/vendor_device.c.obj
                0x10005228                tud_vendor_n_write_flush
 .text.vendord_init
                0x10005248       0x90 CMakeFiles/clock.dir/C_/Users/regue/.pico-sdk/sdk/2.2.0/lib/tinyusb/src/class/vendor/vendor_device.c.obj
                0x10005248                vendord_init
 .text.vendord_deinit
                0x100052d8       0x30 CMakeFiles/clock.dir/C_/Users/regue/.pico-sdk/sdk/2.2.0/lib/tinyusb/src/class/vendor/vendor_device.c.obj
                0x100052d8                vendord_deinit
 .text.vendord_reset
                0x10005308       0x48 CMakeFiles/clock.dir/C_/Users/regue/.pico-sdk/sdk/2.2.0/lib/tinyusb/src/class/vendor/vendor_device.c.obj
                0x10005308                vendord_reset
 .text.vendord_open
                0x10005350      0x144 CMakeFiles/clock.dir/C_/Users/regue/.pico-sdk/sdk/2.2.0/lib/tinyusb/src/class/vendor/vendor_device.c.obj
                0x10005350                vendord_open
 .text.vendord_xfer_cb
                0x10005494       0xb8 CMakeFiles/clock.dir/C_/Users/regue/.pico-sdk/sdk/2.2.0/lib/tinyusb/src/class/vendor/vendor_device.c.obj
                0x10005494                vendord_xfer_cb
 .text.tusb_rhport_init
                0x1000554c       0xac CMakeFiles/clock.dir/C_/Users/regue/.pico-sdk/sdk/2.2.0/lib/tinyusb/src/tusb.c.obj
                0x1000554c                tusb_rhport_init
 .text.tu_edpt_claim
                0x100055f8       0x50 CMakeFiles/clock.dir/C_/Users/regue/.pico-sdk/sdk/2.2.0/lib/tinyusb/src/tusb.c.obj
                0x100055f8                tu_edpt_claim
 .text.tu_edpt_release
                0x10005648       0x3c CMakeFiles/clock.dir/C_/Users/regue/.pico-sdk/sdk/2.2.0/lib/tinyusb/src/tusb.c.obj
                0x10005648                tu_edpt_release
 .text.tu_edpt_validate
                0x10005684       0xe0 CMakeFiles/clock.dir/C_/Users/regue/.pico-sdk/sdk/2.2.0/lib/tinyusb/src/tusb.c.obj
                0x10005684                tu_edpt_validate
 .text.tu_edpt_bind_driver
                0x10005764       0x4a CMakeFiles/clock.dir/C_/Users/regue/.pico-sdk/sdk/2.2.0/lib/tinyusb/src/tusb.c.obj
                0x10005764                tu_edpt_bind_driver
 .text.tu_edpt_stream_init
                0x100057ae       0x54 CMakeFiles/clock.dir/C_/Users/regue/.pico-sdk/sdk/2.2.0/lib/tinyusb/src/tusb.c.obj
                0x100057ae                tu_edpt_stream_init
 .text.tu_edpt_stream_deinit
                0x10005802        0x4 CMakeFiles/clock.dir/C_/Users/regue/.pico-sdk/sdk/2.2.0/lib/tinyusb/src/tusb.c.obj
                0x10005802                tu_edpt_stream_deinit
 *fill*         0x10005806        0x2 
 .text.tu_edpt_stream_write_zlp_if_needed
                0x10005808       0x90 CMakeFiles/clock.dir/C_/Users/regue/.pico-sdk/sdk/2.2.0/lib/tinyusb/src/tusb.c.obj
                0x10005808                tu_edpt_stream_write_zlp_if_needed
 .text.tu_edpt_stream_write_xfer
                0x10005898       0x98 CMakeFiles/clock.dir/C_/Users/regue/.pico-sdk/sdk/2.2.0/lib/tinyusb/src/tusb.c.obj
                0x10005898                tu_edpt_stream_write_xfer
 .text.tu_edpt_stream_read_xfer
                0x10005930      0x118 CMakeFiles/clock.dir/C_/Users/regue/.pico-sdk/sdk/2.2.0/lib/tinyusb/src/tusb.c.obj
                0x10005930                tu_edpt_stream_read_xfer
 .text.advance_index
                0x10005a48       0x1a CMakeFiles/clock.dir/C_/Users/regue/.pico-sdk/sdk/2.2.0/lib/tinyusb/src/common/tusb_fifo.c.obj
 .text._tu_fifo_peek
                0x10005a62       0x62 CMakeFiles/clock.dir/C_/Users/regue/.pico-sdk/sdk/2.2.0/lib/tinyusb/src/common/tusb_fifo.c.obj
 .text._ff_pull_n
                0x10005ac4       0x68 CMakeFiles/clock.dir/C_/Users/regue/.pico-sdk/sdk/2.2.0/lib/tinyusb/src/common/tusb_fifo.c.obj
 .text._tu_fifo_peek_n
                0x10005b2c       0x6a CMakeFiles/clock.dir/C_/Users/regue/.pico-sdk/sdk/2.2.0/lib/tinyusb/src/common/tusb_fifo.c.obj
 .text._tu_fifo_read_n
                0x10005b96       0x4c CMakeFiles/clock.dir/C_/Users/regue/.pico-sdk/sdk/2.2.0/lib/tinyusb/src/common/tusb_fifo.c.obj
 .text._ff_push_n
                0x10005be2       0x66 CMakeFiles/clock.dir/C_/Users/regue/.pico-sdk/sdk/2.2.0/lib/tinyusb/src/common/tusb_fifo.c.obj
 .text._tu_fifo_write_n
                0x10005c48       0xf0 CMakeFiles/clock.dir/C_/Users/regue/.pico-sdk/sdk/2.2.0/lib/tinyusb/src/common/tusb_fifo.c.obj
 .text.tu_fifo_config
                0x10005d38       0x62 CMakeFiles/clock.dir/C_/Users/regue/.pico-sdk/sdk/2.2.0/lib/tinyusb/src/common/tusb_fifo.c.obj
                0x10005d38                tu_fifo_config
 .text.tu_fifo_count
                0x10005d9a       0x28 CMakeFiles/clock.dir/C_/Users/regue/.pico-sdk/sdk/2.2.0/lib/tinyusb/src/common/tusb_fifo.c.obj
                0x10005d9a                tu_fifo_count
 .text.tu_fifo_empty
                0x10005dc2       0x12 CMakeFiles/clock.dir/C_/Users/regue/.pico-sdk/sdk/2.2.0/lib/tinyusb/src/common/tusb_fifo.c.obj
                0x10005dc2                tu_fifo_empty
 .text.tu_fifo_full
                0x10005dd4       0x28 CMakeFiles/clock.dir/C_/Users/regue/.pico-sdk/sdk/2.2.0/lib/tinyusb/src/common/tusb_fifo.c.obj
                0x10005dd4                tu_fifo_full
 .text.tu_fifo_remaining
                0x10005dfc       0x2c CMakeFiles/clock.dir/C_/Users/regue/.pico-sdk/sdk/2.2.0/lib/tinyusb/src/common/tusb_fifo.c.obj
                0x10005dfc                tu_fifo_remaining
 .text.tu_fifo_read
                0x10005e28       0x3e CMakeFiles/clock.dir/C_/Users/regue/.pico-sdk/sdk/2.2.0/lib/tinyusb/src/common/tusb_fifo.c.obj
                0x10005e28                tu_fifo_read
 .text.tu_fifo_read_n
                0x10005e66        0xa CMakeFiles/clock.dir/C_/Users/regue/.pico-sdk/sdk/2.2.0/lib/tinyusb/src/common/tusb_fifo.c.obj
                0x10005e66                tu_fifo_read_n
 .text.tu_fifo_write
                0x10005e70       0x5e CMakeFiles/clock.dir/C_/Users/regue/.pico-sdk/sdk/2.2.0/lib/tinyusb/src/common/tusb_fifo.c.obj
                0x10005e70                tu_fifo_write
 .text.tu_fifo_write_n
                0x10005ece        0xa CMakeFiles/clock.dir/C_/Users/regue/.pico-sdk/sdk/2.2.0/lib/tinyusb/src/common/tusb_fifo.c.obj
                0x10005ece                tu_fifo_write_n
 .text.tu_fifo_clear
                0x10005ed8       0x36 CMakeFiles/clock.dir/C_/Users/regue/.pico-sdk/sdk/2.2.0/lib/tinyusb/src/common/tusb_fifo.c.obj
                0x10005ed8                tu_fifo_clear
 .text.tu_fifo_set_overwritable
                0x10005f0e       0x3a CMakeFiles/clock.dir/C_/Users/regue/.pico-sdk/sdk/2.2.0/lib/tinyusb/src/common/tusb_fifo.c.obj
                0x10005f0e                tu_fifo_set_overwritable
 .text.memset   0x10005f48       0x9c C:/Users/regue/.pico-sdk/toolchain/14_2_Rel1/bin/../lib/gcc/arm-none-eabi/14.2.1/thumb/v8-m.main+fp/softfp\libg.a(libc_a-memset.o)
                0x10005f48                memset
 .text          0x10005fe4       0xec C:/Users/regue/.pico-sdk/toolchain/14_2_Rel1/bin/../lib/gcc/arm-none-eabi/14.2.1/thumb/v8-m.main+fp/softfp\libg.a(libc_a-memcpy.o)
                0x10005fe4                memcpy
 .text.strlen   0x100060d0       0x5c C:/Users/regue/.pico-sdk/toolchain/14_2_Rel1/bin/../lib/gcc/arm-none-eabi/14.2.1/thumb/v8-m.main+fp/softfp\libg.a(libc_a-strlen-stub.o)
                0x100060d0                strlen
 *(.fini)
 .fini          0x1000612c        0x4 C:/Users/regue/.pico-sdk/toolchain/14_2_Rel1/bin/../lib/gcc/arm-none-eabi/14.2.1/thumb/v8-m.main+fp/softfp/crti.o
                0x1000612c                _fini
 .fini.__stub   0x10006130       0x58 linker stubs
 *crtbegin.o(.ctors)
 *crtbegin?.o(.ctors)
 *(EXCLUDE_FILE(*crtend.o *crtend?.o) .ctors)
 *(SORT_BY_NAME(.ctors.*))
 *(.ctors)
 *crtbegin.o(.dtors)
 *crtbegin?.o(.dtors)
 *(EXCLUDE_FILE(*crtend.o *crtend?.o) .dtors)
 *(SORT_BY_NAME(.dtors.*))
 *(.dtors)
                0x10006188                        . = ALIGN (0x4)
                0x10006188                        PROVIDE (__preinit_array_start = .)
 *(SORT_BY_NAME(.preinit_array.*))
 .preinit_array.00050
                0x10006188        0x4 CMakeFiles/clock.dir/C_/Users/regue/.pico-sdk/sdk/2.2.0/src/rp2_common/pico_runtime_init/runtime_init.c.obj
                0x10006188                __pre_init_runtime_init_bootrom_reset
 .preinit_array.00100
                0x1000618c        0x4 CMakeFiles/clock.dir/C_/Users/regue/.pico-sdk/sdk/2.2.0/src/rp2_common/pico_runtime_init/runtime_init.c.obj
                0x1000618c                __pre_init_runtime_init_early_resets
 .preinit_array.00101
                0x10006190        0x4 CMakeFiles/clock.dir/C_/Users/regue/.pico-sdk/sdk/2.2.0/src/rp2_common/pico_runtime_init/runtime_init.c.obj
                0x10006190                __pre_init_runtime_init_usb_power_down
 .preinit_array.00500
                0x10006194        0x4 CMakeFiles/clock.dir/C_/Users/regue/.pico-sdk/sdk/2.2.0/src/rp2_common/pico_runtime_init/runtime_init.c.obj
                0x10006194                __pre_init_runtime_init_clocks
 .preinit_array.00600
                0x10006198        0x4 CMakeFiles/clock.dir/C_/Users/regue/.pico-sdk/sdk/2.2.0/src/rp2_common/pico_runtime_init/runtime_init.c.obj
                0x10006198                __pre_init_runtime_init_post_clock_resets
 .preinit_array.01000
                0x1000619c        0x4 CMakeFiles/clock.dir/C_/Users/regue/.pico-sdk/sdk/2.2.0/src/rp2_common/hardware_boot_lock/boot_lock.c.obj
                0x1000619c                __pre_init_runtime_init_boot_locks_reset
 .preinit_array.01000
                0x100061a0        0x4 CMakeFiles/clock.dir/C_/Users/regue/.pico-sdk/sdk/2.2.0/src/rp2_common/pico_runtime_init/runtime_init.c.obj
                0x100061a0                __pre_init_runtime_init_spin_locks_reset
 .preinit_array.01010
                0x100061a4        0x4 CMakeFiles/clock.dir/C_/Users/regue/.pico-sdk/sdk/2.2.0/src/rp2_common/pico_bootrom/bootrom_lock.c.obj
                0x100061a4                __pre_init_runtime_init_bootrom_locking_enable
 .preinit_array.01100
                0x100061a8        0x4 CMakeFiles/clock.dir/C_/Users/regue/.pico-sdk/sdk/2.2.0/src/common/pico_sync/mutex.c.obj
                0x100061a8                __pre_init_runtime_init_mutex
 .preinit_array.10080
                0x100061ac        0x4 CMakeFiles/clock.dir/C_/Users/regue/.pico-sdk/sdk/2.2.0/src/rp2_common/pico_runtime_init/runtime_init.c.obj
                0x100061ac                __pre_init_runtime_init_install_ram_vector_table
 .preinit_array.11000
                0x100061b0        0x4 CMakeFiles/clock.dir/C_/Users/regue/.pico-sdk/sdk/2.2.0/src/common/pico_time/time.c.obj
                0x100061b0                __pre_init_runtime_init_default_alarm_pool
 .preinit_array.YYYYY
                0x100061b4        0x4 CMakeFiles/clock.dir/C_/Users/regue/.pico-sdk/sdk/2.2.0/src/rp2_common/pico_runtime/runtime.c.obj
                0x100061b4                __pre_init_first_per_core_initializer
 .preinit_array.ZZZZZ.00051
                0x100061b8        0x4 CMakeFiles/clock.dir/C_/Users/regue/.pico-sdk/sdk/2.2.0/src/rp2_common/pico_runtime_init/runtime_init.c.obj
                0x100061b8                __pre_init_runtime_init_per_core_bootrom_reset
 .preinit_array.ZZZZZ.00200
                0x100061bc        0x4 CMakeFiles/clock.dir/C_/Users/regue/.pico-sdk/sdk/2.2.0/src/rp2_common/pico_runtime_init/runtime_init.c.obj
                0x100061bc                __pre_init_runtime_init_per_core_enable_coprocessors
 .preinit_array.ZZZZZ.01000
                0x100061c0        0x4 CMakeFiles/clock.dir/C_/Users/regue/.pico-sdk/sdk/2.2.0/src/rp2_common/hardware_sync_spin_lock/sync_spin_lock.c.obj
                0x100061c0                __pre_init_spinlock_set_extexclall
 .preinit_array.ZZZZZ.01200
                0x100061c4        0x4 CMakeFiles/clock.dir/C_/Users/regue/.pico-sdk/sdk/2.2.0/src/rp2_common/hardware_irq/irq.c.obj
                0x100061c4                __pre_init_runtime_init_per_core_irq_priorities
 *(.preinit_array)
                0x100061c8                        PROVIDE (__preinit_array_end = .)
                0x100061c8                        . = ALIGN (0x4)
                0x100061c8                        PROVIDE (__init_array_start = .)
 *(SORT_BY_NAME(.init_array.*))
 .init_array.01000
                0x100061c8        0x4 CMakeFiles/clock.dir/C_/Users/regue/.pico-sdk/sdk/2.2.0/src/rp2_common/pico_unique_id/unique_id.c.obj
 *(.init_array)
 .init_array    0x100061cc        0x4 C:/Users/regue/.pico-sdk/toolchain/14_2_Rel1/bin/../lib/gcc/arm-none-eabi/14.2.1/thumb/v8-m.main+fp/softfp/crtbegin.o
                0x100061d0                        PROVIDE (__init_array_end = .)
                0x100061d0                        . = ALIGN (0x4)
                [!provide]                        PROVIDE (__fini_array_start = .)
 *(SORT_BY_NAME(.fini_array.*))
 *(.fini_array)
                [!provide]                        PROVIDE (__fini_array_end = .)
 *(.eh_frame*)
 .eh_frame      0x100061d0        0x0 C:/Users/regue/.pico-sdk/toolchain/14_2_Rel1/bin/../lib/gcc/arm-none-eabi/14.2.1/thumb/v8-m.main+fp/softfp/crtbegin.o
                0x100061d0                        . = ALIGN (0x4)

.glue_7         0x100061d0        0x0
 .glue_7        0x100061d0        0x0 linker stubs

.glue_7t        0x100061d0        0x0
 .glue_7t       0x100061d0        0x0 linker stubs

.vfp11_veneer   0x100061d0        0x0
 .vfp11_veneer  0x100061d0        0x0 linker stubs

.v4_bx          0x100061d0        0x0
 .v4_bx         0x100061d0        0x0 linker stubs

.iplt           0x100061d0        0x0
 .iplt          0x100061d0        0x0 C:/Users/regue/.pico-sdk/toolchain/14_2_Rel1/bin/../lib/gcc/arm-none-eabi/14.2.1/thumb/v8-m.main+fp/softfp/crtbegin.o

.boot2          0x100061d0        0x0
                0x100061d0                        __boot2_start__ = .
 *(.boot2)
                0x100061d0                        __boot2_end__ = .
                0x00000001                        ASSERT (((__boot2_end__ - __boot2_start__) <= 0x100), ERROR: Pico second stage bootloader must be no more than 256 bytes in size)

.rodata         0x100061d0      0xf0c
 *(EXCLUDE_FILE(*libm.a: *libc.a:*lib_a-mem*.o *libgcc.a:) .rodata*)
 .rodata.main.str1.4
                0x100061d0      0x963 CMakeFiles/clock.dir/clock.c.obj
                                 0xea (size before relaxing)
 .rodata.panic.str1.4
                0x10006b33       0x12 CMakeFiles/clock.dir/C_/Users/regue/.pico-sdk/sdk/2.2.0/src/rp2_common/pico_platform_panic/panic.c.obj
 .rodata.spin_lock_claim_unused.str1.4
                0x10006b33       0x1b CMakeFiles/clock.dir/C_/Users/regue/.pico-sdk/sdk/2.2.0/src/rp2_common/hardware_sync/sync.c.obj
 .rodata.resolve_j_16.str1.4
                0x10006b33       0x5d CMakeFiles/clock.dir/C_/Users/regue/.pico-sdk/sdk/2.2.0/src/rp2_common/hardware_irq/irq.c.obj
 .rodata.make_j_16.str1.4
                0x10006b33       0x30 CMakeFiles/clock.dir/C_/Users/regue/.pico-sdk/sdk/2.2.0/src/rp2_common/hardware_irq/irq.c.obj
 .rodata.irq_set_exclusive_handler.str1.4
                0x10006b33       0x36 CMakeFiles/clock.dir/C_/Users/regue/.pico-sdk/sdk/2.2.0/src/rp2_common/hardware_irq/irq.c.obj
 .rodata.irq_add_shared_handler.str1.4
                0x10006b33       0xd2 CMakeFiles/clock.dir/C_/Users/regue/.pico-sdk/sdk/2.2.0/src/rp2_common/hardware_irq/irq.c.obj
 .rodata.irq_add_tail_to_free_list.str1.4
                0x10006b33       0x3a CMakeFiles/clock.dir/C_/Users/regue/.pico-sdk/sdk/2.2.0/src/rp2_common/hardware_irq/irq.c.obj
 .rodata.user_irq_claim_unused.str1.4
                0x10006b33       0x1b CMakeFiles/clock.dir/C_/Users/regue/.pico-sdk/sdk/2.2.0/src/rp2_common/hardware_irq/irq.c.obj
 *fill*         0x10006b33        0x1 
 .rodata.__func__.0
                0x10006b34       0x1a CMakeFiles/clock.dir/C_/Users/regue/.pico-sdk/sdk/2.2.0/src/rp2_common/hardware_irq/irq.c.obj
 *fill*         0x10006b4e        0x2 
 .rodata.__func__.3
                0x10006b50        0xa CMakeFiles/clock.dir/C_/Users/regue/.pico-sdk/sdk/2.2.0/src/rp2_common/hardware_irq/irq.c.obj
 *fill*         0x10006b5a        0x2 
 .rodata.__func__.4
                0x10006b5c        0xd CMakeFiles/clock.dir/C_/Users/regue/.pico-sdk/sdk/2.2.0/src/rp2_common/hardware_irq/irq.c.obj
 *fill*         0x10006b69        0x3 
 .rodata.__func__.5
                0x10006b6c       0x17 CMakeFiles/clock.dir/C_/Users/regue/.pico-sdk/sdk/2.2.0/src/rp2_common/hardware_irq/irq.c.obj
 *fill*         0x10006b83        0x1 
 .rodata.__func__.6
                0x10006b84       0x1a CMakeFiles/clock.dir/C_/Users/regue/.pico-sdk/sdk/2.2.0/src/rp2_common/hardware_irq/irq.c.obj
 .rodata.runtime_init_mutex.str1.4
                0x10006b9e       0x60 CMakeFiles/clock.dir/C_/Users/regue/.pico-sdk/sdk/2.2.0/src/common/pico_sync/mutex.c.obj
 .rodata.str1.4
                0x10006b9e       0x51 CMakeFiles/clock.dir/C_/Users/regue/.pico-sdk/sdk/2.2.0/src/common/pico_sync/mutex.c.obj
 *fill*         0x10006b9e        0x2 
 .rodata.__func__.1
                0x10006ba0        0xb CMakeFiles/clock.dir/C_/Users/regue/.pico-sdk/sdk/2.2.0/src/common/pico_sync/mutex.c.obj
 *fill*         0x10006bab        0x1 
 .rodata.__func__.3
                0x10006bac       0x18 CMakeFiles/clock.dir/C_/Users/regue/.pico-sdk/sdk/2.2.0/src/common/pico_sync/mutex.c.obj
 .rodata.__func__.6
                0x10006bc4       0x13 CMakeFiles/clock.dir/C_/Users/regue/.pico-sdk/sdk/2.2.0/src/common/pico_sync/mutex.c.obj
 .rodata.alarm_pool_irq_handler.str1.4
                0x10006bd7       0x6b CMakeFiles/clock.dir/C_/Users/regue/.pico-sdk/sdk/2.2.0/src/common/pico_time/time.c.obj
 .rodata.alarm_pool_get_default.str1.4
                0x10006bd7       0x21 CMakeFiles/clock.dir/C_/Users/regue/.pico-sdk/sdk/2.2.0/src/common/pico_time/time.c.obj
 .rodata.sleep_until.str1.4
                0x10006bd7       0x4d CMakeFiles/clock.dir/C_/Users/regue/.pico-sdk/sdk/2.2.0/src/common/pico_time/time.c.obj
 *fill*         0x10006bd7        0x1 
 .rodata.__func__.1
                0x10006bd8       0x17 CMakeFiles/clock.dir/C_/Users/regue/.pico-sdk/sdk/2.2.0/src/common/pico_time/time.c.obj
 *fill*         0x10006bef        0x1 
 .rodata.__func__.2
                0x10006bf0       0x17 CMakeFiles/clock.dir/C_/Users/regue/.pico-sdk/sdk/2.2.0/src/common/pico_time/time.c.obj
 .rodata.timer_hardware_alarm_claim.str1.4
                0x10006c07       0x22 CMakeFiles/clock.dir/C_/Users/regue/.pico-sdk/sdk/2.2.0/src/rp2_common/hardware_timer/timer.c.obj
 .rodata.pll_init.str1.4
                0x10006c07      0x11c CMakeFiles/clock.dir/C_/Users/regue/.pico-sdk/sdk/2.2.0/src/rp2_common/hardware_pll/pll.c.obj
 *fill*         0x10006c07        0x1 
 .rodata.__func__.0
                0x10006c08        0x9 CMakeFiles/clock.dir/C_/Users/regue/.pico-sdk/sdk/2.2.0/src/rp2_common/hardware_pll/pll.c.obj
 .rodata.str1.4
                0x10006c11       0x40 CMakeFiles/clock.dir/C_/Users/regue/.pico-sdk/sdk/2.2.0/src/rp2_common/pico_standard_binary_info/standard_binary_info.c.obj
 *fill*         0x10006c11        0x3 
 .rodata.__bi_84
                0x10006c14        0xc CMakeFiles/clock.dir/C_/Users/regue/.pico-sdk/sdk/2.2.0/src/rp2_common/pico_standard_binary_info/standard_binary_info.c.obj
 .rodata.__bi_78
                0x10006c20        0xc CMakeFiles/clock.dir/C_/Users/regue/.pico-sdk/sdk/2.2.0/src/rp2_common/pico_standard_binary_info/standard_binary_info.c.obj
 .rodata.__bi_60
                0x10006c2c        0xc CMakeFiles/clock.dir/C_/Users/regue/.pico-sdk/sdk/2.2.0/src/rp2_common/pico_standard_binary_info/standard_binary_info.c.obj
 .rodata.__bi_54
                0x10006c38        0xc CMakeFiles/clock.dir/C_/Users/regue/.pico-sdk/sdk/2.2.0/src/rp2_common/pico_standard_binary_info/standard_binary_info.c.obj
 .rodata.__bi_48
                0x10006c44        0xc CMakeFiles/clock.dir/C_/Users/regue/.pico-sdk/sdk/2.2.0/src/rp2_common/pico_standard_binary_info/standard_binary_info.c.obj
 .rodata.__bi_42
                0x10006c50        0xc CMakeFiles/clock.dir/C_/Users/regue/.pico-sdk/sdk/2.2.0/src/rp2_common/pico_standard_binary_info/standard_binary_info.c.obj
 .rodata.__bi_34
                0x10006c5c        0xc CMakeFiles/clock.dir/C_/Users/regue/.pico-sdk/sdk/2.2.0/src/rp2_common/pico_standard_binary_info/standard_binary_info.c.obj
 .rodata.__bi_26
                0x10006c68        0xc CMakeFiles/clock.dir/C_/Users/regue/.pico-sdk/sdk/2.2.0/src/rp2_common/pico_standard_binary_info/standard_binary_info.c.obj
 .rodata._ftoa.str1.4
                0x10006c74       0x15 CMakeFiles/clock.dir/C_/Users/regue/.pico-sdk/sdk/2.2.0/src/rp2_common/pico_printf/printf.c.obj
 *fill*         0x10006c74        0x4 
 .rodata.pow10.0
                0x10006c78       0x50 CMakeFiles/clock.dir/C_/Users/regue/.pico-sdk/sdk/2.2.0/src/rp2_common/pico_printf/printf.c.obj
 .rodata.__assert_func.str1.4
                0x10006cc8       0x43 CMakeFiles/clock.dir/C_/Users/regue/.pico-sdk/sdk/2.2.0/src/rp2_common/pico_clib_interface/newlib_interface.c.obj
 .rodata.crlf_str.0
                0x10006cc8        0x2 CMakeFiles/clock.dir/C_/Users/regue/.pico-sdk/sdk/2.2.0/src/rp2_common/pico_stdio/stdio.c.obj
 *fill*         0x10006cca        0x2 
 .rodata._resetd_driver
                0x10006ccc       0x20 CMakeFiles/clock.dir/C_/Users/regue/.pico-sdk/sdk/2.2.0/src/rp2_common/pico_stdio_usb/reset_interface.c.obj
 .rodata.desc_ms_os_20
                0x10006cec       0xa6 CMakeFiles/clock.dir/C_/Users/regue/.pico-sdk/sdk/2.2.0/src/rp2_common/pico_stdio_usb/reset_interface.c.obj
 *fill*         0x10006d92        0x2 
 .rodata.desc_bos
                0x10006d94       0x21 CMakeFiles/clock.dir/C_/Users/regue/.pico-sdk/sdk/2.2.0/src/rp2_common/pico_stdio_usb/reset_interface.c.obj
                0x10006d94                desc_bos
 .rodata.stdio_usb_init.str1.4
                0x10006db5       0x55 CMakeFiles/clock.dir/C_/Users/regue/.pico-sdk/sdk/2.2.0/src/rp2_common/pico_stdio_usb/stdio_usb.c.obj
 .rodata.str1.4
                0x10006db5       0x13 CMakeFiles/clock.dir/C_/Users/regue/.pico-sdk/sdk/2.2.0/src/rp2_common/pico_stdio_usb/stdio_usb.c.obj
 *fill*         0x10006db5        0x3 
 .rodata.__bi_202.1
                0x10006db8        0xc CMakeFiles/clock.dir/C_/Users/regue/.pico-sdk/sdk/2.2.0/src/rp2_common/pico_stdio_usb/stdio_usb.c.obj
 .rodata.__func__.2
                0x10006dc4        0xf CMakeFiles/clock.dir/C_/Users/regue/.pico-sdk/sdk/2.2.0/src/rp2_common/pico_stdio_usb/stdio_usb.c.obj
 .rodata.str1.4
                0x10006dd3       0x2a CMakeFiles/clock.dir/C_/Users/regue/.pico-sdk/sdk/2.2.0/src/rp2_common/pico_stdio_usb/stdio_usb_descriptors.c.obj
 *fill*         0x10006dd3        0x1 
 .rodata.usbd_desc_str
                0x10006dd4       0x18 CMakeFiles/clock.dir/C_/Users/regue/.pico-sdk/sdk/2.2.0/src/rp2_common/pico_stdio_usb/stdio_usb_descriptors.c.obj
 .rodata.usbd_desc_cfg
                0x10006dec       0x54 CMakeFiles/clock.dir/C_/Users/regue/.pico-sdk/sdk/2.2.0/src/rp2_common/pico_stdio_usb/stdio_usb_descriptors.c.obj
 .rodata.usbd_desc_device
                0x10006e40       0x12 CMakeFiles/clock.dir/C_/Users/regue/.pico-sdk/sdk/2.2.0/src/rp2_common/pico_stdio_usb/stdio_usb_descriptors.c.obj
 .rodata._retrieve_unique_id_on_boot.str1.4
                0x10006e52       0x55 CMakeFiles/clock.dir/C_/Users/regue/.pico-sdk/sdk/2.2.0/src/rp2_common/pico_unique_id/unique_id.c.obj
 .rodata.pico_get_unique_board_id_string.str1.4
                0x10006e52        0x8 CMakeFiles/clock.dir/C_/Users/regue/.pico-sdk/sdk/2.2.0/src/rp2_common/pico_unique_id/unique_id.c.obj
 *fill*         0x10006e52        0x2 
 .rodata.__func__.0
                0x10006e54       0x20 CMakeFiles/clock.dir/C_/Users/regue/.pico-sdk/sdk/2.2.0/src/rp2_common/pico_unique_id/unique_id.c.obj
 .rodata.__func__.1
                0x10006e74       0x1c CMakeFiles/clock.dir/C_/Users/regue/.pico-sdk/sdk/2.2.0/src/rp2_common/pico_unique_id/unique_id.c.obj
 .rodata.hw_endpoint_alloc.str1.4
                0x10006e90       0xa0 CMakeFiles/clock.dir/C_/Users/regue/.pico-sdk/sdk/2.2.0/lib/tinyusb/src/portable/raspberrypi/rp2040/dcd_rp2040.c.obj
 .rodata.str1.4
                0x10006e90       0x14 CMakeFiles/clock.dir/C_/Users/regue/.pico-sdk/sdk/2.2.0/lib/tinyusb/src/portable/raspberrypi/rp2040/dcd_rp2040.c.obj
 .rodata.dcd_int_enable.str1.4
                0x10006e90        0xc CMakeFiles/clock.dir/C_/Users/regue/.pico-sdk/sdk/2.2.0/lib/tinyusb/src/portable/raspberrypi/rp2040/dcd_rp2040.c.obj
 .rodata.__func__.0
                0x10006e90        0xe CMakeFiles/clock.dir/C_/Users/regue/.pico-sdk/sdk/2.2.0/lib/tinyusb/src/portable/raspberrypi/rp2040/dcd_rp2040.c.obj
 *fill*         0x10006e9e        0x2 
 .rodata.__func__.3
                0x10006ea0       0x10 CMakeFiles/clock.dir/C_/Users/regue/.pico-sdk/sdk/2.2.0/lib/tinyusb/src/portable/raspberrypi/rp2040/dcd_rp2040.c.obj
 .rodata.__func__.5
                0x10006eb0        0xf CMakeFiles/clock.dir/C_/Users/regue/.pico-sdk/sdk/2.2.0/lib/tinyusb/src/portable/raspberrypi/rp2040/dcd_rp2040.c.obj
 *fill*         0x10006ebf        0x1 
 .rodata.__func__.6
                0x10006ec0       0x12 CMakeFiles/clock.dir/C_/Users/regue/.pico-sdk/sdk/2.2.0/lib/tinyusb/src/portable/raspberrypi/rp2040/dcd_rp2040.c.obj
 *fill*         0x10006ed2        0x2 
 .rodata.__func__.7
                0x10006ed4        0x9 CMakeFiles/clock.dir/C_/Users/regue/.pico-sdk/sdk/2.2.0/lib/tinyusb/src/portable/raspberrypi/rp2040/dcd_rp2040.c.obj
 .rodata.str1.4
                0x10006edd       0xe4 CMakeFiles/clock.dir/C_/Users/regue/.pico-sdk/sdk/2.2.0/lib/tinyusb/src/portable/raspberrypi/rp2040/rp2040_usb.c.obj
 .rodata.hw_endpoint_xfer_start.str1.4
                0x10006edd       0x38 CMakeFiles/clock.dir/C_/Users/regue/.pico-sdk/sdk/2.2.0/lib/tinyusb/src/portable/raspberrypi/rp2040/rp2040_usb.c.obj
 *fill*         0x10006edd        0x3 
 .rodata.__func__.0
                0x10006ee0        0xf CMakeFiles/clock.dir/C_/Users/regue/.pico-sdk/sdk/2.2.0/lib/tinyusb/src/portable/raspberrypi/rp2040/rp2040_usb.c.obj
 .rodata.configuration_reset.str1.4
                0x10006eef       0x17 CMakeFiles/clock.dir/C_/Users/regue/.pico-sdk/sdk/2.2.0/lib/tinyusb/src/device/usbd.c.obj
 *fill*         0x10006eef        0x1 
 .rodata.__func__.3
                0x10006ef0        0xf CMakeFiles/clock.dir/C_/Users/regue/.pico-sdk/sdk/2.2.0/lib/tinyusb/src/device/usbd.c.obj
 *fill*         0x10006eff        0x1 
 .rodata.__func__.4
                0x10006f00        0xf CMakeFiles/clock.dir/C_/Users/regue/.pico-sdk/sdk/2.2.0/lib/tinyusb/src/device/usbd.c.obj
 *fill*         0x10006f0f        0x1 
 .rodata.__func__.5
                0x10006f10       0x14 CMakeFiles/clock.dir/C_/Users/regue/.pico-sdk/sdk/2.2.0/lib/tinyusb/src/device/usbd.c.obj
 .rodata.__func__.6
                0x10006f24        0xc CMakeFiles/clock.dir/C_/Users/regue/.pico-sdk/sdk/2.2.0/lib/tinyusb/src/device/usbd.c.obj
 .rodata.__func__.7
                0x10006f30       0x17 CMakeFiles/clock.dir/C_/Users/regue/.pico-sdk/sdk/2.2.0/lib/tinyusb/src/device/usbd.c.obj
 *fill*         0x10006f47        0x1 
 .rodata.__func__.8
                0x10006f48       0x13 CMakeFiles/clock.dir/C_/Users/regue/.pico-sdk/sdk/2.2.0/lib/tinyusb/src/device/usbd.c.obj
 *fill*         0x10006f5b        0x1 
 .rodata.__func__.9
                0x10006f5c       0x18 CMakeFiles/clock.dir/C_/Users/regue/.pico-sdk/sdk/2.2.0/lib/tinyusb/src/device/usbd.c.obj
 .rodata.__func__.10
                0x10006f74       0x14 CMakeFiles/clock.dir/C_/Users/regue/.pico-sdk/sdk/2.2.0/lib/tinyusb/src/device/usbd.c.obj
 .rodata.__func__.11
                0x10006f88        0xd CMakeFiles/clock.dir/C_/Users/regue/.pico-sdk/sdk/2.2.0/lib/tinyusb/src/device/usbd.c.obj
 *fill*         0x10006f95        0x3 
 .rodata.__func__.12
                0x10006f98       0x10 CMakeFiles/clock.dir/C_/Users/regue/.pico-sdk/sdk/2.2.0/lib/tinyusb/src/device/usbd.c.obj
 .rodata._usbd_driver
                0x10006fa8       0x40 CMakeFiles/clock.dir/C_/Users/regue/.pico-sdk/sdk/2.2.0/lib/tinyusb/src/device/usbd.c.obj
 .rodata.tud_control_xfer.str1.4
                0x10006fe8       0x17 CMakeFiles/clock.dir/C_/Users/regue/.pico-sdk/sdk/2.2.0/lib/tinyusb/src/device/usbd_control.c.obj
 .rodata.__func__.0
                0x10006fe8       0x15 CMakeFiles/clock.dir/C_/Users/regue/.pico-sdk/sdk/2.2.0/lib/tinyusb/src/device/usbd_control.c.obj
 *fill*         0x10006ffd        0x3 
 .rodata.__func__.1
                0x10007000       0x11 CMakeFiles/clock.dir/C_/Users/regue/.pico-sdk/sdk/2.2.0/lib/tinyusb/src/device/usbd_control.c.obj
 .rodata.tud_cdc_n_write_flush.str1.4
                0x10007011       0x17 CMakeFiles/clock.dir/C_/Users/regue/.pico-sdk/sdk/2.2.0/lib/tinyusb/src/class/cdc/cdc_device.c.obj
 *fill*         0x10007011        0x3 
 .rodata.__func__.0
                0x10007014        0xd CMakeFiles/clock.dir/C_/Users/regue/.pico-sdk/sdk/2.2.0/lib/tinyusb/src/class/cdc/cdc_device.c.obj
 *fill*         0x10007021        0x3 
 .rodata.__func__.1
                0x10007024        0xa CMakeFiles/clock.dir/C_/Users/regue/.pico-sdk/sdk/2.2.0/lib/tinyusb/src/class/cdc/cdc_device.c.obj
 *fill*         0x1000702e        0x2 
 .rodata.__func__.3
                0x10007030       0x16 CMakeFiles/clock.dir/C_/Users/regue/.pico-sdk/sdk/2.2.0/lib/tinyusb/src/class/cdc/cdc_device.c.obj
 .rodata.vendord_open.str1.4
                0x10007046       0x17 CMakeFiles/clock.dir/C_/Users/regue/.pico-sdk/sdk/2.2.0/lib/tinyusb/src/class/vendor/vendor_device.c.obj
 *fill*         0x10007046        0x2 
 .rodata.__func__.0
                0x10007048        0xd CMakeFiles/clock.dir/C_/Users/regue/.pico-sdk/sdk/2.2.0/lib/tinyusb/src/class/vendor/vendor_device.c.obj
 .rodata.tusb_rhport_init.str1.4
                0x10007055       0x17 CMakeFiles/clock.dir/C_/Users/regue/.pico-sdk/sdk/2.2.0/lib/tinyusb/src/tusb.c.obj
 *fill*         0x10007055        0x3 
 .rodata.__func__.0
                0x10007058       0x19 CMakeFiles/clock.dir/C_/Users/regue/.pico-sdk/sdk/2.2.0/lib/tinyusb/src/tusb.c.obj
 *fill*         0x10007071        0x3 
 .rodata.__func__.2
                0x10007074       0x1a CMakeFiles/clock.dir/C_/Users/regue/.pico-sdk/sdk/2.2.0/lib/tinyusb/src/tusb.c.obj
 *fill*         0x1000708e        0x2 
 .rodata.__func__.3
                0x10007090       0x23 CMakeFiles/clock.dir/C_/Users/regue/.pico-sdk/sdk/2.2.0/lib/tinyusb/src/tusb.c.obj
 *fill*         0x100070b3        0x1 
 .rodata.__func__.4
                0x100070b4       0x11 CMakeFiles/clock.dir/C_/Users/regue/.pico-sdk/sdk/2.2.0/lib/tinyusb/src/tusb.c.obj
 *fill*         0x100070c5        0x3 
 .rodata.__func__.5
                0x100070c8       0x11 CMakeFiles/clock.dir/C_/Users/regue/.pico-sdk/sdk/2.2.0/lib/tinyusb/src/tusb.c.obj
 *(.srodata*)
                0x100070dc                        . = ALIGN (0x4)
 *fill*         0x100070d9        0x3 
 *(SORT_BY_ALIGNMENT(SORT_BY_NAME(.flashdata*)))
                0x100070dc                        . = ALIGN (0x4)

.ARM.extab
 *(.ARM.extab* .gnu.linkonce.armextab.*)
                0x100070dc                        __exidx_start = .

.ARM.exidx      0x100070dc        0x8
 *(.ARM.exidx* .gnu.linkonce.armexidx.*)
 .ARM.exidx     0x100070dc        0x8 C:/Users/regue/.pico-sdk/toolchain/14_2_Rel1/bin/../lib/gcc/arm-none-eabi/14.2.1/thumb/v8-m.main+fp/softfp\libg.a(libc_a-memcpy.o)
 .ARM.exidx.text.__udivmoddi4
                0x100070e4        0x0 C:/Users/regue/.pico-sdk/toolchain/14_2_Rel1/bin/../lib/gcc/arm-none-eabi/14.2.1/thumb/v8-m.main+fp/softfp\libgcc.a(_udivmoddi4.o)
                                  0x8 (size before relaxing)
                0x100070e4                        __exidx_end = .
                0x100070e4                        . = ALIGN (0x4)
                0x100070e4                        __binary_info_start = .

.binary_info    0x100070e4       0x24
 *(.binary_info.keep.*)
 .binary_info.keep.__bi_ptr84
                0x100070e4        0x4 CMakeFiles/clock.dir/C_/Users/regue/.pico-sdk/sdk/2.2.0/src/rp2_common/pico_standard_binary_info/standard_binary_info.c.obj
 .binary_info.keep.__bi_ptr78
                0x100070e8        0x4 CMakeFiles/clock.dir/C_/Users/regue/.pico-sdk/sdk/2.2.0/src/rp2_common/pico_standard_binary_info/standard_binary_info.c.obj
 .binary_info.keep.__bi_ptr60
                0x100070ec        0x4 CMakeFiles/clock.dir/C_/Users/regue/.pico-sdk/sdk/2.2.0/src/rp2_common/pico_standard_binary_info/standard_binary_info.c.obj
 .binary_info.keep.__bi_ptr54
                0x100070f0        0x4 CMakeFiles/clock.dir/C_/Users/regue/.pico-sdk/sdk/2.2.0/src/rp2_common/pico_standard_binary_info/standard_binary_info.c.obj
 .binary_info.keep.__bi_ptr48
                0x100070f4        0x4 CMakeFiles/clock.dir/C_/Users/regue/.pico-sdk/sdk/2.2.0/src/rp2_common/pico_standard_binary_info/standard_binary_info.c.obj
 .binary_info.keep.__bi_ptr42
                0x100070f8        0x4 CMakeFiles/clock.dir/C_/Users/regue/.pico-sdk/sdk/2.2.0/src/rp2_common/pico_standard_binary_info/standard_binary_info.c.obj
 .binary_info.keep.__bi_ptr34
                0x100070fc        0x4 CMakeFiles/clock.dir/C_/Users/regue/.pico-sdk/sdk/2.2.0/src/rp2_common/pico_standard_binary_info/standard_binary_info.c.obj
 .binary_info.keep.__bi_ptr26
                0x10007100        0x4 CMakeFiles/clock.dir/C_/Users/regue/.pico-sdk/sdk/2.2.0/src/rp2_common/pico_standard_binary_info/standard_binary_info.c.obj
 *(.binary_info.*)
 .binary_info.__bi_ptr202
                0x10007104        0x4 CMakeFiles/clock.dir/C_/Users/regue/.pico-sdk/sdk/2.2.0/src/rp2_common/pico_stdio_usb/stdio_usb.c.obj
                0x10007108                        __binary_info_end = .
                0x10007108                        . = ALIGN (0x4)

.ram_vector_table
                0x20000000      0x110
 *(.ram_vector_table)
 .ram_vector_table
                0x20000000      0x110 CMakeFiles/clock.dir/C_/Users/regue/.pico-sdk/sdk/2.2.0/src/rp2_common/pico_runtime_init/runtime_init.c.obj
                0x20000000                ram_vector_table

.uninitialized_data
                0x20000110        0x0
                0x20000110                        . = ALIGN (0x4)
 *(.uninitialized_data*)

.data           0x20000110      0xdac load address 0x10007108
                0x20000110                        __data_start__ = .
 *(vtable)
 *(.time_critical*)
 .time_critical.mutex_try_enter
                0x20000110       0x58 CMakeFiles/clock.dir/C_/Users/regue/.pico-sdk/sdk/2.2.0/src/common/pico_sync/mutex.c.obj
                0x20000110                mutex_try_enter
 .time_critical.mutex_enter_block_until
                0x20000168       0x84 CMakeFiles/clock.dir/C_/Users/regue/.pico-sdk/sdk/2.2.0/src/common/pico_sync/mutex.c.obj
                0x20000168                mutex_enter_block_until
 .time_critical.mutex_try_enter_block_until
                0x200001ec       0x32 CMakeFiles/clock.dir/C_/Users/regue/.pico-sdk/sdk/2.2.0/src/common/pico_sync/mutex.c.obj
                0x200001ec                mutex_try_enter_block_until
 .time_critical.mutex_enter_timeout_ms
                0x2000021e       0x52 CMakeFiles/clock.dir/C_/Users/regue/.pico-sdk/sdk/2.2.0/src/common/pico_sync/mutex.c.obj
                0x2000021e                mutex_enter_timeout_ms
 .time_critical.mutex_exit
                0x20000270       0x58 CMakeFiles/clock.dir/C_/Users/regue/.pico-sdk/sdk/2.2.0/src/common/pico_sync/mutex.c.obj
                0x20000270                mutex_exit
 .time_critical.reset_non_control_endpoints
                0x200002c8       0x40 CMakeFiles/clock.dir/C_/Users/regue/.pico-sdk/sdk/2.2.0/lib/tinyusb/src/portable/raspberrypi/rp2040/dcd_rp2040.c.obj
 .time_critical.hw_handle_buff_status
                0x20000308       0x90 CMakeFiles/clock.dir/C_/Users/regue/.pico-sdk/sdk/2.2.0/lib/tinyusb/src/portable/raspberrypi/rp2040/dcd_rp2040.c.obj
 .time_critical.dcd_rp2040_irq
                0x20000398      0x1fc CMakeFiles/clock.dir/C_/Users/regue/.pico-sdk/sdk/2.2.0/lib/tinyusb/src/portable/raspberrypi/rp2040/dcd_rp2040.c.obj
 .time_critical.prepare_ep_buffer
                0x20000594       0x5a CMakeFiles/clock.dir/C_/Users/regue/.pico-sdk/sdk/2.2.0/lib/tinyusb/src/portable/raspberrypi/rp2040/rp2040_usb.c.obj
 *fill*         0x200005ee        0x2 
 .time_critical.e15_is_bulkin_ep
                0x200005f0       0x2c CMakeFiles/clock.dir/C_/Users/regue/.pico-sdk/sdk/2.2.0/lib/tinyusb/src/portable/raspberrypi/rp2040/rp2040_usb.c.obj
 .time_critical.e15_is_critical_frame_period
                0x2000061c       0x28 CMakeFiles/clock.dir/C_/Users/regue/.pico-sdk/sdk/2.2.0/lib/tinyusb/src/portable/raspberrypi/rp2040/rp2040_usb.c.obj
 .time_critical.sync_ep_buffer
                0x20000644       0x7c CMakeFiles/clock.dir/C_/Users/regue/.pico-sdk/sdk/2.2.0/lib/tinyusb/src/portable/raspberrypi/rp2040/rp2040_usb.c.obj
 .time_critical._hw_endpoint_xfer_sync
                0x200006c0       0x2a CMakeFiles/clock.dir/C_/Users/regue/.pico-sdk/sdk/2.2.0/lib/tinyusb/src/portable/raspberrypi/rp2040/rp2040_usb.c.obj
 .time_critical.hw_endpoint_reset_transfer
                0x200006ea        0xc CMakeFiles/clock.dir/C_/Users/regue/.pico-sdk/sdk/2.2.0/lib/tinyusb/src/portable/raspberrypi/rp2040/rp2040_usb.c.obj
                0x200006ea                hw_endpoint_reset_transfer
 *fill*         0x200006f6        0x2 
 .time_critical._hw_endpoint_buffer_control_update32
                0x200006f8       0x4c CMakeFiles/clock.dir/C_/Users/regue/.pico-sdk/sdk/2.2.0/lib/tinyusb/src/portable/raspberrypi/rp2040/rp2040_usb.c.obj
                0x200006f8                _hw_endpoint_buffer_control_update32
 .time_critical.hw_endpoint_start_next_buffer
                0x20000744       0x70 CMakeFiles/clock.dir/C_/Users/regue/.pico-sdk/sdk/2.2.0/lib/tinyusb/src/portable/raspberrypi/rp2040/rp2040_usb.c.obj
                0x20000744                hw_endpoint_start_next_buffer
 .time_critical.hw_endpoint_xfer_continue
                0x200007b4       0x3c CMakeFiles/clock.dir/C_/Users/regue/.pico-sdk/sdk/2.2.0/lib/tinyusb/src/portable/raspberrypi/rp2040/rp2040_usb.c.obj
                0x200007b4                hw_endpoint_xfer_continue
 .time_critical.tinyusb
                0x200007f0      0x25c CMakeFiles/clock.dir/C_/Users/regue/.pico-sdk/sdk/2.2.0/lib/tinyusb/src/device/usbd.c.obj
                0x200007f0                dcd_event_handler
 *(.text*)
 .text          0x20000a4c       0x30 C:/Users/regue/.pico-sdk/toolchain/14_2_Rel1/bin/../lib/gcc/arm-none-eabi/14.2.1/thumb/v8-m.main+fp/softfp\libgcc.a(_aeabi_uldivmod.o)
                0x20000a4c                __aeabi_uldivmod
 .text.__udivmoddi4
                0x20000a7c      0x34c C:/Users/regue/.pico-sdk/toolchain/14_2_Rel1/bin/../lib/gcc/arm-none-eabi/14.2.1/thumb/v8-m.main+fp/softfp\libgcc.a(_udivmoddi4.o)
                0x20000a7c                __udivmoddi4
 .text          0x20000dc8        0x4 C:/Users/regue/.pico-sdk/toolchain/14_2_Rel1/bin/../lib/gcc/arm-none-eabi/14.2.1/thumb/v8-m.main+fp/softfp\libgcc.a(_dvmd_tls.o)
                0x20000dc8                __aeabi_idiv0
                0x20000dc8                __aeabi_ldiv0
 *fill*         0x20000dcc        0x4 
 .text.__stub   0x20000dd0       0x48 linker stubs
                0x20000e18                        . = ALIGN (0x4)
 *(.rodata*)
                0x20000e18                        . = ALIGN (0x4)
 *(.data*)
 .data.striped_spin_lock_num
                0x20000e18        0x1 CMakeFiles/clock.dir/C_/Users/regue/.pico-sdk/sdk/2.2.0/src/rp2_common/hardware_sync/sync.c.obj
 *fill*         0x20000e19        0x3 
 .data          0x20000e1c       0x48 CMakeFiles/clock.dir/C_/Users/regue/.pico-sdk/sdk/2.2.0/src/rp2_common/hardware_irq/irq_handler_chain.S.obj
                0x20000e1c                irq_handler_chain_slots
                0x20000e4c                irq_handler_chain_first_slot
                0x20000e56                irq_handler_chain_remove_tail
 .data.default_alarm_pool
                0x20000e64       0x18 CMakeFiles/clock.dir/C_/Users/regue/.pico-sdk/sdk/2.2.0/src/common/pico_time/time.c.obj
 .data.stdio_usb
                0x20000e7c       0x18 CMakeFiles/clock.dir/C_/Users/regue/.pico-sdk/sdk/2.2.0/src/rp2_common/pico_stdio_usb/stdio_usb.c.obj
                0x20000e7c                stdio_usb
 .data._usbd_qdef
                0x20000e94       0x1c CMakeFiles/clock.dir/C_/Users/regue/.pico-sdk/sdk/2.2.0/lib/tinyusb/src/device/usbd.c.obj
                0x20000e94                _usbd_qdef
 .data._usbd_rhport
                0x20000eb0        0x1 CMakeFiles/clock.dir/C_/Users/regue/.pico-sdk/sdk/2.2.0/lib/tinyusb/src/device/usbd.c.obj
 *(.sdata*)
                0x20000eb4                        . = ALIGN (0x4)
 *fill*         0x20000eb1        0x3 
 *(.after_data.*)
                0x20000eb4                        . = ALIGN (0x4)
                0x20000eb4                        PROVIDE (__mutex_array_start = .)
 *(SORT_BY_NAME(.mutex_array.*))
 *(.mutex_array)
 .mutex_array   0x20000eb4        0x8 CMakeFiles/clock.dir/C_/Users/regue/.pico-sdk/sdk/2.2.0/src/rp2_common/pico_stdio/stdio.c.obj
                0x20000ebc                        PROVIDE (__mutex_array_end = .)
 *(.jcr)
                0x20000ebc                        . = ALIGN (0x4)

.tm_clone_table
                0x20000ebc        0x0 load address 0x10007eb4
 .tm_clone_table